Archive member included to satisfy reference by file (symbol)

c:/program files (x86)/atollic/truestudio for stm32 9.2.0/armtools/bin/../lib/gcc/arm-atollic-eabi/6.3.1/../../../../arm-atollic-eabi/lib/armv7e-m/fpu\libc_nano.a(lib_a-init.o)
                              startup\startup_stm32f446xx.o (__libc_init_array)
c:/program files (x86)/atollic/truestudio for stm32 9.2.0/armtools/bin/../lib/gcc/arm-atollic-eabi/6.3.1/../../../../arm-atollic-eabi/lib/armv7e-m/fpu\libc_nano.a(lib_a-memset.o)
                              Src\main.o (memset)
c:/program files (x86)/atollic/truestudio for stm32 9.2.0/armtools/bin/../lib/gcc/arm-atollic-eabi/6.3.1/armv7e-m/fpu\libgcc.a(_arm_addsubdf3.o)
                              Src\Satellite.o (__aeabi_dsub)
c:/program files (x86)/atollic/truestudio for stm32 9.2.0/armtools/bin/../lib/gcc/arm-atollic-eabi/6.3.1/armv7e-m/fpu\libgcc.a(_arm_muldivdf3.o)
                              Src\Satellite.o (__aeabi_dmul)
c:/program files (x86)/atollic/truestudio for stm32 9.2.0/armtools/bin/../lib/gcc/arm-atollic-eabi/6.3.1/armv7e-m/fpu\libgcc.a(_arm_cmpdf2.o)
                              Src\Satellite.o (__aeabi_dcmplt)
c:/program files (x86)/atollic/truestudio for stm32 9.2.0/armtools/bin/../lib/gcc/arm-atollic-eabi/6.3.1/armv7e-m/fpu\libgcc.a(_arm_fixdfsi.o)
                              Src\Satellite.o (__aeabi_d2iz)
c:/program files (x86)/atollic/truestudio for stm32 9.2.0/armtools/bin/../lib/gcc/arm-atollic-eabi/6.3.1/armv7e-m/fpu\libgcc.a(_aeabi_uldivmod.o)
                              Drivers\STM32F4xx_HAL_Driver\Src\stm32f4xx_hal_rcc.o (__aeabi_uldivmod)
c:/program files (x86)/atollic/truestudio for stm32 9.2.0/armtools/bin/../lib/gcc/arm-atollic-eabi/6.3.1/armv7e-m/fpu\libgcc.a(_udivmoddi4.o)
                              c:/program files (x86)/atollic/truestudio for stm32 9.2.0/armtools/bin/../lib/gcc/arm-atollic-eabi/6.3.1/armv7e-m/fpu\libgcc.a(_aeabi_uldivmod.o) (__udivmoddi4)
c:/program files (x86)/atollic/truestudio for stm32 9.2.0/armtools/bin/../lib/gcc/arm-atollic-eabi/6.3.1/armv7e-m/fpu\libgcc.a(_dvmd_tls.o)
                              c:/program files (x86)/atollic/truestudio for stm32 9.2.0/armtools/bin/../lib/gcc/arm-atollic-eabi/6.3.1/armv7e-m/fpu\libgcc.a(_aeabi_uldivmod.o) (__aeabi_ldiv0)

Allocating common symbols
Common symbol       size              file

retSD               0x1               Src\fatfs.o
hi2c1               0x54              Src\main.o
uwTick              0x4               Drivers\STM32F4xx_HAL_Driver\Src\stm32f4xx_hal.o
pFlash              0x20              Drivers\STM32F4xx_HAL_Driver\Src\stm32f4xx_hal_flash.o
myFatFS             0x230             Src\SDCard.o
SDPath              0x4               Src\fatfs.o
fileObj             0x230             Src\SDCard.o
hrtc                0x20              Middlewares\Third_Party\FatFs\src\diskio.o
htim6               0x3c              Src\stm32f4xx_hal_timebase_tim.o
hsd                 0x84              Src\main.o
SDFile              0x230             Src\fatfs.o
hcan1               0x28              Src\main.o
SDFatFS             0x230             Src\fatfs.o

Discarded input sections

 .text          0x00000000        0x0 c:/program files (x86)/atollic/truestudio for stm32 9.2.0/armtools/bin/../lib/gcc/arm-atollic-eabi/6.3.1/armv7e-m/fpu/crti.o
 .data          0x00000000        0x0 c:/program files (x86)/atollic/truestudio for stm32 9.2.0/armtools/bin/../lib/gcc/arm-atollic-eabi/6.3.1/armv7e-m/fpu/crti.o
 .bss           0x00000000        0x0 c:/program files (x86)/atollic/truestudio for stm32 9.2.0/armtools/bin/../lib/gcc/arm-atollic-eabi/6.3.1/armv7e-m/fpu/crti.o
 .data          0x00000000        0x4 c:/program files (x86)/atollic/truestudio for stm32 9.2.0/armtools/bin/../lib/gcc/arm-atollic-eabi/6.3.1/armv7e-m/fpu/crtbegin.o
 .text          0x00000000        0x0 Drivers\STM32F4xx_HAL_Driver\Src\stm32f4xx_hal.o
 .data          0x00000000        0x0 Drivers\STM32F4xx_HAL_Driver\Src\stm32f4xx_hal.o
 .bss           0x00000000        0x0 Drivers\STM32F4xx_HAL_Driver\Src\stm32f4xx_hal.o
 .text.HAL_MspInit
                0x00000000        0x2 Drivers\STM32F4xx_HAL_Driver\Src\stm32f4xx_hal.o
 .text.HAL_MspDeInit
                0x00000000        0x2 Drivers\STM32F4xx_HAL_Driver\Src\stm32f4xx_hal.o
 .text.HAL_DeInit
                0x00000000       0x2c Drivers\STM32F4xx_HAL_Driver\Src\stm32f4xx_hal.o
 .text.HAL_InitTick
                0x00000000       0x48 Drivers\STM32F4xx_HAL_Driver\Src\stm32f4xx_hal.o
 .text.HAL_GetTickPrio
                0x00000000        0xc Drivers\STM32F4xx_HAL_Driver\Src\stm32f4xx_hal.o
 .text.HAL_SetTickFreq
                0x00000000       0x24 Drivers\STM32F4xx_HAL_Driver\Src\stm32f4xx_hal.o
 .text.HAL_GetTickFreq
                0x00000000        0xc Drivers\STM32F4xx_HAL_Driver\Src\stm32f4xx_hal.o
 .text.HAL_SuspendTick
                0x00000000       0x10 Drivers\STM32F4xx_HAL_Driver\Src\stm32f4xx_hal.o
 .text.HAL_ResumeTick
[...]
Memory Configuration

Name             Origin             Length             Attributes
RAM              0x20000000         0x00020000         xrw
FLASH            0x08000000         0x00040000         xr
*default*        0x00000000         0xffffffff

Linker script and memory map

LOAD c:/program files (x86)/atollic/truestudio for stm32 9.2.0/armtools/bin/../lib/gcc/arm-atollic-eabi/6.3.1/armv7e-m/fpu/crti.o
LOAD c:/program files (x86)/atollic/truestudio for stm32 9.2.0/armtools/bin/../lib/gcc/arm-atollic-eabi/6.3.1/armv7e-m/fpu/crtbegin.o
LOAD Drivers\STM32F4xx_HAL_Driver\Src\stm32f4xx_hal.o
LOAD Drivers\STM32F4xx_HAL_Driver\Src\stm32f4xx_hal_can.o
LOAD Drivers\STM32F4xx_HAL_Driver\Src\stm32f4xx_hal_cortex.o
LOAD Drivers\STM32F4xx_HAL_Driver\Src\stm32f4xx_hal_dma.o
LOAD Drivers\STM32F4xx_HAL_Driver\Src\stm32f4xx_hal_dma_ex.o
LOAD Drivers\STM32F4xx_HAL_Driver\Src\stm32f4xx_hal_flash.o
LOAD Drivers\STM32F4xx_HAL_Driver\Src\stm32f4xx_hal_flash_ex.o
LOAD Drivers\STM32F4xx_HAL_Driver\Src\stm32f4xx_hal_flash_ramfunc.o
LOAD Drivers\STM32F4xx_HAL_Driver\Src\stm32f4xx_hal_gpio.o
LOAD Drivers\STM32F4xx_HAL_Driver\Src\stm32f4xx_hal_i2c.o
LOAD Drivers\STM32F4xx_HAL_Driver\Src\stm32f4xx_hal_i2c_ex.o
LOAD Drivers\STM32F4xx_HAL_Driver\Src\stm32f4xx_hal_pwr.o
LOAD Drivers\STM32F4xx_HAL_Driver\Src\stm32f4xx_hal_pwr_ex.o
LOAD Drivers\STM32F4xx_HAL_Driver\Src\stm32f4xx_hal_rcc.o
LOAD Drivers\STM32F4xx_HAL_Driver\Src\stm32f4xx_hal_rcc_ex.o
LOAD Drivers\STM32F4xx_HAL_Driver\Src\stm32f4xx_hal_rtc.o
LOAD Drivers\STM32F4xx_HAL_Driver\Src\stm32f4xx_hal_rtc_ex.o
LOAD Drivers\STM32F4xx_HAL_Driver\Src\stm32f4xx_hal_sd.o
LOAD Drivers\STM32F4xx_HAL_Driver\Src\stm32f4xx_hal_tim.o
LOAD Drivers\STM32F4xx_HAL_Driver\Src\stm32f4xx_hal_tim_ex.o
LOAD Drivers\STM32F4xx_HAL_Driver\Src\stm32f4xx_ll_sdmmc.o
LOAD Middlewares\Third_Party\FatFs\src\diskio.o
LOAD Middlewares\Third_Party\FatFs\src\ff.o
LOAD Middlewares\Third_Party\FatFs\src\ff_gen_drv.o
LOAD Middlewares\Third_Party\FatFs\src\option\syscall.o
LOAD Src\Bn0.o
LOAD Src\Camera.o
LOAD Src\SDCard.o
LOAD Src\Satellite.o
LOAD Src\bsp_driver_sd.o
LOAD Src\fatfs.o
LOAD Src\main.o
LOAD Src\sd_diskio.o
LOAD Src\stm32f4xx_hal_msp.o
LOAD Src\stm32f4xx_hal_timebase_tim.o
LOAD Src\stm32f4xx_it.o
LOAD Src\system_stm32f4xx.o
LOAD startup\startup_stm32f446xx.o
                0x00000080                malloc_getpagesize_P = 0x80
START GROUP
LOAD c:/program files (x86)/atollic/truestudio for stm32 9.2.0/armtools/bin/../lib/gcc/arm-atollic-eabi/6.3.1/../../../../arm-atollic-eabi/lib/armv7e-m/fpu\libc_nano.a
LOAD c:/program files (x86)/atollic/truestudio for stm32 9.2.0/armtools/bin/../lib/gcc/arm-atollic-eabi/6.3.1/../../../../arm-atollic-eabi/lib/armv7e-m/fpu\libm.a
END GROUP
START GROUP
LOAD c:/program files (x86)/atollic/truestudio for stm32 9.2.0/armtools/bin/../lib/gcc/arm-atollic-eabi/6.3.1/armv7e-m/fpu\libgcc.a
LOAD c:/program files (x86)/atollic/truestudio for stm32 9.2.0/armtools/bin/../lib/gcc/arm-atollic-eabi/6.3.1/../../../../arm-atollic-eabi/lib/armv7e-m/fpu\libc_nano.a
END GROUP
START GROUP
LOAD c:/program files (x86)/atollic/truestudio for stm32 9.2.0/armtools/bin/../lib/gcc/arm-atollic-eabi/6.3.1/armv7e-m/fpu\libgcc.a
LOAD c:/program files (x86)/atollic/truestudio for stm32 9.2.0/armtools/bin/../lib/gcc/arm-atollic-eabi/6.3.1/../../../../arm-atollic-eabi/lib/armv7e-m/fpu\libc_nano.a
LOAD c:/program files (x86)/atollic/truestudio for stm32 9.2.0/armtools/bin/../lib/gcc/arm-atollic-eabi/6.3.1/../../../../arm-atollic-eabi/lib/armv7e-m/fpu\libnosys.a
END GROUP
START GROUP
LOAD c:/program files (x86)/atollic/truestudio for stm32 9.2.0/armtools/bin/../lib/gcc/arm-atollic-eabi/6.3.1/armv7e-m/fpu\libgcc.a
LOAD c:/program files (x86)/atollic/truestudio for stm32 9.2.0/armtools/bin/../lib/gcc/arm-atollic-eabi/6.3.1/../../../../arm-atollic-eabi/lib/armv7e-m/fpu\libc_nano.a
LOAD c:/program files (x86)/atollic/truestudio for stm32 9.2.0/armtools/bin/../lib/gcc/arm-atollic-eabi/6.3.1/../../../../arm-atollic-eabi/lib/armv7e-m/fpu\libnosys.a
END GROUP
LOAD c:/program files (x86)/atollic/truestudio for stm32 9.2.0/armtools/bin/../lib/gcc/arm-atollic-eabi/6.3.1/armv7e-m/fpu/crtend.o
LOAD c:/program files (x86)/atollic/truestudio for stm32 9.2.0/armtools/bin/../lib/gcc/arm-atollic-eabi/6.3.1/armv7e-m/fpu/crtn.o
                0x20020000                _estack = 0x20020000
                0x00002000                _Min_Heap_Size = 0x2000
                0x00004000                _Min_Stack_Size = 0x4000

.isr_vector     0x08000000      0x1c4
                0x08000000                . = ALIGN (0x4)
 *(.isr_vector)
 .isr_vector    0x08000000      0x1c4 startup\startup_stm32f446xx.o
                0x08000000                g_pfnVectors
                0x080001c4                . = ALIGN (0x4)

.text           0x080001c8     0x6278
                0x080001c8                . = ALIGN (0x4)
 *(.text)
 .text          0x080001c8       0x40 c:/program files (x86)/atollic/truestudio for stm32 9.2.0/armtools/bin/../lib/gcc/arm-atollic-eabi/6.3.1/armv7e-m/fpu/crtbegin.o
 .text          0x08000208      0x370 c:/program files (x86)/atollic/truestudio for stm32 9.2.0/armtools/bin/../lib/gcc/arm-atollic-eabi/6.3.1/armv7e-m/fpu\libgcc.a(_arm_addsubdf3.o)
                0x08000208                __aeabi_drsub
                0x08000210                __aeabi_dsub
                0x08000210                __subdf3
                0x08000214                __aeabi_dadd
                0x08000214                __adddf3
                0x0800048c                __floatunsidf
                0x0800048c                __aeabi_ui2d
                0x080004ac                __floatsidf
                0x080004ac                __aeabi_i2d
                0x080004d0                __aeabi_f2d
                0x080004d0                __extendsfdf2
                0x0800050c                __floatundidf
                0x0800050c                __aeabi_ul2d
                0x0800051c                __floatdidf
                0x0800051c                __aeabi_l2d
 .text          0x08000578      0x424 c:/program files (x86)/atollic/truestudio for stm32 9.2.0/armtools/bin/../lib/gcc/arm-atollic-eabi/6.3.1/armv7e-m/fpu\libgcc.a(_arm_muldivdf3.o)
                0x08000578                __aeabi_dmul
                0x08000578                __muldf3
                0x080007cc                __divdf3
                0x080007cc                __aeabi_ddiv
 .text          0x0800099c      0x110 c:/program files (x86)/atollic/truestudio for stm32 9.2.0/armtools/bin/../lib/gcc/arm-atollic-eabi/6.3.1/armv7e-m/fpu\libgcc.a(_arm_cmpdf2.o)
                0x0800099c                __gtdf2
                0x0800099c                __gedf2
                0x080009a4                __ltdf2
                0x080009a4                __ledf2
                0x080009ac                __nedf2
                0x080009ac                __eqdf2
                0x080009ac                __cmpdf2
                0x08000a28                __aeabi_cdrcmple
                0x08000a38                __aeabi_cdcmpeq
                0x08000a38                __aeabi_cdcmple
                0x08000a48                __aeabi_dcmpeq
                0x08000a5c                __aeabi_dcmplt
                0x08000a70                __aeabi_dcmple
                0x08000a84                __aeabi_dcmpge
                0x08000a98                __aeabi_dcmpgt
 .text          0x08000aac       0x50 c:/program files (x86)/atollic/truestudio for stm32 9.2.0/armtools/bin/../lib/gcc/arm-atollic-eabi/6.3.1/armv7e-m/fpu\libgcc.a(_arm_fixdfsi.o)
                0x08000aac                __aeabi_d2iz
                0x08000aac                __fixdfsi
 .text          0x08000afc       0x30 c:/program files (x86)/atollic/truestudio for stm32 9.2.0/armtools/bin/../lib/gcc/arm-atollic-eabi/6.3.1/armv7e-m/fpu\libgcc.a(_aeabi_uldivmod.o)
                0x08000afc                __aeabi_uldivmod
 .text          0x08000b2c      0x2dc c:/program files (x86)/atollic/truestudio for stm32 9.2.0/armtools/bin/../lib/gcc/arm-atollic-eabi/6.3.1/armv7e-m/fpu\libgcc.a(_udivmoddi4.o)
                0x08000b2c                __udivmoddi4
 .text          0x08000e08        0x4 c:/program files (x86)/atollic/truestudio for stm32 9.2.0/armtools/bin/../lib/gcc/arm-atollic-eabi/6.3.1/armv7e-m/fpu\libgcc.a(_dvmd_tls.o)
                0x08000e08                __aeabi_idiv0
                0x08000e08                __aeabi_ldiv0
 *(.text*)
 .text.HAL_Init
                0x08000e0c       0x34 Drivers\STM32F4xx_HAL_Driver\Src\stm32f4xx_hal.o
                0x08000e0c                HAL_Init
 .text.HAL_IncTick
                0x08000e40       0x18 Drivers\STM32F4xx_HAL_Driver\Src\stm32f4xx_hal.o
                0x08000e40                HAL_IncTick
 .text.HAL_GetTick
                0x08000e58        0xc Drivers\STM32F4xx_HAL_Driver\Src\stm32f4xx_hal.o
                0x08000e58                HAL_GetTick
 .text.HAL_Delay
                0x08000e64       0x28 Drivers\STM32F4xx_HAL_Driver\Src\stm32f4xx_hal.o
                0x08000e64                HAL_Delay
 .text.HAL_CAN_Init
                0x08000e8c       0xf6 Drivers\STM32F4xx_HAL_Driver\Src\stm32f4xx_hal_can.o
                0x08000e8c                HAL_CAN_Init
 *fill*         0x08000f82        0x2 
 .text.HAL_NVIC_SetPriorityGrouping
                0x08000f84       0x24 Drivers\STM32F4xx_HAL_Driver\Src\stm32f4xx_hal_cortex.o
                0x08000f84                HAL_NVIC_SetPriorityGrouping
 .text.HAL_NVIC_SetPriority
                0x08000fa8       0x68 Drivers\STM32F4xx_HAL_Driver\Src\stm32f4xx_hal_cortex.o
                0x08000fa8                HAL_NVIC_SetPriority
 .text.HAL_NVIC_EnableIRQ
                0x08001010       0x18 Drivers\STM32F4xx_HAL_Driver\Src\stm32f4xx_hal_cortex.o
                0x08001010                HAL_NVIC_EnableIRQ
 .text.HAL_DMA_Abort_IT
                0x08001028       0x24 Drivers\STM32F4xx_HAL_Driver\Src\stm32f4xx_hal_dma.o
                0x08001028                HAL_DMA_Abort_IT
 .text.HAL_GPIO_Init
                0x0800104c      0x1b4 Drivers\STM32F4xx_HAL_Driver\Src\stm32f4xx_hal_gpio.o
                0x0800104c                HAL_GPIO_Init
 .text.HAL_GPIO_WritePin
                0x08001200        0xa Drivers\STM32F4xx_HAL_Driver\Src\stm32f4xx_hal_gpio.o
                0x08001200                HAL_GPIO_WritePin
 .text.I2C_IsAcknowledgeFailed
                0x0800120a       0x2a Drivers\STM32F4xx_HAL_Driver\Src\stm32f4xx_hal_i2c.o
 .text.I2C_WaitOnMasterAddressFlagUntilTimeout
                0x08001234       0x80 Drivers\STM32F4xx_HAL_Driver\Src\stm32f4xx_hal_i2c.o
 .text.I2C_WaitOnFlagUntilTimeout
                0x080012b4       0x5c Drivers\STM32F4xx_HAL_Driver\Src\stm32f4xx_hal_i2c.o
 .text.I2C_WaitOnTXEFlagUntilTimeout
                0x08001310       0x4c Drivers\STM32F4xx_HAL_Driver\Src\stm32f4xx_hal_i2c.o
 .text.I2C_RequestMemoryWrite
                0x0800135c       0xa4 Drivers\STM32F4xx_HAL_Driver\Src\stm32f4xx_hal_i2c.o
 .text.I2C_RequestMemoryRead
                0x08001400       0xf4 Drivers\STM32F4xx_HAL_Driver\Src\stm32f4xx_hal_i2c.o
 .text.I2C_WaitOnRXNEFlagUntilTimeout
                0x080014f4       0x5a Drivers\STM32F4xx_HAL_Driver\Src\stm32f4xx_hal_i2c.o
 .text.I2C_WaitOnBTFFlagUntilTimeout
                0x0800154e       0x4c Drivers\STM32F4xx_HAL_Driver\Src\stm32f4xx_hal_i2c.o
 *fill*         0x0800159a        0x2 
 .text.HAL_I2C_Init
                0x0800159c       0xdc Drivers\STM32F4xx_HAL_Driver\Src\stm32f4xx_hal_i2c.o
                0x0800159c                HAL_I2C_Init
 .text.HAL_I2C_Mem_Write
                0x08001678      0x12c Drivers\STM32F4xx_HAL_Driver\Src\stm32f4xx_hal_i2c.o
                0x08001678                HAL_I2C_Mem_Write
 .text.HAL_I2C_Mem_Read
                0x080017a4      0x220 Drivers\STM32F4xx_HAL_Driver\Src\stm32f4xx_hal_i2c.o
                0x080017a4                HAL_I2C_Mem_Read
 .text.HAL_I2C_IsDeviceReady
                0x080019c4      0x15c Drivers\STM32F4xx_HAL_Driver\Src\stm32f4xx_hal_i2c.o
                0x080019c4                HAL_I2C_IsDeviceReady
 .text.HAL_I2C_MasterTxCpltCallback
                0x08001b20        0x2 Drivers\STM32F4xx_HAL_Driver\Src\stm32f4xx_hal_i2c.o
                0x08001b20                HAL_I2C_MasterTxCpltCallback
 .text.HAL_I2C_MasterRxCpltCallback
                0x08001b22        0x2 Drivers\STM32F4xx_HAL_Driver\Src\stm32f4xx_hal_i2c.o
                0x08001b22                HAL_I2C_MasterRxCpltCallback
 .text.HAL_I2C_SlaveTxCpltCallback
                0x08001b24        0x2 Drivers\STM32F4xx_HAL_Driver\Src\stm32f4xx_hal_i2c.o
                0x08001b24                HAL_I2C_SlaveTxCpltCallback
 .text.HAL_I2C_SlaveRxCpltCallback
                0x08001b26        0x2 Drivers\STM32F4xx_HAL_Driver\Src\stm32f4xx_hal_i2c.o
                0x08001b26                HAL_I2C_SlaveRxCpltCallback
 .text.HAL_I2C_AddrCallback
                0x08001b28        0x2 Drivers\STM32F4xx_HAL_Driver\Src\stm32f4xx_hal_i2c.o
                0x08001b28                HAL_I2C_AddrCallback
 .text.HAL_I2C_ListenCpltCallback
                0x08001b2a        0x2 Drivers\STM32F4xx_HAL_Driver\Src\stm32f4xx_hal_i2c.o
                0x08001b2a                HAL_I2C_ListenCpltCallback
 .text.HAL_I2C_MemTxCpltCallback
                0x08001b2c        0x2 Drivers\STM32F4xx_HAL_Driver\Src\stm32f4xx_hal_i2c.o
                0x08001b2c                HAL_I2C_MemTxCpltCallback
 .text.HAL_I2C_MemRxCpltCallback
                0x08001b2e        0x2 Drivers\STM32F4xx_HAL_Driver\Src\stm32f4xx_hal_i2c.o
                0x08001b2e                HAL_I2C_MemRxCpltCallback
 .text.HAL_I2C_ErrorCallback
                0x08001b30        0x2 Drivers\STM32F4xx_HAL_Driver\Src\stm32f4xx_hal_i2c.o
                0x08001b30                HAL_I2C_ErrorCallback
 .text.HAL_I2C_AbortCpltCallback
                0x08001b32        0x2 Drivers\STM32F4xx_HAL_Driver\Src\stm32f4xx_hal_i2c.o
                0x08001b32                HAL_I2C_AbortCpltCallback
 .text.I2C_ITError
                0x08001b34      0x128 Drivers\STM32F4xx_HAL_Driver\Src\stm32f4xx_hal_i2c.o
 .text.HAL_I2C_EV_IRQHandler
                0x08001c5c      0x6d4 Drivers\STM32F4xx_HAL_Driver\Src\stm32f4xx_hal_i2c.o
                0x08001c5c                HAL_I2C_EV_IRQHandler
 .text.I2C_DMAAbort
                0x08002330       0x4c Drivers\STM32F4xx_HAL_Driver\Src\stm32f4xx_hal_i2c.o
 .text.HAL_RCC_ClockConfig
                0x0800237c      0x134 Drivers\STM32F4xx_HAL_Driver\Src\stm32f4xx_hal_rcc.o
                0x0800237c                HAL_RCC_ClockConfig
 .text.HAL_RCC_GetPCLK1Freq
                0x080024b0       0x20 Drivers\STM32F4xx_HAL_Driver\Src\stm32f4xx_hal_rcc.o
                0x080024b0                HAL_RCC_GetPCLK1Freq
 .text.HAL_RCC_GetClockConfig
                0x080024d0       0x3c Drivers\STM32F4xx_HAL_Driver\Src\stm32f4xx_hal_rcc.o
                0x080024d0                HAL_RCC_GetClockConfig
 .text.HAL_RCCEx_PeriphCLKConfig
                0x0800250c      0x410 Drivers\STM32F4xx_HAL_Driver\Src\stm32f4xx_hal_rcc_ex.o
                0x0800250c                HAL_RCCEx_PeriphCLKConfig
 .text.HAL_RCC_GetSysClockFreq
                0x0800291c       0x90 Drivers\STM32F4xx_HAL_Driver\Src\stm32f4xx_hal_rcc_ex.o
                0x0800291c                HAL_RCC_GetSysClockFreq
 .text.HAL_RCC_OscConfig
                0x080029ac      0x334 Drivers\STM32F4xx_HAL_Driver\Src\stm32f4xx_hal_rcc_ex.o
                0x080029ac                HAL_RCC_OscConfig
 .text.HAL_RTC_WaitForSynchro
                0x08002ce0       0x30 Drivers\STM32F4xx_HAL_Driver\Src\stm32f4xx_hal_rtc.o
                0x08002ce0                HAL_RTC_WaitForSynchro
 .text.RTC_EnterInitMode
                0x08002d10       0x34 Drivers\STM32F4xx_HAL_Driver\Src\stm32f4xx_hal_rtc.o
                0x08002d10                RTC_EnterInitMode
 .text.HAL_RTC_Init
                0x08002d44       0x9c Drivers\STM32F4xx_HAL_Driver\Src\stm32f4xx_hal_rtc.o
                0x08002d44                HAL_RTC_Init
 .text.RTC_ByteToBcd2
                0x08002de0       0x16 Drivers\STM32F4xx_HAL_Driver\Src\stm32f4xx_hal_rtc.o
                0x08002de0                RTC_ByteToBcd2
 .text.HAL_RTC_SetDate
                0x08002df6       0xc0 Drivers\STM32F4xx_HAL_Driver\Src\stm32f4xx_hal_rtc.o
                0x08002df6                HAL_RTC_SetDate
 .text.HAL_RTC_SetTime
                0x08002eb6       0xe0 Drivers\STM32F4xx_HAL_Driver\Src\stm32f4xx_hal_rtc.o
                0x08002eb6                HAL_RTC_SetTime
 .text.RTC_Bcd2ToByte
                0x08002f96       0x12 Drivers\STM32F4xx_HAL_Driver\Src\stm32f4xx_hal_rtc.o
                0x08002f96                RTC_Bcd2ToByte
 .text.HAL_RTC_GetTime
                0x08002fa8       0x50 Drivers\STM32F4xx_HAL_Driver\Src\stm32f4xx_hal_rtc.o
                0x08002fa8                HAL_RTC_GetTime
 .text.HAL_RTC_GetDate
                0x08002ff8       0x40 Drivers\STM32F4xx_HAL_Driver\Src\stm32f4xx_hal_rtc.o
                0x08002ff8                HAL_RTC_GetDate
 .text.HAL_RTCEx_SetCalibrationOutPut
                0x08003038       0x3c Drivers\STM32F4xx_HAL_Driver\Src\stm32f4xx_hal_rtc_ex.o
                0x08003038                HAL_RTCEx_SetCalibrationOutPut
 .text.HAL_SD_ReadBlocks
                0x08003074      0x1ba Drivers\STM32F4xx_HAL_Driver\Src\stm32f4xx_hal_sd.o
                0x08003074                HAL_SD_ReadBlocks
 .text.HAL_SD_WriteBlocks
                0x0800322e      0x172 Drivers\STM32F4xx_HAL_Driver\Src\stm32f4xx_hal_sd.o
                0x0800322e                HAL_SD_WriteBlocks
 .text.HAL_SD_GetCardCSD
                0x080033a0      0x1be Drivers\STM32F4xx_HAL_Driver\Src\stm32f4xx_hal_sd.o
                0x080033a0                HAL_SD_GetCardCSD
 *fill*         0x0800355e        0x2 
 .text.HAL_SD_InitCard
                0x08003560      0x1dc Drivers\STM32F4xx_HAL_Driver\Src\stm32f4xx_hal_sd.o
                0x08003560                HAL_SD_InitCard
 .text.HAL_SD_Init
                0x0800373c       0x34 Drivers\STM32F4xx_HAL_Driver\Src\stm32f4xx_hal_sd.o
                0x0800373c                HAL_SD_Init
 .text.HAL_SD_GetCardInfo
                0x08003770       0x24 Drivers\STM32F4xx_HAL_Driver\Src\stm32f4xx_hal_sd.o
                0x08003770                HAL_SD_GetCardInfo
 .text.HAL_SD_GetCardState
                0x08003794       0x28 Drivers\STM32F4xx_HAL_Driver\Src\stm32f4xx_hal_sd.o
                0x08003794                HAL_SD_GetCardState
 .text.HAL_TIM_Base_MspInit
                0x080037bc        0x2 Drivers\STM32F4xx_HAL_Driver\Src\stm32f4xx_hal_tim.o
                0x080037bc                HAL_TIM_Base_MspInit
 .text.HAL_TIM_Base_Start_IT
                0x080037be       0x16 Drivers\STM32F4xx_HAL_Driver\Src\stm32f4xx_hal_tim.o
                0x080037be                HAL_TIM_Base_Start_IT
 .text.HAL_TIM_OC_DelayElapsedCallback
                0x080037d4        0x2 Drivers\STM32F4xx_HAL_Driver\Src\stm32f4xx_hal_tim.o
                0x080037d4                HAL_TIM_OC_DelayElapsedCallback
 .text.HAL_TIM_IC_CaptureCallback
                0x080037d6        0x2 Drivers\STM32F4xx_HAL_Driver\Src\stm32f4xx_hal_tim.o
                0x080037d6                HAL_TIM_IC_CaptureCallback
 .text.HAL_TIM_PWM_PulseFinishedCallback
                0x080037d8        0x2 Drivers\STM32F4xx_HAL_Driver\Src\stm32f4xx_hal_tim.o
                0x080037d8                HAL_TIM_PWM_PulseFinishedCallback
 .text.HAL_TIM_TriggerCallback
                0x080037da        0x2 Drivers\STM32F4xx_HAL_Driver\Src\stm32f4xx_hal_tim.o
                0x080037da                HAL_TIM_TriggerCallback
 .text.HAL_TIM_IRQHandler
                0x080037dc      0x144 Drivers\STM32F4xx_HAL_Driver\Src\stm32f4xx_hal_tim.o
                0x080037dc                HAL_TIM_IRQHandler
 .text.TIM_Base_SetConfig
                0x08003920       0xc8 Drivers\STM32F4xx_HAL_Driver\Src\stm32f4xx_hal_tim.o
                0x08003920                TIM_Base_SetConfig
 .text.HAL_TIM_Base_Init
                0x080039e8       0x34 Drivers\STM32F4xx_HAL_Driver\Src\stm32f4xx_hal_tim.o
                0x080039e8                HAL_TIM_Base_Init
 .text.HAL_TIMEx_CommutationCallback
                0x08003a1c        0x2 Drivers\STM32F4xx_HAL_Driver\Src\stm32f4xx_hal_tim_ex.o
                0x08003a1c                HAL_TIMEx_CommutationCallback
 .text.HAL_TIMEx_BreakCallback
                0x08003a1e        0x2 Drivers\STM32F4xx_HAL_Driver\Src\stm32f4xx_hal_tim_ex.o
                0x08003a1e                HAL_TIMEx_BreakCallback
 .text.SDMMC_GetCmdResp2
                0x08003a20       0x4c Drivers\STM32F4xx_HAL_Driver\Src\stm32f4xx_ll_sdmmc.o
 .text.SDMMC_GetCmdResp3
                0x08003a6c       0x40 Drivers\STM32F4xx_HAL_Driver\Src\stm32f4xx_ll_sdmmc.o
 .text.SDIO_Init
                0x08003aac       0x38 Drivers\STM32F4xx_HAL_Driver\Src\stm32f4xx_ll_sdmmc.o
                0x08003aac                SDIO_Init
 .text.SDIO_ReadFIFO
                0x08003ae4        0x6 Drivers\STM32F4xx_HAL_Driver\Src\stm32f4xx_ll_sdmmc.o
                0x08003ae4                SDIO_ReadFIFO
 .text.SDIO_WriteFIFO
                0x08003aea        0xa Drivers\STM32F4xx_HAL_Driver\Src\stm32f4xx_ll_sdmmc.o
                0x08003aea                SDIO_WriteFIFO
 .text.SDIO_PowerState_ON
                0x08003af4        0x8 Drivers\STM32F4xx_HAL_Driver\Src\stm32f4xx_ll_sdmmc.o
                0x08003af4                SDIO_PowerState_ON
 .text.SDIO_GetPowerState
                0x08003afc        0x8 Drivers\STM32F4xx_HAL_Driver\Src\stm32f4xx_ll_sdmmc.o
                0x08003afc                SDIO_GetPowerState
 .text.SDIO_SendCommand
                0x08003b04       0x26 Drivers\STM32F4xx_HAL_Driver\Src\stm32f4xx_ll_sdmmc.o
                0x08003b04                SDIO_SendCommand
 .text.SDIO_GetResponse
                0x08003b2a       0x14 Drivers\STM32F4xx_HAL_Driver\Src\stm32f4xx_ll_sdmmc.o
                0x08003b2a                SDIO_GetResponse
 *fill*         0x08003b3e        0x2 
 .text.SDMMC_GetCmdResp1
                0x08003b40      0x120 Drivers\STM32F4xx_HAL_Driver\Src\stm32f4xx_ll_sdmmc.o
 .text.SDIO_ConfigData
                0x08003c60       0x26 Drivers\STM32F4xx_HAL_Driver\Src\stm32f4xx_ll_sdmmc.o
                0x08003c60                SDIO_ConfigData
 .text.SDMMC_CmdBlockLength
                0x08003c86       0x30 Drivers\STM32F4xx_HAL_Driver\Src\stm32f4xx_ll_sdmmc.o
                0x08003c86                SDMMC_CmdBlockLength
 .text.SDMMC_CmdReadSingleBlock
                0x08003cb6       0x30 Drivers\STM32F4xx_HAL_Driver\Src\stm32f4xx_ll_sdmmc.o
                0x08003cb6                SDMMC_CmdReadSingleBlock
 .text.SDMMC_CmdReadMultiBlock
                0x08003ce6       0x30 Drivers\STM32F4xx_HAL_Driver\Src\stm32f4xx_ll_sdmmc.o
                0x08003ce6                SDMMC_CmdReadMultiBlock
 .text.SDMMC_CmdWriteSingleBlock
                0x08003d16       0x30 Drivers\STM32F4xx_HAL_Driver\Src\stm32f4xx_ll_sdmmc.o
                0x08003d16                SDMMC_CmdWriteSingleBlock
 .text.SDMMC_CmdWriteMultiBlock
                0x08003d46       0x30 Drivers\STM32F4xx_HAL_Driver\Src\stm32f4xx_ll_sdmmc.o
                0x08003d46                SDMMC_CmdWriteMultiBlock
 *fill*         0x08003d76        0x2 
 .text.SDMMC_CmdStopTransfer
                0x08003d78       0x34 Drivers\STM32F4xx_HAL_Driver\Src\stm32f4xx_ll_sdmmc.o
                0x08003d78                SDMMC_CmdStopTransfer
 .text.SDMMC_CmdSelDesel
                0x08003dac       0x30 Drivers\STM32F4xx_HAL_Driver\Src\stm32f4xx_ll_sdmmc.o
                0x08003dac                SDMMC_CmdSelDesel
 .text.SDMMC_CmdGoIdleState
                0x08003ddc       0x50 Drivers\STM32F4xx_HAL_Driver\Src\stm32f4xx_ll_sdmmc.o
                0x08003ddc                SDMMC_CmdGoIdleState
 .text.SDMMC_CmdOperCond
                0x08003e2c       0x70 Drivers\STM32F4xx_HAL_Driver\Src\stm32f4xx_ll_sdmmc.o
                0x08003e2c                SDMMC_CmdOperCond
 .text.SDMMC_CmdAppCommand
                0x08003e9c       0x30 Drivers\STM32F4xx_HAL_Driver\Src\stm32f4xx_ll_sdmmc.o
                0x08003e9c                SDMMC_CmdAppCommand
 .text.SDMMC_CmdAppOperCommand
                0x08003ecc       0x32 Drivers\STM32F4xx_HAL_Driver\Src\stm32f4xx_ll_sdmmc.o
                0x08003ecc                SDMMC_CmdAppOperCommand
 .text.SDMMC_CmdSendCID
                0x08003efe       0x2a Drivers\STM32F4xx_HAL_Driver\Src\stm32f4xx_ll_sdmmc.o
                0x08003efe                SDMMC_CmdSendCID
 .text.SDMMC_CmdSendCSD
                0x08003f28       0x2a Drivers\STM32F4xx_HAL_Driver\Src\stm32f4xx_ll_sdmmc.o
                0x08003f28                SDMMC_CmdSendCSD
 *fill*         0x08003f52        0x2 
 .text.SDMMC_CmdSetRelAdd
                0x08003f54       0xa8 Drivers\STM32F4xx_HAL_Driver\Src\stm32f4xx_ll_sdmmc.o
                0x08003f54                SDMMC_CmdSetRelAdd
 .text.SDMMC_CmdSendStatus
                0x08003ffc       0x30 Drivers\STM32F4xx_HAL_Driver\Src\stm32f4xx_ll_sdmmc.o
                0x08003ffc                SDMMC_CmdSendStatus
 .text.disk_status
                0x0800402c       0x14 Middlewares\Third_Party\FatFs\src\diskio.o
                0x0800402c                disk_status
 .text.disk_initialize
                0x08004040       0x20 Middlewares\Third_Party\FatFs\src\diskio.o
                0x08004040                disk_initialize
 .text.disk_read
                0x08004060       0x1c Middlewares\Third_Party\FatFs\src\diskio.o
                0x08004060                disk_read
 .text.disk_write
                0x0800407c       0x1c Middlewares\Third_Party\FatFs\src\diskio.o
                0x0800407c                disk_write
 .text.disk_ioctl
                0x08004098       0x1c Middlewares\Third_Party\FatFs\src\diskio.o
                0x08004098                disk_ioctl
 .text.ld_dword
                0x080040b4       0x10 Middlewares\Third_Party\FatFs\src\ff.o
 .text.st_dword
                0x080040c4       0x10 Middlewares\Third_Party\FatFs\src\ff.o
 .text.mem_set  0x080040d4        0xc Middlewares\Third_Party\FatFs\src\ff.o
 .text.chk_lock
                0x080040e0       0x5c Middlewares\Third_Party\FatFs\src\ff.o
 .text.inc_lock
                0x0800413c       0x78 Middlewares\Third_Party\FatFs\src\ff.o
 .text.dec_lock
                0x080041b4       0x30 Middlewares\Third_Party\FatFs\src\ff.o
 .text.clust2sect
                0x080041e4       0x16 Middlewares\Third_Party\FatFs\src\ff.o
 .text.clmt_clust
                0x080041fa       0x22 Middlewares\Third_Party\FatFs\src\ff.o
 .text.get_ldnumber
                0x0800421c       0x30 Middlewares\Third_Party\FatFs\src\ff.o
 .text.validate
                0x0800424c       0x36 Middlewares\Third_Party\FatFs\src\ff.o
 .text.mem_cpy.part.0
                0x08004282       0x12 Middlewares\Third_Party\FatFs\src\ff.o
 .text.ld_clust.isra.1
                0x08004294       0x1c Middlewares\Third_Party\FatFs\src\ff.o
 .text.st_clust.isra.2
                0x080042b0       0x18 Middlewares\Third_Party\FatFs\src\ff.o
 .text.sync_window.part.4
                0x080042c8       0x46 Middlewares\Third_Party\FatFs\src\ff.o
 .text.sync_window
                0x0800430e        0xc Middlewares\Third_Party\FatFs\src\ff.o
 .text.sync_fs  0x0800431a       0x96 Middlewares\Third_Party\FatFs\src\ff.o
 .text.move_window
                0x080043b0       0x36 Middlewares\Third_Party\FatFs\src\ff.o
 *fill*         0x080043e6        0x2 
 .text.check_fs
                0x080043e8       0x80 Middlewares\Third_Party\FatFs\src\ff.o
 .text.find_volume
                0x08004468      0x2bc Middlewares\Third_Party\FatFs\src\ff.o
 .text.put_fat  0x08004724       0xf8 Middlewares\Third_Party\FatFs\src\ff.o
 .text.get_fat.isra.8
                0x0800481c       0xb4 Middlewares\Third_Party\FatFs\src\ff.o
 .text.create_chain
                0x080048d0       0xb0 Middlewares\Third_Party\FatFs\src\ff.o
 .text.remove_chain
                0x08004980       0x6c Middlewares\Third_Party\FatFs\src\ff.o
 .text.dir_sdi.constprop.11
                0x080049ec       0x66 Middlewares\Third_Party\FatFs\src\ff.o
 .text.dir_next
                0x08004a52       0xf2 Middlewares\Third_Party\FatFs\src\ff.o
 .text.follow_path
                0x08004b44      0x188 Middlewares\Third_Party\FatFs\src\ff.o
 .text.dir_register
                0x08004ccc       0x62 Middlewares\Third_Party\FatFs\src\ff.o
 *fill*         0x08004d2e        0x2 
 .text.f_mount  0x08004d30       0x68 Middlewares\Third_Party\FatFs\src\ff.o
                0x08004d30                f_mount
 .text.f_open   0x08004d98      0x224 Middlewares\Third_Party\FatFs\src\ff.o
                0x08004d98                f_open
 .text.f_write  0x08004fbc      0x18a Middlewares\Third_Party\FatFs\src\ff.o
                0x08004fbc                f_write
 .text.putc_bfd
                0x08005146       0x44 Middlewares\Third_Party\FatFs\src\ff.o
 .text.putc_flush
                0x0800518a       0x2e Middlewares\Third_Party\FatFs\src\ff.o
 .text.f_sync   0x080051b8       0x90 Middlewares\Third_Party\FatFs\src\ff.o
                0x080051b8                f_sync
 .text.f_close  0x08005248       0x22 Middlewares\Third_Party\FatFs\src\ff.o
                0x08005248                f_close
 .text.f_lseek  0x0800526a      0x23a Middlewares\Third_Party\FatFs\src\ff.o
                0x0800526a                f_lseek
 .text.f_printf
                0x080054a4      0x1f2 Middlewares\Third_Party\FatFs\src\ff.o
                0x080054a4                f_printf
 *fill*         0x08005696        0x2 
 .text.FATFS_LinkDriverEx
                0x08005698       0x44 Middlewares\Third_Party\FatFs\src\ff_gen_drv.o
                0x08005698                FATFS_LinkDriverEx
 .text.FATFS_LinkDriver
                0x080056dc        0x6 Middlewares\Third_Party\FatFs\src\ff_gen_drv.o
                0x080056dc                FATFS_LinkDriver
 *fill*         0x080056e2        0x2 
 .text.bnO_write
                0x080056e4       0x4c Src\Bn0.o
                0x080056e4                bnO_write
 .text.bnO_read
                0x08005730       0x34 Src\Bn0.o
                0x08005730                bnO_read
 .text.bnO_setMode
                0x08005764       0x1e Src\Bn0.o
                0x08005764                bnO_setMode
 .text.bnO_setPWRMode
                0x08005782       0x1e Src\Bn0.o
                0x08005782                bnO_setPWRMode
 .text.bnO_init
                0x080057a0       0x8c Src\Bn0.o
                0x080057a0                bnO_init
 .text.bnO_getTemp
                0x0800582c        0xc Src\Bn0.o
                0x0800582c                bnO_getTemp
 .text.getCalibrationStatus
                0x08005838       0x30 Src\Bn0.o
                0x08005838                getCalibrationStatus
 .text.getGravVector
                0x08005868       0xa0 Src\Bn0.o
                0x08005868                getGravVector
 .text.SD_Config
                0x08005908       0x1c Src\SDCard.o
                0x08005908                SD_Config
 .text.createFile
                0x08005924       0x24 Src\SDCard.o
                0x08005924                createFile
 .text.formattedWriteFloat
                0x08005948      0x138 Src\SDCard.o
                0x08005948                formattedWriteFloat
 .text.writeString
                0x08005a80       0x44 Src\SDCard.o
                0x08005a80                writeString
 .text.getFileSize
                0x08005ac4       0x22 Src\SDCard.o
                0x08005ac4                getFileSize
 *fill*         0x08005ae6        0x2 
 .text.initFileSystem
                0x08005ae8       0x28 Src\SDCard.o
                0x08005ae8                initFileSystem
 .text.twosCompliment
                0x08005b10       0x2a Src\Satellite.o
                0x08005b10                twosCompliment
 .text.intToString
                0x08005b3a       0x60 Src\Satellite.o
                0x08005b3a                intToString
 *fill*         0x08005b9a        0x6 
 .text.floatToString
                0x08005ba0       0xb0 Src\Satellite.o
                0x08005ba0                floatToString
 .text.logGravData
                0x08005c50       0x5c Src\Satellite.o
                0x08005c50                logGravData
 .text.BSP_SD_Init
                0x08005cac       0x20 Src\bsp_driver_sd.o
                0x08005cac                BSP_SD_Init
 .text.BSP_SD_ReadBlocks
                0x08005ccc       0x20 Src\bsp_driver_sd.o
                0x08005ccc                BSP_SD_ReadBlocks
 .text.BSP_SD_WriteBlocks
                0x08005cec       0x20 Src\bsp_driver_sd.o
                0x08005cec                BSP_SD_WriteBlocks
 .text.BSP_SD_GetCardState
                0x08005d0c       0x14 Src\bsp_driver_sd.o
                0x08005d0c                BSP_SD_GetCardState
 .text.BSP_SD_GetCardInfo
                0x08005d20        0xc Src\bsp_driver_sd.o
                0x08005d20                BSP_SD_GetCardInfo
 .text.MX_FATFS_Init
                0x08005d2c       0x1c Src\fatfs.o
                0x08005d2c                MX_FATFS_Init
 .text.get_fattime
                0x08005d48        0x4 Src\fatfs.o
                0x08005d48                get_fattime
 .text.SystemClock_Config
                0x08005d4c       0xb8 Src\main.o
                0x08005d4c                SystemClock_Config
 .text.startup.main
                0x08005e04      0x198 Src\main.o
                0x08005e04                main
 .text.HAL_TIM_PeriodElapsedCallback
                0x08005f9c       0x14 Src\main.o
                0x08005f9c                HAL_TIM_PeriodElapsedCallback
 .text.SD_CheckStatus.isra.0
                0x08005fb0       0x20 Src\sd_diskio.o
 .text.SD_initialize
                0x08005fd0       0x1c Src\sd_diskio.o
                0x08005fd0                SD_initialize
 .text.SD_status
                0x08005fec        0x4 Src\sd_diskio.o
                0x08005fec                SD_status
 .text.SD_read  0x08005ff0       0x20 Src\sd_diskio.o
                0x08005ff0                SD_read
 .text.SD_ioctl
                0x08006010       0x50 Src\sd_diskio.o
                0x08006010                SD_ioctl
 .text.SD_write
                0x08006060       0x20 Src\sd_diskio.o
                0x08006060                SD_write
 .text.HAL_MspInit
                0x08006080       0x38 Src\stm32f4xx_hal_msp.o
                0x08006080                HAL_MspInit
 .text.HAL_CAN_MspInit
                0x080060b8       0x6c Src\stm32f4xx_hal_msp.o
                0x080060b8                HAL_CAN_MspInit
 .text.HAL_I2C_MspInit
                0x08006124       0x80 Src\stm32f4xx_hal_msp.o
                0x08006124                HAL_I2C_MspInit
 .text.HAL_RTC_MspInit
                0x080061a4       0x18 Src\stm32f4xx_hal_msp.o
                0x080061a4                HAL_RTC_MspInit
 .text.HAL_SD_MspInit
                0x080061bc       0xd0 Src\stm32f4xx_hal_msp.o
                0x080061bc                HAL_SD_MspInit
 .text.HAL_InitTick
                0x0800628c       0x78 Src\stm32f4xx_hal_timebase_tim.o
                0x0800628c                HAL_InitTick
 .text.NMI_Handler
                0x08006304        0x2 Src\stm32f4xx_it.o
                0x08006304                NMI_Handler
 .text.HardFault_Handler
                0x08006306        0x2 Src\stm32f4xx_it.o
                0x08006306                HardFault_Handler
 .text.MemManage_Handler
                0x08006308        0x2 Src\stm32f4xx_it.o
                0x08006308                MemManage_Handler
 .text.BusFault_Handler
                0x0800630a        0x2 Src\stm32f4xx_it.o
                0x0800630a                BusFault_Handler
 .text.UsageFault_Handler
                0x0800630c        0x2 Src\stm32f4xx_it.o
                0x0800630c                UsageFault_Handler
 .text.SVC_Handler
                0x0800630e        0x2 Src\stm32f4xx_it.o
                0x0800630e                SVC_Handler
 .text.DebugMon_Handler
                0x08006310        0x2 Src\stm32f4xx_it.o
                0x08006310                DebugMon_Handler
 .text.PendSV_Handler
                0x08006312        0x2 Src\stm32f4xx_it.o
                0x08006312                PendSV_Handler
 .text.SysTick_Handler
                0x08006314        0x2 Src\stm32f4xx_it.o
                0x08006314                SysTick_Handler
 *fill*         0x08006316        0x2 
 .text.I2C1_EV_IRQHandler
                0x08006318        0xc Src\stm32f4xx_it.o
                0x08006318                I2C1_EV_IRQHandler
 .text.TIM6_DAC_IRQHandler
                0x08006324        0xc Src\stm32f4xx_it.o
                0x08006324                TIM6_DAC_IRQHandler
 .text.SystemInit
                0x08006330       0x4c Src\system_stm32f4xx.o
                0x08006330                SystemInit
 .text.Reset_Handler
                0x0800637c       0x50 startup\startup_stm32f446xx.o
                0x0800637c                Reset_Handler
 .text.Default_Handler
                0x080063cc        0x2 startup\startup_stm32f446xx.o
                0x080063cc                RTC_Alarm_IRQHandler
                0x080063cc                EXTI2_IRQHandler
                0x080063cc                TIM8_CC_IRQHandler
                0x080063cc                SPI4_IRQHandler
                0x080063cc                TIM1_CC_IRQHandler
                0x080063cc                DMA2_Stream5_IRQHandler
                0x080063cc                DMA1_Stream5_IRQHandler
                0x080063cc                PVD_IRQHandler
                0x080063cc                SDIO_IRQHandler
                0x080063cc                TAMP_STAMP_IRQHandler
                0x080063cc                CAN2_RX1_IRQHandler
                0x080063cc                EXTI3_IRQHandler
                0x080063cc                TIM8_TRG_COM_TIM14_IRQHandler
                0x080063cc                TIM1_UP_TIM10_IRQHandler
                0x080063cc                TIM8_UP_TIM13_IRQHandler
                0x080063cc                I2C3_ER_IRQHandler
                0x080063cc                FMPI2C1_Event_IRQHandler
                0x080063cc                EXTI0_IRQHandler
                0x080063cc                I2C2_EV_IRQHandler
                0x080063cc                DMA1_Stream2_IRQHandler
                0x080063cc                CAN1_RX0_IRQHandler
                0x080063cc                FPU_IRQHandler
                0x080063cc                OTG_HS_WKUP_IRQHandler
                0x080063cc                CAN2_SCE_IRQHandler
                0x080063cc                DMA2_Stream2_IRQHandler
                0x080063cc                SPI1_IRQHandler
                0x080063cc                TIM1_BRK_TIM9_IRQHandler
                0x080063cc                DCMI_IRQHandler
                0x080063cc                CAN2_RX0_IRQHandler
                0x080063cc                DMA2_Stream3_IRQHandler
                0x080063cc                SAI2_IRQHandler
                0x080063cc                USART6_IRQHandler
                0x080063cc                USART3_IRQHandler
                0x080063cc                CAN1_RX1_IRQHandler
                0x080063cc                UART5_IRQHandler
                0x080063cc                DMA2_Stream0_IRQHandler
                0x080063cc                TIM4_IRQHandler
                0x080063cc                QUADSPI_IRQHandler
                0x080063cc                DMA1_Stream6_IRQHandler
                0x080063cc                DMA1_Stream1_IRQHandler
                0x080063cc                UART4_IRQHandler
                0x080063cc                TIM3_IRQHandler
                0x080063cc                RCC_IRQHandler
                0x080063cc                TIM8_BRK_TIM12_IRQHandler
                0x080063cc                Default_Handler
                0x080063cc                CEC_IRQHandler
                0x080063cc                EXTI15_10_IRQHandler
                0x080063cc                ADC_IRQHandler
                0x080063cc                DMA1_Stream7_IRQHandler
                0x080063cc                TIM7_IRQHandler
                0x080063cc                CAN2_TX_IRQHandler
                0x080063cc                TIM5_IRQHandler
                0x080063cc                DMA2_Stream7_IRQHandler
                0x080063cc                I2C3_EV_IRQHandler
                0x080063cc                EXTI9_5_IRQHandler
                0x080063cc                RTC_WKUP_IRQHandler
                0x080063cc                SPDIF_RX_IRQHandler
                0x080063cc                SPI2_IRQHandler
                0x080063cc                OTG_HS_EP1_IN_IRQHandler
                0x080063cc                DMA1_Stream0_IRQHandler
                0x080063cc                CAN1_TX_IRQHandler
                0x080063cc                EXTI4_IRQHandler
                0x080063cc                OTG_HS_EP1_OUT_IRQHandler
                0x080063cc                WWDG_IRQHandler
                0x080063cc                TIM2_IRQHandler
                0x080063cc                OTG_FS_WKUP_IRQHandler
                0x080063cc                TIM1_TRG_COM_TIM11_IRQHandler
                0x080063cc                OTG_HS_IRQHandler
                0x080063cc                EXTI1_IRQHandler
                0x080063cc                USART2_IRQHandler
                0x080063cc                I2C2_ER_IRQHandler
                0x080063cc                DMA2_Stream1_IRQHandler
                0x080063cc                CAN1_SCE_IRQHandler
                0x080063cc                FLASH_IRQHandler
                0x080063cc                DMA2_Stream4_IRQHandler
                0x080063cc                USART1_IRQHandler
                0x080063cc                OTG_FS_IRQHandler
                0x080063cc                SPI3_IRQHandler
                0x080063cc                DMA1_Stream4_IRQHandler
                0x080063cc                I2C1_ER_IRQHandler
                0x080063cc                FMC_IRQHandler
                0x080063cc                DMA2_Stream6_IRQHandler
                0x080063cc                SAI1_IRQHandler
                0x080063cc                DMA1_Stream3_IRQHandler
                0x080063cc                FMPI2C1_Error_IRQHandler
 *fill*         0x080063ce        0x2 
 .text.__libc_init_array
                0x080063d0       0x48 c:/program files (x86)/atollic/truestudio for stm32 9.2.0/armtools/bin/../lib/gcc/arm-atollic-eabi/6.3.1/../../../../arm-atollic-eabi/lib/armv7e-m/fpu\libc_nano.a(lib_a-init.o)
                0x080063d0                __libc_init_array
 .text.memset   0x08006418       0x10 c:/program files (x86)/atollic/truestudio for stm32 9.2.0/armtools/bin/../lib/gcc/arm-atollic-eabi/6.3.1/../../../../arm-atollic-eabi/lib/armv7e-m/fpu\libc_nano.a(lib_a-memset.o)
                0x08006418                memset
 *(.glue_7)
 .glue_7        0x08006428        0x0 linker stubs
 *(.glue_7t)
 .glue_7t       0x08006428        0x0 linker stubs
 *(.eh_frame)
 .eh_frame      0x08006428        0x0 c:/program files (x86)/atollic/truestudio for stm32 9.2.0/armtools/bin/../lib/gcc/arm-atollic-eabi/6.3.1/armv7e-m/fpu/crtbegin.o
 *(.init)
 .init          0x08006428        0x4 c:/program files (x86)/atollic/truestudio for stm32 9.2.0/armtools/bin/../lib/gcc/arm-atollic-eabi/6.3.1/armv7e-m/fpu/crti.o
                0x08006428                _init
 .init          0x0800642c        0x8 c:/program files (x86)/atollic/truestudio for stm32 9.2.0/armtools/bin/../lib/gcc/arm-atollic-eabi/6.3.1/armv7e-m/fpu/crtn.o
 *(.fini)
 .fini          0x08006434        0x4 c:/program files (x86)/atollic/truestudio for stm32 9.2.0/armtools/bin/../lib/gcc/arm-atollic-eabi/6.3.1/armv7e-m/fpu/crti.o
                0x08006434                _fini
 .fini          0x08006438        0x8 c:/program files (x86)/atollic/truestudio for stm32 9.2.0/armtools/bin/../lib/gcc/arm-atollic-eabi/6.3.1/armv7e-m/fpu/crtn.o
                0x08006440                . = ALIGN (0x4)
                0x08006440                _etext = .

.vfp11_veneer   0x08006440        0x0
 .vfp11_veneer  0x08006440        0x0 linker stubs

.v4_bx          0x08006440        0x0
 .v4_bx         0x08006440        0x0 linker stubs

.iplt           0x08006440        0x0
 .iplt          0x08006440        0x0 c:/program files (x86)/atollic/truestudio for stm32 9.2.0/armtools/bin/../lib/gcc/arm-atollic-eabi/6.3.1/armv7e-m/fpu/crtbegin.o

.rodata         0x08006440      0x11c
                0x08006440                . = ALIGN (0x4)
 *(.rodata)
 *(.rodata*)
 .rodata.ExCvt  0x08006440       0x80 Middlewares\Third_Party\FatFs\src\ff.o
 .rodata.follow_path.str1.1
                0x080064c0        0xf Middlewares\Third_Party\FatFs\src\ff.o
 .rodata.formattedWriteFloat.str1.1
                0x080064cf       0x17 Src\SDCard.o
 .rodata.formattedWriteInt.str1.1
                0x080064e6        0x5 Src\SDCard.o
                                  0x7 (size before relaxing)
 .rodata.initFileSystem.str1.1
                0x080064eb       0x45 Src\SDCard.o
 .rodata.logGravData.str1.1
                0x08006530        0xd Src\Satellite.o
 .rodata.SD_Driver
                0x08006530       0x14 Src\sd_diskio.o
                0x08006530                SD_Driver
 .rodata.AHBPrescTable
                0x08006544       0x10 Src\system_stm32f4xx.o
                0x08006544                AHBPrescTable
 .rodata.APBPrescTable
                0x08006554        0x8 Src\system_stm32f4xx.o
                0x08006554                APBPrescTable
                0x0800655c                . = ALIGN (0x4)

.ARM.extab
 *(.ARM.extab* .gnu.linkonce.armextab.*)

.ARM            0x0800655c        0x8
                0x0800655c                __exidx_start = .
 *(.ARM.exidx*)
 .ARM.exidx     0x0800655c        0x8 c:/program files (x86)/atollic/truestudio for stm32 9.2.0/armtools/bin/../lib/gcc/arm-atollic-eabi/6.3.1/armv7e-m/fpu\libgcc.a(_udivmoddi4.o)
                0x08006564                __exidx_end = .

.rel.dyn        0x08006564        0x0
 .rel.iplt      0x08006564        0x0 c:/program files (x86)/atollic/truestudio for stm32 9.2.0/armtools/bin/../lib/gcc/arm-atollic-eabi/6.3.1/armv7e-m/fpu/crtbegin.o

.preinit_array  0x08006564        0x0
                0x08006564                PROVIDE (__preinit_array_start, .)
 *(.preinit_array*)
                0x08006564                PROVIDE (__preinit_array_end, .)

.init_array     0x08006564        0x4
                0x08006564                PROVIDE (__init_array_start, .)
 *(SORT(.init_array.*))
 *(.init_array*)
 .init_array    0x08006564        0x4 c:/program files (x86)/atollic/truestudio for stm32 9.2.0/armtools/bin/../lib/gcc/arm-atollic-eabi/6.3.1/armv7e-m/fpu/crtbegin.o
                0x08006568                PROVIDE (__init_array_end, .)

.fini_array     0x08006568        0x4
                [!provide]                PROVIDE (__fini_array_start, .)
 *(SORT(.fini_array.*))
 *(.fini_array*)
 .fini_array    0x08006568        0x4 c:/program files (x86)/atollic/truestudio for stm32 9.2.0/armtools/bin/../lib/gcc/arm-atollic-eabi/6.3.1/armv7e-m/fpu/crtbegin.o
                [!provide]                PROVIDE (__fini_array_end, .)
                0x0800656c                _sidata = LOADADDR (.data)

.data           0x20000000        0x8 load address 0x0800656c
                0x20000000                . = ALIGN (0x4)
                0x20000000                _sdata = .
 *(.data)
 *(.data*)
 .data.uwTickFreq
                0x20000000        0x1 Drivers\STM32F4xx_HAL_Driver\Src\stm32f4xx_hal.o
                0x20000000                uwTickFreq
 .data.BNO055_ID
                0x20000001        0x1 Src\Bn0.o
                0x20000001                BNO055_ID
 .data.Stat     0x20000002        0x1 Src\sd_diskio.o
 *fill*         0x20000003        0x1 
 .data.SystemCoreClock
                0x20000004        0x4 Src\system_stm32f4xx.o
                0x20000004                SystemCoreClock
                0x20000008                . = ALIGN (0x4)
                0x20000008                _edata = .

.igot.plt       0x20000008        0x0 load address 0x08006574
 .igot.plt      0x20000008        0x0 c:/program files (x86)/atollic/truestudio for stm32 9.2.0/armtools/bin/../lib/gcc/arm-atollic-eabi/6.3.1/armv7e-m/fpu/crtbegin.o
                0x20000008                . = ALIGN (0x4)

.bss            0x20000008      0xa7c load address 0x08006574
                0x20000008                _sbss = .
                0x20000008                __bss_start__ = _sbss
 *(.bss)
 .bss           0x20000008       0x1c c:/program files (x86)/atollic/truestudio for stm32 9.2.0/armtools/bin/../lib/gcc/arm-atollic-eabi/6.3.1/armv7e-m/fpu/crtbegin.o
 *(.bss*)
 .bss.FatFs     0x20000024        0x4 Middlewares\Third_Party\FatFs\src\ff.o
 .bss.Files     0x20000028       0x20 Middlewares\Third_Party\FatFs\src\ff.o
 .bss.Fsid      0x20000048        0x2 Middlewares\Third_Party\FatFs\src\ff.o
 *fill*         0x2000004a        0x2 
 .bss.disk      0x2000004c        0xc Middlewares\Third_Party\FatFs\src\ff_gen_drv.o
                0x2000004c                disk
 .bss.phi2c     0x20000058        0x4 Src\Bn0.o
                0x20000058                phi2c
 *(COMMON)
 COMMON         0x2000005c        0x4 Drivers\STM32F4xx_HAL_Driver\Src\stm32f4xx_hal.o
                0x2000005c                uwTick
 COMMON         0x20000060       0x20 Middlewares\Third_Party\FatFs\src\diskio.o
                0x20000060                hrtc
 COMMON         0x20000080      0x460 Src\SDCard.o
                0x20000080                myFatFS
                0x200002b0                fileObj
 COMMON         0x200004e0      0x468 Src\fatfs.o
                0x200004e0                retSD
                0x200004e1                SDPath
                0x200004e8                SDFile
                0x20000718                SDFatFS
 COMMON         0x20000948      0x100 Src\main.o
                0x20000948                hi2c1
                0x2000099c                hsd
                0x20000a20                hcan1
 COMMON         0x20000a48       0x3c Src\stm32f4xx_hal_timebase_tim.o
                0x20000a48                htim6
                0x20000a84                . = ALIGN (0x4)
                0x20000a84                _ebss = .
                0x20000a84                __bss_end__ = _ebss

._user_heap_stack
                0x20000a84     0x6000 load address 0x08006574
                0x20000a84                . = ALIGN (0x4)
                [!provide]                PROVIDE (end, .)
                [!provide]                PROVIDE (_end, .)
                0x20002a84                . = (. + _Min_Heap_Size)
 *fill*         0x20000a84     0x2000 
                0x20006a84                . = (. + _Min_Stack_Size)
 *fill*         0x20002a84     0x4000 
                0x20006a84                . = ALIGN (0x4)

/DISCARD/
 libc.a(*)
 libm.a(*)
 libgcc.a(*)

.ARM.attributes
                0x00000000       0x30
 *(.ARM.attributes)
 .ARM.attributes
                0x00000000       0x22 c:/program files (x86)/atollic/truestudio for stm32 9.2.0/armtools/bin/../lib/gcc/arm-atollic-eabi/6.3.1/armv7e-m/fpu/crti.o
 .ARM.attributes
                0x00000022       0x34 c:/program files (x86)/atollic/truestudio for stm32 9.2.0/armtools/bin/../lib/gcc/arm-atollic-eabi/6.3.1/armv7e-m/fpu/crtbegin.o
 .ARM.attributes
                0x00000056       0x39 Drivers\STM32F4xx_HAL_Driver\Src\stm32f4xx_hal.o
 .ARM.attributes
                0x0000008f       0x39 Drivers\STM32F4xx_HAL_Driver\Src\stm32f4xx_hal_can.o
 .ARM.attributes
                0x000000c8       0x39 Drivers\STM32F4xx_HAL_Driver\Src\stm32f4xx_hal_cortex.o
 .ARM.attributes
                0x00000101       0x39 Drivers\STM32F4xx_HAL_Driver\Src\stm32f4xx_hal_dma.o
 .ARM.attributes
                0x0000013a       0x39 Drivers\STM32F4xx_HAL_Driver\Src\stm32f4xx_hal_gpio.o
 .ARM.attributes
                0x00000173       0x39 Drivers\STM32F4xx_HAL_Driver\Src\stm32f4xx_hal_i2c.o
 .ARM.attributes
                0x000001ac       0x39 Drivers\STM32F4xx_HAL_Driver\Src\stm32f4xx_hal_rcc.o
 .ARM.attributes
                0x000001e5       0x39 Drivers\STM32F4xx_HAL_Driver\Src\stm32f4xx_hal_rcc_ex.o
 .ARM.attributes
                0x0000021e       0x39 Drivers\STM32F4xx_HAL_Driver\Src\stm32f4xx_hal_rtc.o
 .ARM.attributes
                0x00000257       0x39 Drivers\STM32F4xx_HAL_Driver\Src\stm32f4xx_hal_rtc_ex.o
 .ARM.attributes
                0x00000290       0x39 Drivers\STM32F4xx_HAL_Driver\Src\stm32f4xx_hal_sd.o
 .ARM.attributes
                0x000002c9       0x39 Drivers\STM32F4xx_HAL_Driver\Src\stm32f4xx_hal_tim.o
 .ARM.attributes
                0x00000302       0x39 Drivers\STM32F4xx_HAL_Driver\Src\stm32f4xx_hal_tim_ex.o
 .ARM.attributes
                0x0000033b       0x39 Drivers\STM32F4xx_HAL_Driver\Src\stm32f4xx_ll_sdmmc.o
 .ARM.attributes
                0x00000374       0x39 Middlewares\Third_Party\FatFs\src\diskio.o
 .ARM.attributes
                0x000003ad       0x39 Middlewares\Third_Party\FatFs\src\ff.o
 .ARM.attributes
                0x000003e6       0x39 Middlewares\Third_Party\FatFs\src\ff_gen_drv.o
 .ARM.attributes
                0x0000041f       0x39 Src\Bn0.o
 .ARM.attributes
                0x00000458       0x39 Src\SDCard.o
 .ARM.attributes
                0x00000491       0x39 Src\Satellite.o
 .ARM.attributes
                0x000004ca       0x39 Src\bsp_driver_sd.o
 .ARM.attributes
                0x00000503       0x39 Src\fatfs.o
 .ARM.attributes
                0x0000053c       0x39 Src\main.o
 .ARM.attributes
                0x00000575       0x39 Src\sd_diskio.o
 .ARM.attributes
                0x000005ae       0x39 Src\stm32f4xx_hal_msp.o
 .ARM.attributes
                0x000005e7       0x39 Src\stm32f4xx_hal_timebase_tim.o
 .ARM.attributes
                0x00000620       0x39 Src\stm32f4xx_it.o
 .ARM.attributes
                0x00000659       0x39 Src\system_stm32f4xx.o
 .ARM.attributes
                0x00000692       0x21 startup\startup_stm32f446xx.o
 .ARM.attributes
                0x000006b3       0x34 c:/program files (x86)/atollic/truestudio for stm32 9.2.0/armtools/bin/../lib/gcc/arm-atollic-eabi/6.3.1/../../../../arm-atollic-eabi/lib/armv7e-m/fpu\libc_nano.a(lib_a-init.o)
 .ARM.attributes
                0x000006e7       0x34 c:/program files (x86)/atollic/truestudio for stm32 9.2.0/armtools/bin/../lib/gcc/arm-atollic-eabi/6.3.1/../../../../arm-atollic-eabi/lib/armv7e-m/fpu\libc_nano.a(lib_a-memset.o)
 .ARM.attributes
                0x0000071b       0x22 c:/program files (x86)/atollic/truestudio for stm32 9.2.0/armtools/bin/../lib/gcc/arm-atollic-eabi/6.3.1/armv7e-m/fpu\libgcc.a(_arm_addsubdf3.o)
 .ARM.attributes
                0x0000073d       0x22 c:/program files (x86)/atollic/truestudio for stm32 9.2.0/armtools/bin/../lib/gcc/arm-atollic-eabi/6.3.1/armv7e-m/fpu\libgcc.a(_arm_muldivdf3.o)
 .ARM.attributes
                0x0000075f       0x22 c:/program files (x86)/atollic/truestudio for stm32 9.2.0/armtools/bin/../lib/gcc/arm-atollic-eabi/6.3.1/armv7e-m/fpu\libgcc.a(_arm_cmpdf2.o)
 .ARM.attributes
                0x00000781       0x22 c:/program files (x86)/atollic/truestudio for stm32 9.2.0/armtools/bin/../lib/gcc/arm-atollic-eabi/6.3.1/armv7e-m/fpu\libgcc.a(_arm_fixdfsi.o)
 .ARM.attributes
                0x000007a3       0x22 c:/program files (x86)/atollic/truestudio for stm32 9.2.0/armtools/bin/../lib/gcc/arm-atollic-eabi/6.3.1/armv7e-m/fpu\libgcc.a(_aeabi_uldivmod.o)
 .ARM.attributes
                0x000007c5       0x34 c:/program files (x86)/atollic/truestudio for stm32 9.2.0/armtools/bin/../lib/gcc/arm-atollic-eabi/6.3.1/armv7e-m/fpu\libgcc.a(_udivmoddi4.o)
 .ARM.attributes
                0x000007f9       0x22 c:/program files (x86)/atollic/truestudio for stm32 9.2.0/armtools/bin/../lib/gcc/arm-atollic-eabi/6.3.1/armv7e-m/fpu\libgcc.a(_dvmd_tls.o)
 .ARM.attributes
                0x0000081b       0x22 c:/program files (x86)/atollic/truestudio for stm32 9.2.0/armtools/bin/../lib/gcc/arm-atollic-eabi/6.3.1/armv7e-m/fpu/crtn.o
OUTPUT(Bn0_test.elf elf32-littlearm)

.debug_info     0x00000000    0x30bda
 .debug_info    0x00000000     0x123e Drivers\STM32F4xx_HAL_Driver\Src\stm32f4xx_hal.o
 .debug_info    0x0000123e     0x17e0 Drivers\STM32F4xx_HAL_Driver\Src\stm32f4xx_hal_can.o
 .debug_info    0x00002a1e     0x1762 Drivers\STM32F4xx_HAL_Driver\Src\stm32f4xx_hal_cortex.o
 .debug_info    0x00004180     0x125c Drivers\STM32F4xx_HAL_Driver\Src\stm32f4xx_hal_dma.o
 .debug_info    0x000053dc      0xfd6 Drivers\STM32F4xx_HAL_Driver\Src\stm32f4xx_hal_gpio.o
 .debug_info    0x000063b2     0x3799 Drivers\STM32F4xx_HAL_Driver\Src\stm32f4xx_hal_i2c.o
 .debug_info    0x00009b4b     0x12a9 Drivers\STM32F4xx_HAL_Driver\Src\stm32f4xx_hal_rcc.o
 .debug_info    0x0000adf4     0x13fa Drivers\STM32F4xx_HAL_Driver\Src\stm32f4xx_hal_rcc_ex.o
 .debug_info    0x0000c1ee     0x1698 Drivers\STM32F4xx_HAL_Driver\Src\stm32f4xx_hal_rtc.o
 .debug_info    0x0000d886     0x188d Drivers\STM32F4xx_HAL_Driver\Src\stm32f4xx_hal_rtc_ex.o
 .debug_info    0x0000f113     0x2aa1 Drivers\STM32F4xx_HAL_Driver\Src\stm32f4xx_hal_sd.o
 .debug_info    0x00011bb4     0x3ba2 Drivers\STM32F4xx_HAL_Driver\Src\stm32f4xx_hal_tim.o
 .debug_info    0x00015756     0x19a5 Drivers\STM32F4xx_HAL_Driver\Src\stm32f4xx_hal_tim_ex.o
 .debug_info    0x000170fb     0x1ee5 Drivers\STM32F4xx_HAL_Driver\Src\stm32f4xx_ll_sdmmc.o
 .debug_info    0x00018fe0      0xfff Middlewares\Third_Party\FatFs\src\diskio.o
 .debug_info    0x00019fdf     0x536e Middlewares\Third_Party\FatFs\src\ff.o
 .debug_info    0x0001f34d     0x1035 Middlewares\Third_Party\FatFs\src\ff_gen_drv.o
 .debug_info    0x00020382     0x1aac Src\Bn0.o
 .debug_info    0x00021e2e     0x19e3 Src\SDCard.o
 .debug_info    0x00023811     0x1a69 Src\Satellite.o
 .debug_info    0x0002527a     0x1450 Src\bsp_driver_sd.o
 .debug_info    0x000266ca     0x108a Src\fatfs.o
 .debug_info    0x00027754     0x2a88 Src\main.o
 .debug_info    0x0002a1dc     0x121f Src\sd_diskio.o
 .debug_info    0x0002b3fb     0x2190 Src\stm32f4xx_hal_msp.o
 .debug_info    0x0002d58b     0x13f8 Src\stm32f4xx_hal_timebase_tim.o
 .debug_info    0x0002e983     0x147d Src\stm32f4xx_it.o
 .debug_info    0x0002fe00      0xd50 Src\system_stm32f4xx.o
 .debug_info    0x00030b50       0x8a startup\startup_stm32f446xx.o

.debug_abbrev   0x00000000     0x5434
 .debug_abbrev  0x00000000      0x308 Drivers\STM32F4xx_HAL_Driver\Src\stm32f4xx_hal.o
 .debug_abbrev  0x00000308      0x380 Drivers\STM32F4xx_HAL_Driver\Src\stm32f4xx_hal_can.o
 .debug_abbrev  0x00000688      0x399 Drivers\STM32F4xx_HAL_Driver\Src\stm32f4xx_hal_cortex.o
 .debug_abbrev  0x00000a21      0x34a Drivers\STM32F4xx_HAL_Driver\Src\stm32f4xx_hal_dma.o
 .debug_abbrev  0x00000d6b      0x268 Drivers\STM32F4xx_HAL_Driver\Src\stm32f4xx_hal_gpio.o
 .debug_abbrev  0x00000fd3      0x3b4 Drivers\STM32F4xx_HAL_Driver\Src\stm32f4xx_hal_i2c.o
 .debug_abbrev  0x00001387      0x353 Drivers\STM32F4xx_HAL_Driver\Src\stm32f4xx_hal_rcc.o
 .debug_abbrev  0x000016da      0x295 Drivers\STM32F4xx_HAL_Driver\Src\stm32f4xx_hal_rcc_ex.o
 .debug_abbrev  0x0000196f      0x2d7 Drivers\STM32F4xx_HAL_Driver\Src\stm32f4xx_hal_rtc.o
 .debug_abbrev  0x00001c46      0x2e6 Drivers\STM32F4xx_HAL_Driver\Src\stm32f4xx_hal_rtc_ex.o
 .debug_abbrev  0x00001f2c      0x3bc Drivers\STM32F4xx_HAL_Driver\Src\stm32f4xx_hal_sd.o
 .debug_abbrev  0x000022e8      0x3ac Drivers\STM32F4xx_HAL_Driver\Src\stm32f4xx_hal_tim.o
 .debug_abbrev  0x00002694      0x300 Drivers\STM32F4xx_HAL_Driver\Src\stm32f4xx_hal_tim_ex.o
 .debug_abbrev  0x00002994      0x345 Drivers\STM32F4xx_HAL_Driver\Src\stm32f4xx_ll_sdmmc.o
 .debug_abbrev  0x00002cd9      0x25b Middlewares\Third_Party\FatFs\src\diskio.o
 .debug_abbrev  0x00002f34      0x3fe Middlewares\Third_Party\FatFs\src\ff.o
 .debug_abbrev  0x00003332      0x2b2 Middlewares\Third_Party\FatFs\src\ff_gen_drv.o
 .debug_abbrev  0x000035e4      0x2bb Src\Bn0.o
 .debug_abbrev  0x0000389f      0x334 Src\SDCard.o
 .debug_abbrev  0x00003bd3      0x31a Src\Satellite.o
 .debug_abbrev  0x00003eed      0x355 Src\bsp_driver_sd.o
 .debug_abbrev  0x00004242      0x222 Src\fatfs.o
 .debug_abbrev  0x00004464      0x3b4 Src\main.o
 .debug_abbrev  0x00004818      0x2fb Src\sd_diskio.o
 .debug_abbrev  0x00004b13      0x2c7 Src\stm32f4xx_hal_msp.o
 .debug_abbrev  0x00004dda      0x258 Src\stm32f4xx_hal_timebase_tim.o
 .debug_abbrev  0x00005032      0x226 Src\stm32f4xx_it.o
 .debug_abbrev  0x00005258      0x1ca Src\system_stm32f4xx.o
 .debug_abbrev  0x00005422       0x12 startup\startup_stm32f446xx.o

.debug_loc      0x00000000    0x1341b
 .debug_loc     0x00000000      0x11b Drivers\STM32F4xx_HAL_Driver\Src\stm32f4xx_hal.o
 .debug_loc     0x0000011b      0x938 Drivers\STM32F4xx_HAL_Driver\Src\stm32f4xx_hal_can.o
 .debug_loc     0x00000a53      0x4fb Drivers\STM32F4xx_HAL_Driver\Src\stm32f4xx_hal_cortex.o
 .debug_loc     0x00000f4e      0x727 Drivers\STM32F4xx_HAL_Driver\Src\stm32f4xx_hal_dma.o
 .debug_loc     0x00001675      0x3cd Drivers\STM32F4xx_HAL_Driver\Src\stm32f4xx_hal_gpio.o
 .debug_loc     0x00001a42     0x2bba Drivers\STM32F4xx_HAL_Driver\Src\stm32f4xx_hal_i2c.o
 .debug_loc     0x000045fc      0x336 Drivers\STM32F4xx_HAL_Driver\Src\stm32f4xx_hal_rcc.o
 .debug_loc     0x00004932      0xa31 Drivers\STM32F4xx_HAL_Driver\Src\stm32f4xx_hal_rcc_ex.o
 .debug_loc     0x00005363      0x821 Drivers\STM32F4xx_HAL_Driver\Src\stm32f4xx_hal_rtc.o
 .debug_loc     0x00005b84      0xb6d Drivers\STM32F4xx_HAL_Driver\Src\stm32f4xx_hal_rtc_ex.o
 .debug_loc     0x000066f1     0x1b70 Drivers\STM32F4xx_HAL_Driver\Src\stm32f4xx_hal_sd.o
 .debug_loc     0x00008261     0x30b2 Drivers\STM32F4xx_HAL_Driver\Src\stm32f4xx_hal_tim.o
 .debug_loc     0x0000b313      0x84a Drivers\STM32F4xx_HAL_Driver\Src\stm32f4xx_hal_tim_ex.o
 .debug_loc     0x0000bb5d      0xedf Drivers\STM32F4xx_HAL_Driver\Src\stm32f4xx_ll_sdmmc.o
 .debug_loc     0x0000ca3c      0x1c6 Middlewares\Third_Party\FatFs\src\diskio.o
 .debug_loc     0x0000cc02     0x5154 Middlewares\Third_Party\FatFs\src\ff.o
 .debug_loc     0x00011d56      0x216 Middlewares\Third_Party\FatFs\src\ff_gen_drv.o
 .debug_loc     0x00011f6c      0x49c Src\Bn0.o
 .debug_loc     0x00012408      0x290 Src\SDCard.o
 .debug_loc     0x00012698      0x2dc Src\Satellite.o
 .debug_loc     0x00012974      0x41e Src\bsp_driver_sd.o
 .debug_loc     0x00012d92       0x2c Src\main.o
 .debug_loc     0x00012dbe      0x3a5 Src\sd_diskio.o
 .debug_loc     0x00013163      0x108 Src\stm32f4xx_hal_msp.o
 .debug_loc     0x0001326b       0x94 Src\stm32f4xx_hal_timebase_tim.o
 .debug_loc     0x000132ff      0x11c Src\system_stm32f4xx.o

.debug_aranges  0x00000000     0x12f0
 .debug_aranges
                0x00000000       0xd8 Drivers\STM32F4xx_HAL_Driver\Src\stm32f4xx_hal.o
 .debug_aranges
                0x000000d8       0xc8 Drivers\STM32F4xx_HAL_Driver\Src\stm32f4xx_hal_can.o
 .debug_aranges
                0x000001a0       0xa8 Drivers\STM32F4xx_HAL_Driver\Src\stm32f4xx_hal_cortex.o
 .debug_aranges
                0x00000248       0x80 Drivers\STM32F4xx_HAL_Driver\Src\stm32f4xx_hal_dma.o
 .debug_aranges
                0x000002c8       0x58 Drivers\STM32F4xx_HAL_Driver\Src\stm32f4xx_hal_gpio.o
 .debug_aranges
                0x00000320      0x190 Drivers\STM32F4xx_HAL_Driver\Src\stm32f4xx_hal_i2c.o
 .debug_aranges
                0x000004b0       0x88 Drivers\STM32F4xx_HAL_Driver\Src\stm32f4xx_hal_rcc.o
 .debug_aranges
                0x00000538       0x78 Drivers\STM32F4xx_HAL_Driver\Src\stm32f4xx_hal_rcc_ex.o
 .debug_aranges
                0x000005b0       0xa8 Drivers\STM32F4xx_HAL_Driver\Src\stm32f4xx_hal_rtc.o
 .debug_aranges
                0x00000658      0x110 Drivers\STM32F4xx_HAL_Driver\Src\stm32f4xx_hal_rtc_ex.o
 .debug_aranges
                0x00000768       0xf8 Drivers\STM32F4xx_HAL_Driver\Src\stm32f4xx_hal_sd.o
 .debug_aranges
                0x00000860      0x250 Drivers\STM32F4xx_HAL_Driver\Src\stm32f4xx_hal_tim.o
 .debug_aranges
                0x00000ab0       0xf0 Drivers\STM32F4xx_HAL_Driver\Src\stm32f4xx_hal_tim_ex.o
 .debug_aranges
                0x00000ba0      0x150 Drivers\STM32F4xx_HAL_Driver\Src\stm32f4xx_ll_sdmmc.o
 .debug_aranges
                0x00000cf0       0x48 Middlewares\Third_Party\FatFs\src\diskio.o
 .debug_aranges
                0x00000d38      0x1b8 Middlewares\Third_Party\FatFs\src\ff.o
 .debug_aranges
                0x00000ef0       0x40 Middlewares\Third_Party\FatFs\src\ff_gen_drv.o
 .debug_aranges
                0x00000f30       0x90 Src\Bn0.o
 .debug_aranges
                0x00000fc0       0x58 Src\SDCard.o
 .debug_aranges
                0x00001018       0x58 Src\Satellite.o
 .debug_aranges
                0x00001070       0xa8 Src\bsp_driver_sd.o
 .debug_aranges
                0x00001118       0x28 Src\fatfs.o
 .debug_aranges
                0x00001140       0x38 Src\main.o
 .debug_aranges
                0x00001178       0x48 Src\sd_diskio.o
 .debug_aranges
                0x000011c0       0x60 Src\stm32f4xx_hal_msp.o
 .debug_aranges
                0x00001220       0x30 Src\stm32f4xx_hal_timebase_tim.o
 .debug_aranges
                0x00001250       0x50 Src\stm32f4xx_it.o
 .debug_aranges
                0x000012a0       0x28 Src\system_stm32f4xx.o
 .debug_aranges
                0x000012c8       0x28 startup\startup_stm32f446xx.o

.debug_ranges   0x00000000     0x1b78
 .debug_ranges  0x00000000       0xc8 Drivers\STM32F4xx_HAL_Driver\Src\stm32f4xx_hal.o
 .debug_ranges  0x000000c8       0xb8 Drivers\STM32F4xx_HAL_Driver\Src\stm32f4xx_hal_can.o
 .debug_ranges  0x00000180      0x138 Drivers\STM32F4xx_HAL_Driver\Src\stm32f4xx_hal_cortex.o
 .debug_ranges  0x000002b8       0xc8 Drivers\STM32F4xx_HAL_Driver\Src\stm32f4xx_hal_dma.o
 .debug_ranges  0x00000380       0x68 Drivers\STM32F4xx_HAL_Driver\Src\stm32f4xx_hal_gpio.o
 .debug_ranges  0x000003e8      0x358 Drivers\STM32F4xx_HAL_Driver\Src\stm32f4xx_hal_i2c.o
 .debug_ranges  0x00000740       0xb0 Drivers\STM32F4xx_HAL_Driver\Src\stm32f4xx_hal_rcc.o
 .debug_ranges  0x000007f0       0x80 Drivers\STM32F4xx_HAL_Driver\Src\stm32f4xx_hal_rcc_ex.o
 .debug_ranges  0x00000870       0x98 Drivers\STM32F4xx_HAL_Driver\Src\stm32f4xx_hal_rtc.o
 .debug_ranges  0x00000908      0x100 Drivers\STM32F4xx_HAL_Driver\Src\stm32f4xx_hal_rtc_ex.o
 .debug_ranges  0x00000a08      0x1f8 Drivers\STM32F4xx_HAL_Driver\Src\stm32f4xx_hal_sd.o
 .debug_ranges  0x00000c00      0x330 Drivers\STM32F4xx_HAL_Driver\Src\stm32f4xx_hal_tim.o
 .debug_ranges  0x00000f30       0xe0 Drivers\STM32F4xx_HAL_Driver\Src\stm32f4xx_hal_tim_ex.o
 .debug_ranges  0x00001010      0x1b8 Drivers\STM32F4xx_HAL_Driver\Src\stm32f4xx_ll_sdmmc.o
 .debug_ranges  0x000011c8       0x38 Middlewares\Third_Party\FatFs\src\diskio.o
 .debug_ranges  0x00001200      0x430 Middlewares\Third_Party\FatFs\src\ff.o
 .debug_ranges  0x00001630       0x30 Middlewares\Third_Party\FatFs\src\ff_gen_drv.o
 .debug_ranges  0x00001660       0x98 Src\Bn0.o
 .debug_ranges  0x000016f8       0xa8 Src\SDCard.o
 .debug_ranges  0x000017a0       0x60 Src\Satellite.o
 .debug_ranges  0x00001800       0x98 Src\bsp_driver_sd.o
 .debug_ranges  0x00001898       0x18 Src\fatfs.o
 .debug_ranges  0x000018b0       0xf0 Src\main.o
 .debug_ranges  0x000019a0       0x50 Src\sd_diskio.o
 .debug_ranges  0x000019f0       0xd0 Src\stm32f4xx_hal_msp.o
 .debug_ranges  0x00001ac0       0x40 Src\stm32f4xx_hal_timebase_tim.o
 .debug_ranges  0x00001b00       0x40 Src\stm32f4xx_it.o
 .debug_ranges  0x00001b40       0x18 Src\system_stm32f4xx.o
 .debug_ranges  0x00001b58       0x20 startup\startup_stm32f446xx.o

.debug_line     0x00000000     0xc232
 .debug_line    0x00000000      0x492 Drivers\STM32F4xx_HAL_Driver\Src\stm32f4xx_hal.o
 .debug_line    0x00000492      0x716 Drivers\STM32F4xx_HAL_Driver\Src\stm32f4xx_hal_can.o
 .debug_line    0x00000ba8      0x4dc Drivers\STM32F4xx_HAL_Driver\Src\stm32f4xx_hal_cortex.o
 .debug_line    0x00001084      0x5f7 Drivers\STM32F4xx_HAL_Driver\Src\stm32f4xx_hal_dma.o
 .debug_line    0x0000167b      0x475 Drivers\STM32F4xx_HAL_Driver\Src\stm32f4xx_hal_gpio.o
 .debug_line    0x00001af0     0x1887 Drivers\STM32F4xx_HAL_Driver\Src\stm32f4xx_hal_i2c.o
 .debug_line    0x00003377      0x58b Drivers\STM32F4xx_HAL_Driver\Src\stm32f4xx_hal_rcc.o
 .debug_line    0x00003902      0x78a Drivers\STM32F4xx_HAL_Driver\Src\stm32f4xx_hal_rcc_ex.o
 .debug_line    0x0000408c      0x6a1 Drivers\STM32F4xx_HAL_Driver\Src\stm32f4xx_hal_rtc.o
 .debug_line    0x0000472d      0x976 Drivers\STM32F4xx_HAL_Driver\Src\stm32f4xx_hal_rtc_ex.o
 .debug_line    0x000050a3      0xa92 Drivers\STM32F4xx_HAL_Driver\Src\stm32f4xx_hal_sd.o
 .debug_line    0x00005b35     0x117f Drivers\STM32F4xx_HAL_Driver\Src\stm32f4xx_hal_tim.o
 .debug_line    0x00006cb4      0x6cb Drivers\STM32F4xx_HAL_Driver\Src\stm32f4xx_hal_tim_ex.o
 .debug_line    0x0000737f      0x791 Drivers\STM32F4xx_HAL_Driver\Src\stm32f4xx_ll_sdmmc.o
 .debug_line    0x00007b10      0x3aa Middlewares\Third_Party\FatFs\src\diskio.o
 .debug_line    0x00007eba     0x134b Middlewares\Third_Party\FatFs\src\ff.o
 .debug_line    0x00009205      0x3b2 Middlewares\Third_Party\FatFs\src\ff_gen_drv.o
 .debug_line    0x000095b7      0x487 Src\Bn0.o
 .debug_line    0x00009a3e      0x491 Src\SDCard.o
 .debug_line    0x00009ecf      0x498 Src\Satellite.o
 .debug_line    0x0000a367      0x3f6 Src\bsp_driver_sd.o
 .debug_line    0x0000a75d      0x382 Src\fatfs.o
 .debug_line    0x0000aadf      0x583 Src\main.o
 .debug_line    0x0000b062      0x418 Src\sd_diskio.o
 .debug_line    0x0000b47a      0x456 Src\stm32f4xx_hal_msp.o
 .debug_line    0x0000b8d0      0x327 Src\stm32f4xx_hal_timebase_tim.o
 .debug_line    0x0000bbf7      0x347 Src\stm32f4xx_it.o
 .debug_line    0x0000bf3e      0x275 Src\system_stm32f4xx.o
 .debug_line    0x0000c1b3       0x7f startup\startup_stm32f446xx.o

.debug_str      0x00000000     0x79b1
 .debug_str     0x00000000      0xf4d Drivers\STM32F4xx_HAL_Driver\Src\stm32f4xx_hal.o
                               0x1032 (size before relaxing)
 .debug_str     0x00000f4d      0x7a4 Drivers\STM32F4xx_HAL_Driver\Src\stm32f4xx_hal_can.o
                                0xeea (size before relaxing)
 .debug_str     0x000016f1      0x3ca Drivers\STM32F4xx_HAL_Driver\Src\stm32f4xx_hal_cortex.o
                               0x10e4 (size before relaxing)
 .debug_str     0x00001abb      0x4fd Drivers\STM32F4xx_HAL_Driver\Src\stm32f4xx_hal_dma.o
                                0xbff (size before relaxing)
 .debug_str     0x00001fb8      0x1d1 Drivers\STM32F4xx_HAL_Driver\Src\stm32f4xx_hal_gpio.o
                                0x99e (size before relaxing)
 .debug_str     0x00002189      0xa5a Drivers\STM32F4xx_HAL_Driver\Src\stm32f4xx_hal_i2c.o
                               0x13c4 (size before relaxing)
 .debug_str     0x00002be3      0x2ce Drivers\STM32F4xx_HAL_Driver\Src\stm32f4xx_hal_rcc.o
                                0xb76 (size before relaxing)
 .debug_str     0x00002eb1      0x347 Drivers\STM32F4xx_HAL_Driver\Src\stm32f4xx_hal_rcc_ex.o
                                0xc79 (size before relaxing)
 .debug_str     0x000031f8      0x4a1 Drivers\STM32F4xx_HAL_Driver\Src\stm32f4xx_hal_rtc.o
                                0xbce (size before relaxing)
 .debug_str     0x00003699      0x551 Drivers\STM32F4xx_HAL_Driver\Src\stm32f4xx_hal_rtc_ex.o
                                0xf2e (size before relaxing)
 .debug_str     0x00003bea      0xc1f Drivers\STM32F4xx_HAL_Driver\Src\stm32f4xx_hal_sd.o
                               0x15ee (size before relaxing)
 .debug_str     0x00004809      0xeea Drivers\STM32F4xx_HAL_Driver\Src\stm32f4xx_hal_tim.o
                               0x183e (size before relaxing)
 .debug_str     0x000056f3      0x50d Drivers\STM32F4xx_HAL_Driver\Src\stm32f4xx_hal_tim_ex.o
                               0x10fe (size before relaxing)
 .debug_str     0x00005c00      0x1fc Drivers\STM32F4xx_HAL_Driver\Src\stm32f4xx_ll_sdmmc.o
                                0xc60 (size before relaxing)
 .debug_str     0x00005dfc      0x113 Middlewares\Third_Party\FatFs\src\diskio.o
                                0x96b (size before relaxing)
 .debug_str     0x00005f0f      0x5bd Middlewares\Third_Party\FatFs\src\ff.o
                                0xef3 (size before relaxing)
 .debug_str     0x000064cc       0xa2 Middlewares\Third_Party\FatFs\src\ff_gen_drv.o
                                0x9bc (size before relaxing)
 .debug_str     0x0000656e      0xe2f Src\Bn0.o
                               0x19e7 (size before relaxing)
 .debug_str     0x0000739d       0xfc Src\SDCard.o
                                0xd65 (size before relaxing)
 .debug_str     0x00007499       0xe5 Src\Satellite.o
                                0xfdb (size before relaxing)
 .debug_str     0x0000757e      0x1b5 Src\bsp_driver_sd.o
                                0xe87 (size before relaxing)
 .debug_str     0x00007733       0x1d Src\fatfs.o
                                0xa30 (size before relaxing)
 .debug_str     0x00007750       0x8b Src\main.o
                               0x1cf6 (size before relaxing)
 .debug_str     0x000077db       0x59 Src\sd_diskio.o
                                0xa35 (size before relaxing)
 .debug_str     0x00007834       0x1b Src\stm32f4xx_hal_msp.o
                               0x192b (size before relaxing)
 .debug_str     0x0000784f       0x50 Src\stm32f4xx_hal_timebase_tim.o
                               0x1238 (size before relaxing)
 .debug_str     0x0000789f       0xcd Src\stm32f4xx_it.o
                                0xfae (size before relaxing)
 .debug_str     0x0000796c       0x45 Src\system_stm32f4xx.o
                                0x802 (size before relaxing)

.comment        0x00000000       0x7c
 .comment       0x00000000       0x7c Drivers\STM32F4xx_HAL_Driver\Src\stm32f4xx_hal.o
                                 0x7d (size before relaxing)
 .comment       0x0000007c       0x7d Drivers\STM32F4xx_HAL_Driver\Src\stm32f4xx_hal_can.o
 .comment       0x0000007c       0x7d Drivers\STM32F4xx_HAL_Driver\Src\stm32f4xx_hal_cortex.o
 .comment       0x0000007c       0x7d Drivers\STM32F4xx_HAL_Driver\Src\stm32f4xx_hal_dma.o
 .comment       0x0000007c       0x7d Drivers\STM32F4xx_HAL_Driver\Src\stm32f4xx_hal_gpio.o
 .comment       0x0000007c       0x7d Drivers\STM32F4xx_HAL_Driver\Src\stm32f4xx_hal_i2c.o
 .comment       0x0000007c       0x7d Drivers\STM32F4xx_HAL_Driver\Src\stm32f4xx_hal_rcc.o
 .comment       0x0000007c       0x7d Drivers\STM32F4xx_HAL_Driver\Src\stm32f4xx_hal_rcc_ex.o
 .comment       0x0000007c       0x7d Drivers\STM32F4xx_HAL_Driver\Src\stm32f4xx_hal_rtc.o
 .comment       0x0000007c       0x7d Drivers\STM32F4xx_HAL_Driver\Src\stm32f4xx_hal_rtc_ex.o
 .comment       0x0000007c       0x7d Drivers\STM32F4xx_HAL_Driver\Src\stm32f4xx_hal_sd.o
 .comment       0x0000007c       0x7d Drivers\STM32F4xx_HAL_Driver\Src\stm32f4xx_hal_tim.o
 .comment       0x0000007c       0x7d Drivers\STM32F4xx_HAL_Driver\Src\stm32f4xx_hal_tim_ex.o
 .comment       0x0000007c       0x7d Drivers\STM32F4xx_HAL_Driver\Src\stm32f4xx_ll_sdmmc.o
 .comment       0x0000007c       0x7d Middlewares\Third_Party\FatFs\src\diskio.o
 .comment       0x0000007c       0x7d Middlewares\Third_Party\FatFs\src\ff.o
 .comment       0x0000007c       0x7d Middlewares\Third_Party\FatFs\src\ff_gen_drv.o
 .comment       0x0000007c       0x7d Src\Bn0.o
 .comment       0x0000007c       0x7d Src\SDCard.o
 .comment       0x0000007c       0x7d Src\Satellite.o
 .comment       0x0000007c       0x7d Src\bsp_driver_sd.o
 .comment       0x0000007c       0x7d Src\fatfs.o
 .comment       0x0000007c       0x7d Src\main.o
 .comment       0x0000007c       0x7d Src\sd_diskio.o
 .comment       0x0000007c       0x7d Src\stm32f4xx_hal_msp.o
 .comment       0x0000007c       0x7d Src\stm32f4xx_hal_timebase_tim.o
 .comment       0x0000007c       0x7d Src\stm32f4xx_it.o
 .comment       0x0000007c       0x7d Src\system_stm32f4xx.o

.debug_frame    0x00000000     0x3dec
 .debug_frame   0x00000000      0x1d0 Drivers\STM32F4xx_HAL_Driver\Src\stm32f4xx_hal.o
 .debug_frame   0x000001d0      0x2cc Drivers\STM32F4xx_HAL_Driver\Src\stm32f4xx_hal_can.o
 .debug_frame   0x0000049c      0x158 Drivers\STM32F4xx_HAL_Driver\Src\stm32f4xx_hal_cortex.o
 .debug_frame   0x000005f4      0x150 Drivers\STM32F4xx_HAL_Driver\Src\stm32f4xx_hal_dma.o
 .debug_frame   0x00000744       0xd8 Drivers\STM32F4xx_HAL_Driver\Src\stm32f4xx_hal_gpio.o
 .debug_frame   0x0000081c      0x684 Drivers\STM32F4xx_HAL_Driver\Src\stm32f4xx_hal_i2c.o
 .debug_frame   0x00000ea0      0x13c Drivers\STM32F4xx_HAL_Driver\Src\stm32f4xx_hal_rcc.o
 .debug_frame   0x00000fdc      0x150 Drivers\STM32F4xx_HAL_Driver\Src\stm32f4xx_hal_rcc_ex.o
 .debug_frame   0x0000112c      0x218 Drivers\STM32F4xx_HAL_Driver\Src\stm32f4xx_hal_rtc.o
 .debug_frame   0x00001344      0x348 Drivers\STM32F4xx_HAL_Driver\Src\stm32f4xx_hal_rtc_ex.o
 .debug_frame   0x0000168c      0x3c0 Drivers\STM32F4xx_HAL_Driver\Src\stm32f4xx_hal_sd.o
 .debug_frame   0x00001a4c      0x854 Drivers\STM32F4xx_HAL_Driver\Src\stm32f4xx_hal_tim.o
 .debug_frame   0x000022a0      0x330 Drivers\STM32F4xx_HAL_Driver\Src\stm32f4xx_hal_tim_ex.o
 .debug_frame   0x000025d0      0x458 Drivers\STM32F4xx_HAL_Driver\Src\stm32f4xx_ll_sdmmc.o
 .debug_frame   0x00002a28       0x94 Middlewares\Third_Party\FatFs\src\diskio.o
 .debug_frame   0x00002abc      0x6a4 Middlewares\Third_Party\FatFs\src\ff.o
 .debug_frame   0x00003160       0x6c Middlewares\Third_Party\FatFs\src\ff_gen_drv.o
 .debug_frame   0x000031cc      0x210 Src\Bn0.o
 .debug_frame   0x000033dc      0x108 Src\SDCard.o
 .debug_frame   0x000034e4      0x130 Src\Satellite.o
 .debug_frame   0x00003614      0x1b8 Src\bsp_driver_sd.o
 .debug_frame   0x000037cc       0x38 Src\fatfs.o
 .debug_frame   0x00003804       0x6c Src\main.o
 .debug_frame   0x00003870       0xa0 Src\sd_diskio.o
 .debug_frame   0x00003910      0x100 Src\stm32f4xx_hal_msp.o
 .debug_frame   0x00003a10       0x54 Src\stm32f4xx_hal_timebase_tim.o
 .debug_frame   0x00003a64       0xc0 Src\stm32f4xx_it.o
 .debug_frame   0x00003b24       0x38 Src\system_stm32f4xx.o
 .debug_frame   0x00003b5c       0x2c c:/program files (x86)/atollic/truestudio for stm32 9.2.0/armtools/bin/../lib/gcc/arm-atollic-eabi/6.3.1/../../../../arm-atollic-eabi/lib/armv7e-m/fpu\libc_nano.a(lib_a-init.o)
 .debug_frame   0x00003b88       0x20 c:/program files (x86)/atollic/truestudio for stm32 9.2.0/armtools/bin/../lib/gcc/arm-atollic-eabi/6.3.1/../../../../arm-atollic-eabi/lib/armv7e-m/fpu\libc_nano.a(lib_a-memset.o)
 .debug_frame   0x00003ba8       0xac c:/program files (x86)/atollic/truestudio for stm32 9.2.0/armtools/bin/../lib/gcc/arm-atollic-eabi/6.3.1/armv7e-m/fpu\libgcc.a(_arm_addsubdf3.o)
 .debug_frame   0x00003c54       0x50 c:/program files (x86)/atollic/truestudio for stm32 9.2.0/armtools/bin/../lib/gcc/arm-atollic-eabi/6.3.1/armv7e-m/fpu\libgcc.a(_arm_muldivdf3.o)
 .debug_frame   0x00003ca4       0xc4 c:/program files (x86)/atollic/truestudio for stm32 9.2.0/armtools/bin/../lib/gcc/arm-atollic-eabi/6.3.1/armv7e-m/fpu\libgcc.a(_arm_cmpdf2.o)
 .debug_frame   0x00003d68       0x24 c:/program files (x86)/atollic/truestudio for stm32 9.2.0/armtools/bin/../lib/gcc/arm-atollic-eabi/6.3.1/armv7e-m/fpu\libgcc.a(_arm_fixdfsi.o)
 .debug_frame   0x00003d8c       0x2c c:/program files (x86)/atollic/truestudio for stm32 9.2.0/armtools/bin/../lib/gcc/arm-atollic-eabi/6.3.1/armv7e-m/fpu\libgcc.a(_aeabi_uldivmod.o)
 .debug_frame   0x00003db8       0x34 c:/program files (x86)/atollic/truestudio for stm32 9.2.0/armtools/bin/../lib/gcc/arm-atollic-eabi/6.3.1/armv7e-m/fpu\libgcc.a(_udivmoddi4.o)
