Archive member included to satisfy reference by file (symbol)

c:/program files (x86)/atollic/truestudio for stm32 9.2.0/armtools/bin/../lib/gcc/arm-atollic-eabi/6.3.1/../../../../arm-atollic-eabi/lib/armv7e-m/fpu\libc_nano.a(lib_a-init.o)
                              startup\startup_stm32f446xx.o (__libc_init_array)
c:/program files (x86)/atollic/truestudio for stm32 9.2.0/armtools/bin/../lib/gcc/arm-atollic-eabi/6.3.1/../../../../arm-atollic-eabi/lib/armv7e-m/fpu\libc_nano.a(lib_a-memcpy-stub.o)
                              Middlewares\Third_Party\FreeRTOS\Source\queue.o (memcpy)
c:/program files (x86)/atollic/truestudio for stm32 9.2.0/armtools/bin/../lib/gcc/arm-atollic-eabi/6.3.1/../../../../arm-atollic-eabi/lib/armv7e-m/fpu\libc_nano.a(lib_a-memset.o)
                              Src\main.o (memset)
c:/program files (x86)/atollic/truestudio for stm32 9.2.0/armtools/bin/../lib/gcc/arm-atollic-eabi/6.3.1/armv7e-m/fpu\libgcc.a(_arm_addsubdf3.o)
                              Src\Satellite.o (__aeabi_dsub)
c:/program files (x86)/atollic/truestudio for stm32 9.2.0/armtools/bin/../lib/gcc/arm-atollic-eabi/6.3.1/armv7e-m/fpu\libgcc.a(_arm_muldivdf3.o)
                              Src\Satellite.o (__aeabi_dmul)
c:/program files (x86)/atollic/truestudio for stm32 9.2.0/armtools/bin/../lib/gcc/arm-atollic-eabi/6.3.1/armv7e-m/fpu\libgcc.a(_arm_cmpdf2.o)
                              Src\Satellite.o (__aeabi_dcmplt)
c:/program files (x86)/atollic/truestudio for stm32 9.2.0/armtools/bin/../lib/gcc/arm-atollic-eabi/6.3.1/armv7e-m/fpu\libgcc.a(_arm_fixdfsi.o)
                              Src\Satellite.o (__aeabi_d2iz)
c:/program files (x86)/atollic/truestudio for stm32 9.2.0/armtools/bin/../lib/gcc/arm-atollic-eabi/6.3.1/armv7e-m/fpu\libgcc.a(_aeabi_uldivmod.o)
                              Drivers\STM32F4xx_HAL_Driver\Src\stm32f4xx_hal_rcc.o (__aeabi_uldivmod)
c:/program files (x86)/atollic/truestudio for stm32 9.2.0/armtools/bin/../lib/gcc/arm-atollic-eabi/6.3.1/armv7e-m/fpu\libgcc.a(_udivmoddi4.o)
                              c:/program files (x86)/atollic/truestudio for stm32 9.2.0/armtools/bin/../lib/gcc/arm-atollic-eabi/6.3.1/armv7e-m/fpu\libgcc.a(_aeabi_uldivmod.o) (__udivmoddi4)
c:/program files (x86)/atollic/truestudio for stm32 9.2.0/armtools/bin/../lib/gcc/arm-atollic-eabi/6.3.1/armv7e-m/fpu\libgcc.a(_dvmd_tls.o)
                              c:/program files (x86)/atollic/truestudio for stm32 9.2.0/armtools/bin/../lib/gcc/arm-atollic-eabi/6.3.1/armv7e-m/fpu\libgcc.a(_aeabi_uldivmod.o) (__aeabi_ldiv0)

Allocating common symbols
Common symbol       size              file

retSD               0x1               Src\fatfs.o
defaultTaskHandle   0x4               Src\main.o
SD_Semaphore        0x4               Src\SDCard.o
hi2c1               0x54              Middlewares\Third_Party\FatFs\src\diskio.o
hi2c2               0x54              Middlewares\Third_Party\FatFs\src\diskio.o
uwTick              0x4               Drivers\STM32F4xx_HAL_Driver\Src\stm32f4xx_hal.o
xQueueRegistry      0x40              Middlewares\Third_Party\FreeRTOS\Source\queue.o
pFlash              0x20              Drivers\STM32F4xx_HAL_Driver\Src\stm32f4xx_hal_flash.o
myFatFS             0x234             Src\SDCard.o
SDPath              0x4               Src\fatfs.o
fileObj             0x230             Src\SDCard.o
hrtc                0x20              Middlewares\Third_Party\FatFs\src\diskio.o
htim6               0x3c              Src\stm32f4xx_hal_timebase_tim.o
hsd                 0x84              Src\main.o
SDFile              0x230             Src\fatfs.o
hcan1               0x28              Src\main.o
SDFatFS             0x234             Src\fatfs.o

Discarded input sections

 .text          0x00000000        0x0 c:/program files (x86)/atollic/truestudio for stm32 9.2.0/armtools/bin/../lib/gcc/arm-atollic-eabi/6.3.1/armv7e-m/fpu/crti.o
 .data          0x00000000        0x0 c:/program files (x86)/atollic/truestudio for stm32 9.2.0/armtools/bin/../lib/gcc/arm-atollic-eabi/6.3.1/armv7e-m/fpu/crti.o
 .bss           0x00000000        0x0 c:/program files (x86)/atollic/truestudio for stm32 9.2.0/armtools/bin/../lib/gcc/arm-atollic-eabi/6.3.1/armv7e-m/fpu/crti.o
 .data          0x00000000        0x4 c:/program files (x86)/atollic/truestudio for stm32 9.2.0/armtools/bin/../lib/gcc/arm-atollic-eabi/6.3.1/armv7e-m/fpu/crtbegin.o
 .text          0x00000000        0x0 Drivers\STM32F4xx_HAL_Driver\Src\stm32f4xx_hal.o
 .data          0x00000000        0x0 Drivers\STM32F4xx_HAL_Driver\Src\stm32f4xx_hal.o
 .bss           0x00000000        0x0 Drivers\STM32F4xx_HAL_Driver\Src\stm32f4xx_hal.o
 .text.HAL_MspInit
                0x00000000        0x2 Drivers\STM32F4xx_HAL_Driver\Src\stm32f4xx_hal.o
 .text.HAL_MspDeInit
                0x00000000        0x2 Drivers\STM32F4xx_HAL_Driver\Src\stm32f4xx_hal.o
 .text.HAL_DeInit
                0x00000000       0x2c Drivers\STM32F4xx_HAL_Driver\Src\stm32f4xx_hal.o
 .text.HAL_InitTick
[...]
Memory Configuration

Name             Origin             Length             Attributes
RAM              0x20000000         0x00020000         xrw
FLASH            0x08000000         0x00040000         xr
*default*        0x00000000         0xffffffff

Linker script and memory map

LOAD c:/program files (x86)/atollic/truestudio for stm32 9.2.0/armtools/bin/../lib/gcc/arm-atollic-eabi/6.3.1/armv7e-m/fpu/crti.o
LOAD c:/program files (x86)/atollic/truestudio for stm32 9.2.0/armtools/bin/../lib/gcc/arm-atollic-eabi/6.3.1/armv7e-m/fpu/crtbegin.o
LOAD Drivers\STM32F4xx_HAL_Driver\Src\stm32f4xx_hal.o
LOAD Drivers\STM32F4xx_HAL_Driver\Src\stm32f4xx_hal_can.o
LOAD Drivers\STM32F4xx_HAL_Driver\Src\stm32f4xx_hal_cortex.o
LOAD Drivers\STM32F4xx_HAL_Driver\Src\stm32f4xx_hal_dma.o
LOAD Drivers\STM32F4xx_HAL_Driver\Src\stm32f4xx_hal_dma_ex.o
LOAD Drivers\STM32F4xx_HAL_Driver\Src\stm32f4xx_hal_flash.o
LOAD Drivers\STM32F4xx_HAL_Driver\Src\stm32f4xx_hal_flash_ex.o
LOAD Drivers\STM32F4xx_HAL_Driver\Src\stm32f4xx_hal_flash_ramfunc.o
LOAD Drivers\STM32F4xx_HAL_Driver\Src\stm32f4xx_hal_gpio.o
LOAD Drivers\STM32F4xx_HAL_Driver\Src\stm32f4xx_hal_i2c.o
LOAD Drivers\STM32F4xx_HAL_Driver\Src\stm32f4xx_hal_i2c_ex.o
LOAD Drivers\STM32F4xx_HAL_Driver\Src\stm32f4xx_hal_pwr.o
LOAD Drivers\STM32F4xx_HAL_Driver\Src\stm32f4xx_hal_pwr_ex.o
LOAD Drivers\STM32F4xx_HAL_Driver\Src\stm32f4xx_hal_rcc.o
LOAD Drivers\STM32F4xx_HAL_Driver\Src\stm32f4xx_hal_rcc_ex.o
LOAD Drivers\STM32F4xx_HAL_Driver\Src\stm32f4xx_hal_rtc.o
LOAD Drivers\STM32F4xx_HAL_Driver\Src\stm32f4xx_hal_rtc_ex.o
LOAD Drivers\STM32F4xx_HAL_Driver\Src\stm32f4xx_hal_sd.o
LOAD Drivers\STM32F4xx_HAL_Driver\Src\stm32f4xx_hal_tim.o
LOAD Drivers\STM32F4xx_HAL_Driver\Src\stm32f4xx_hal_tim_ex.o
LOAD Drivers\STM32F4xx_HAL_Driver\Src\stm32f4xx_ll_sdmmc.o
LOAD Middlewares\Third_Party\FatFs\src\diskio.o
LOAD Middlewares\Third_Party\FatFs\src\ff.o
LOAD Middlewares\Third_Party\FatFs\src\ff_gen_drv.o
LOAD Middlewares\Third_Party\FatFs\src\option\syscall.o
LOAD Middlewares\Third_Party\FreeRTOS\Source\CMSIS_RTOS\cmsis_os.o
LOAD Middlewares\Third_Party\FreeRTOS\Source\croutine.o
LOAD Middlewares\Third_Party\FreeRTOS\Source\event_groups.o
LOAD Middlewares\Third_Party\FreeRTOS\Source\list.o
LOAD Middlewares\Third_Party\FreeRTOS\Source\portable\GCC\ARM_CM4F\port.o
LOAD Middlewares\Third_Party\FreeRTOS\Source\portable\MemMang\heap_4.o
LOAD Middlewares\Third_Party\FreeRTOS\Source\queue.o
LOAD Middlewares\Third_Party\FreeRTOS\Source\tasks.o
LOAD Middlewares\Third_Party\FreeRTOS\Source\timers.o
LOAD Src\Bn0.o
LOAD Src\Camera.o
LOAD Src\SDCard.o
LOAD Src\Satellite.o
LOAD Src\bsp_driver_sd.o
LOAD Src\fatfs.o
LOAD Src\freertos.o
LOAD Src\main.o
LOAD Src\sd_diskio.o
LOAD Src\stm32f4xx_hal_msp.o
LOAD Src\stm32f4xx_hal_timebase_tim.o
LOAD Src\stm32f4xx_it.o
LOAD Src\system_stm32f4xx.o
LOAD startup\startup_stm32f446xx.o
                0x00000080                malloc_getpagesize_P = 0x80
START GROUP
LOAD c:/program files (x86)/atollic/truestudio for stm32 9.2.0/armtools/bin/../lib/gcc/arm-atollic-eabi/6.3.1/../../../../arm-atollic-eabi/lib/armv7e-m/fpu\libc_nano.a
LOAD c:/program files (x86)/atollic/truestudio for stm32 9.2.0/armtools/bin/../lib/gcc/arm-atollic-eabi/6.3.1/../../../../arm-atollic-eabi/lib/armv7e-m/fpu\libm.a
END GROUP
START GROUP
LOAD c:/program files (x86)/atollic/truestudio for stm32 9.2.0/armtools/bin/../lib/gcc/arm-atollic-eabi/6.3.1/armv7e-m/fpu\libgcc.a
LOAD c:/program files (x86)/atollic/truestudio for stm32 9.2.0/armtools/bin/../lib/gcc/arm-atollic-eabi/6.3.1/../../../../arm-atollic-eabi/lib/armv7e-m/fpu\libc_nano.a
END GROUP
START GROUP
LOAD c:/program files (x86)/atollic/truestudio for stm32 9.2.0/armtools/bin/../lib/gcc/arm-atollic-eabi/6.3.1/armv7e-m/fpu\libgcc.a
LOAD c:/program files (x86)/atollic/truestudio for stm32 9.2.0/armtools/bin/../lib/gcc/arm-atollic-eabi/6.3.1/../../../../arm-atollic-eabi/lib/armv7e-m/fpu\libc_nano.a
LOAD c:/program files (x86)/atollic/truestudio for stm32 9.2.0/armtools/bin/../lib/gcc/arm-atollic-eabi/6.3.1/../../../../arm-atollic-eabi/lib/armv7e-m/fpu\libnosys.a
END GROUP
START GROUP
LOAD c:/program files (x86)/atollic/truestudio for stm32 9.2.0/armtools/bin/../lib/gcc/arm-atollic-eabi/6.3.1/armv7e-m/fpu\libgcc.a
LOAD c:/program files (x86)/atollic/truestudio for stm32 9.2.0/armtools/bin/../lib/gcc/arm-atollic-eabi/6.3.1/../../../../arm-atollic-eabi/lib/armv7e-m/fpu\libc_nano.a
LOAD c:/program files (x86)/atollic/truestudio for stm32 9.2.0/armtools/bin/../lib/gcc/arm-atollic-eabi/6.3.1/../../../../arm-atollic-eabi/lib/armv7e-m/fpu\libnosys.a
END GROUP
LOAD c:/program files (x86)/atollic/truestudio for stm32 9.2.0/armtools/bin/../lib/gcc/arm-atollic-eabi/6.3.1/armv7e-m/fpu/crtend.o
LOAD c:/program files (x86)/atollic/truestudio for stm32 9.2.0/armtools/bin/../lib/gcc/arm-atollic-eabi/6.3.1/armv7e-m/fpu/crtn.o
                0x20020000                _estack = 0x20020000
                0x00002000                _Min_Heap_Size = 0x2000
                0x00004000                _Min_Stack_Size = 0x4000

.isr_vector     0x08000000      0x1c4
                0x08000000                . = ALIGN (0x4)
 *(.isr_vector)
 .isr_vector    0x08000000      0x1c4 startup\startup_stm32f446xx.o
                0x08000000                g_pfnVectors
                0x080001c4                . = ALIGN (0x4)

.text           0x080001d0     0x7dc4
                0x080001d0                . = ALIGN (0x4)
 *(.text)
 .text          0x080001d0       0x40 c:/program files (x86)/atollic/truestudio for stm32 9.2.0/armtools/bin/../lib/gcc/arm-atollic-eabi/6.3.1/armv7e-m/fpu/crtbegin.o
 .text          0x08000210      0x370 c:/program files (x86)/atollic/truestudio for stm32 9.2.0/armtools/bin/../lib/gcc/arm-atollic-eabi/6.3.1/armv7e-m/fpu\libgcc.a(_arm_addsubdf3.o)
                0x08000210                __aeabi_drsub
                0x08000218                __aeabi_dsub
                0x08000218                __subdf3
                0x0800021c                __aeabi_dadd
                0x0800021c                __adddf3
                0x08000494                __floatunsidf
                0x08000494                __aeabi_ui2d
                0x080004b4                __floatsidf
                0x080004b4                __aeabi_i2d
                0x080004d8                __aeabi_f2d
                0x080004d8                __extendsfdf2
                0x08000514                __floatundidf
                0x08000514                __aeabi_ul2d
                0x08000524                __floatdidf
                0x08000524                __aeabi_l2d
 .text          0x08000580      0x424 c:/program files (x86)/atollic/truestudio for stm32 9.2.0/armtools/bin/../lib/gcc/arm-atollic-eabi/6.3.1/armv7e-m/fpu\libgcc.a(_arm_muldivdf3.o)
                0x08000580                __aeabi_dmul
                0x08000580                __muldf3
                0x080007d4                __divdf3
                0x080007d4                __aeabi_ddiv
 .text          0x080009a4      0x110 c:/program files (x86)/atollic/truestudio for stm32 9.2.0/armtools/bin/../lib/gcc/arm-atollic-eabi/6.3.1/armv7e-m/fpu\libgcc.a(_arm_cmpdf2.o)
                0x080009a4                __gtdf2
                0x080009a4                __gedf2
                0x080009ac                __ltdf2
                0x080009ac                __ledf2
                0x080009b4                __nedf2
                0x080009b4                __eqdf2
                0x080009b4                __cmpdf2
                0x08000a30                __aeabi_cdrcmple
                0x08000a40                __aeabi_cdcmpeq
                0x08000a40                __aeabi_cdcmple
                0x08000a50                __aeabi_dcmpeq
                0x08000a64                __aeabi_dcmplt
                0x08000a78                __aeabi_dcmple
                0x08000a8c                __aeabi_dcmpge
                0x08000aa0                __aeabi_dcmpgt
 .text          0x08000ab4       0x50 c:/program files (x86)/atollic/truestudio for stm32 9.2.0/armtools/bin/../lib/gcc/arm-atollic-eabi/6.3.1/armv7e-m/fpu\libgcc.a(_arm_fixdfsi.o)
                0x08000ab4                __aeabi_d2iz
                0x08000ab4                __fixdfsi
 .text          0x08000b04       0x30 c:/program files (x86)/atollic/truestudio for stm32 9.2.0/armtools/bin/../lib/gcc/arm-atollic-eabi/6.3.1/armv7e-m/fpu\libgcc.a(_aeabi_uldivmod.o)
                0x08000b04                __aeabi_uldivmod
 .text          0x08000b34      0x2dc c:/program files (x86)/atollic/truestudio for stm32 9.2.0/armtools/bin/../lib/gcc/arm-atollic-eabi/6.3.1/armv7e-m/fpu\libgcc.a(_udivmoddi4.o)
                0x08000b34                __udivmoddi4
 .text          0x08000e10        0x4 c:/program files (x86)/atollic/truestudio for stm32 9.2.0/armtools/bin/../lib/gcc/arm-atollic-eabi/6.3.1/armv7e-m/fpu\libgcc.a(_dvmd_tls.o)
                0x08000e10                __aeabi_idiv0
                0x08000e10                __aeabi_ldiv0
 *(.text*)
 .text.HAL_Init
                0x08000e14       0x34 Drivers\STM32F4xx_HAL_Driver\Src\stm32f4xx_hal.o
                0x08000e14                HAL_Init
 .text.HAL_IncTick
                0x08000e48       0x18 Drivers\STM32F4xx_HAL_Driver\Src\stm32f4xx_hal.o
                0x08000e48                HAL_IncTick
 .text.HAL_GetTick
                0x08000e60        0xc Drivers\STM32F4xx_HAL_Driver\Src\stm32f4xx_hal.o
                0x08000e60                HAL_GetTick
 .text.HAL_Delay
                0x08000e6c       0x28 Drivers\STM32F4xx_HAL_Driver\Src\stm32f4xx_hal.o
                0x08000e6c                HAL_Delay
 .text.HAL_CAN_Init
                0x08000e94       0xf6 Drivers\STM32F4xx_HAL_Driver\Src\stm32f4xx_hal_can.o
                0x08000e94                HAL_CAN_Init
 *fill*         0x08000f8a        0x2 
 .text.HAL_NVIC_SetPriorityGrouping
                0x08000f8c       0x24 Drivers\STM32F4xx_HAL_Driver\Src\stm32f4xx_hal_cortex.o
                0x08000f8c                HAL_NVIC_SetPriorityGrouping
 .text.HAL_NVIC_SetPriority
                0x08000fb0       0x68 Drivers\STM32F4xx_HAL_Driver\Src\stm32f4xx_hal_cortex.o
                0x08000fb0                HAL_NVIC_SetPriority
 .text.HAL_NVIC_EnableIRQ
                0x08001018       0x18 Drivers\STM32F4xx_HAL_Driver\Src\stm32f4xx_hal_cortex.o
                0x08001018                HAL_NVIC_EnableIRQ
 .text.HAL_DMA_Start_IT
                0x08001030       0x7c Drivers\STM32F4xx_HAL_Driver\Src\stm32f4xx_hal_dma.o
                0x08001030                HAL_DMA_Start_IT
 .text.HAL_DMA_Abort_IT
                0x080010ac       0x24 Drivers\STM32F4xx_HAL_Driver\Src\stm32f4xx_hal_dma.o
                0x080010ac                HAL_DMA_Abort_IT
 .text.HAL_GPIO_Init
                0x080010d0      0x1b4 Drivers\STM32F4xx_HAL_Driver\Src\stm32f4xx_hal_gpio.o
                0x080010d0                HAL_GPIO_Init
 .text.HAL_GPIO_WritePin
                0x08001284        0xa Drivers\STM32F4xx_HAL_Driver\Src\stm32f4xx_hal_gpio.o
                0x08001284                HAL_GPIO_WritePin
 .text.I2C_IsAcknowledgeFailed
                0x0800128e       0x2a Drivers\STM32F4xx_HAL_Driver\Src\stm32f4xx_hal_i2c.o
 .text.I2C_WaitOnMasterAddressFlagUntilTimeout
                0x080012b8       0x80 Drivers\STM32F4xx_HAL_Driver\Src\stm32f4xx_hal_i2c.o
 .text.I2C_WaitOnFlagUntilTimeout
                0x08001338       0x5c Drivers\STM32F4xx_HAL_Driver\Src\stm32f4xx_hal_i2c.o
 .text.I2C_WaitOnTXEFlagUntilTimeout
                0x08001394       0x4c Drivers\STM32F4xx_HAL_Driver\Src\stm32f4xx_hal_i2c.o
 .text.I2C_RequestMemoryWrite
                0x080013e0       0xa4 Drivers\STM32F4xx_HAL_Driver\Src\stm32f4xx_hal_i2c.o
 .text.I2C_RequestMemoryRead
                0x08001484       0xf4 Drivers\STM32F4xx_HAL_Driver\Src\stm32f4xx_hal_i2c.o
 .text.I2C_WaitOnRXNEFlagUntilTimeout
                0x08001578       0x5a Drivers\STM32F4xx_HAL_Driver\Src\stm32f4xx_hal_i2c.o
 .text.I2C_WaitOnBTFFlagUntilTimeout
                0x080015d2       0x4c Drivers\STM32F4xx_HAL_Driver\Src\stm32f4xx_hal_i2c.o
 *fill*         0x0800161e        0x2 
 .text.HAL_I2C_Init
                0x08001620       0xdc Drivers\STM32F4xx_HAL_Driver\Src\stm32f4xx_hal_i2c.o
                0x08001620                HAL_I2C_Init
 .text.HAL_I2C_Mem_Write
                0x080016fc      0x12c Drivers\STM32F4xx_HAL_Driver\Src\stm32f4xx_hal_i2c.o
                0x080016fc                HAL_I2C_Mem_Write
 .text.HAL_I2C_Mem_Read
                0x08001828      0x220 Drivers\STM32F4xx_HAL_Driver\Src\stm32f4xx_hal_i2c.o
                0x08001828                HAL_I2C_Mem_Read
 .text.HAL_I2C_IsDeviceReady
                0x08001a48      0x15c Drivers\STM32F4xx_HAL_Driver\Src\stm32f4xx_hal_i2c.o
                0x08001a48                HAL_I2C_IsDeviceReady
 .text.HAL_I2C_MasterTxCpltCallback
                0x08001ba4        0x2 Drivers\STM32F4xx_HAL_Driver\Src\stm32f4xx_hal_i2c.o
                0x08001ba4                HAL_I2C_MasterTxCpltCallback
 .text.HAL_I2C_MasterRxCpltCallback
                0x08001ba6        0x2 Drivers\STM32F4xx_HAL_Driver\Src\stm32f4xx_hal_i2c.o
                0x08001ba6                HAL_I2C_MasterRxCpltCallback
 .text.HAL_I2C_SlaveTxCpltCallback
                0x08001ba8        0x2 Drivers\STM32F4xx_HAL_Driver\Src\stm32f4xx_hal_i2c.o
                0x08001ba8                HAL_I2C_SlaveTxCpltCallback
 .text.HAL_I2C_SlaveRxCpltCallback
                0x08001baa        0x2 Drivers\STM32F4xx_HAL_Driver\Src\stm32f4xx_hal_i2c.o
                0x08001baa                HAL_I2C_SlaveRxCpltCallback
 .text.HAL_I2C_AddrCallback
                0x08001bac        0x2 Drivers\STM32F4xx_HAL_Driver\Src\stm32f4xx_hal_i2c.o
                0x08001bac                HAL_I2C_AddrCallback
 .text.HAL_I2C_ListenCpltCallback
                0x08001bae        0x2 Drivers\STM32F4xx_HAL_Driver\Src\stm32f4xx_hal_i2c.o
                0x08001bae                HAL_I2C_ListenCpltCallback
 .text.HAL_I2C_MemTxCpltCallback
                0x08001bb0        0x2 Drivers\STM32F4xx_HAL_Driver\Src\stm32f4xx_hal_i2c.o
                0x08001bb0                HAL_I2C_MemTxCpltCallback
 .text.HAL_I2C_MemRxCpltCallback
                0x08001bb2        0x2 Drivers\STM32F4xx_HAL_Driver\Src\stm32f4xx_hal_i2c.o
                0x08001bb2                HAL_I2C_MemRxCpltCallback
 .text.HAL_I2C_ErrorCallback
                0x08001bb4        0x2 Drivers\STM32F4xx_HAL_Driver\Src\stm32f4xx_hal_i2c.o
                0x08001bb4                HAL_I2C_ErrorCallback
 .text.HAL_I2C_AbortCpltCallback
                0x08001bb6        0x2 Drivers\STM32F4xx_HAL_Driver\Src\stm32f4xx_hal_i2c.o
                0x08001bb6                HAL_I2C_AbortCpltCallback
 .text.I2C_ITError
                0x08001bb8      0x128 Drivers\STM32F4xx_HAL_Driver\Src\stm32f4xx_hal_i2c.o
 .text.HAL_I2C_EV_IRQHandler
                0x08001ce0      0x6d4 Drivers\STM32F4xx_HAL_Driver\Src\stm32f4xx_hal_i2c.o
                0x08001ce0                HAL_I2C_EV_IRQHandler
 .text.I2C_DMAAbort
                0x080023b4       0x4c Drivers\STM32F4xx_HAL_Driver\Src\stm32f4xx_hal_i2c.o
 .text.HAL_RCC_ClockConfig
                0x08002400      0x134 Drivers\STM32F4xx_HAL_Driver\Src\stm32f4xx_hal_rcc.o
                0x08002400                HAL_RCC_ClockConfig
 .text.HAL_RCC_GetPCLK1Freq
                0x08002534       0x20 Drivers\STM32F4xx_HAL_Driver\Src\stm32f4xx_hal_rcc.o
                0x08002534                HAL_RCC_GetPCLK1Freq
 .text.HAL_RCC_GetClockConfig
                0x08002554       0x3c Drivers\STM32F4xx_HAL_Driver\Src\stm32f4xx_hal_rcc.o
                0x08002554                HAL_RCC_GetClockConfig
 .text.HAL_RCCEx_PeriphCLKConfig
                0x08002590      0x410 Drivers\STM32F4xx_HAL_Driver\Src\stm32f4xx_hal_rcc_ex.o
                0x08002590                HAL_RCCEx_PeriphCLKConfig
 .text.HAL_RCC_GetSysClockFreq
                0x080029a0       0x90 Drivers\STM32F4xx_HAL_Driver\Src\stm32f4xx_hal_rcc_ex.o
                0x080029a0                HAL_RCC_GetSysClockFreq
 .text.HAL_RCC_OscConfig
                0x08002a30      0x334 Drivers\STM32F4xx_HAL_Driver\Src\stm32f4xx_hal_rcc_ex.o
                0x08002a30                HAL_RCC_OscConfig
 .text.HAL_RTC_WaitForSynchro
                0x08002d64       0x30 Drivers\STM32F4xx_HAL_Driver\Src\stm32f4xx_hal_rtc.o
                0x08002d64                HAL_RTC_WaitForSynchro
 .text.RTC_EnterInitMode
                0x08002d94       0x34 Drivers\STM32F4xx_HAL_Driver\Src\stm32f4xx_hal_rtc.o
                0x08002d94                RTC_EnterInitMode
 .text.HAL_RTC_Init
                0x08002dc8       0x9c Drivers\STM32F4xx_HAL_Driver\Src\stm32f4xx_hal_rtc.o
                0x08002dc8                HAL_RTC_Init
 .text.RTC_ByteToBcd2
                0x08002e64       0x16 Drivers\STM32F4xx_HAL_Driver\Src\stm32f4xx_hal_rtc.o
                0x08002e64                RTC_ByteToBcd2
 .text.HAL_RTC_SetDate
                0x08002e7a       0xc0 Drivers\STM32F4xx_HAL_Driver\Src\stm32f4xx_hal_rtc.o
                0x08002e7a                HAL_RTC_SetDate
 .text.HAL_RTC_SetTime
                0x08002f3a       0xe0 Drivers\STM32F4xx_HAL_Driver\Src\stm32f4xx_hal_rtc.o
                0x08002f3a                HAL_RTC_SetTime
 .text.RTC_Bcd2ToByte
                0x0800301a       0x12 Drivers\STM32F4xx_HAL_Driver\Src\stm32f4xx_hal_rtc.o
                0x0800301a                RTC_Bcd2ToByte
 .text.HAL_RTC_GetTime
                0x0800302c       0x50 Drivers\STM32F4xx_HAL_Driver\Src\stm32f4xx_hal_rtc.o
                0x0800302c                HAL_RTC_GetTime
 .text.HAL_RTC_GetDate
                0x0800307c       0x40 Drivers\STM32F4xx_HAL_Driver\Src\stm32f4xx_hal_rtc.o
                0x0800307c                HAL_RTC_GetDate
 .text.HAL_RTCEx_SetCalibrationOutPut
                0x080030bc       0x3c Drivers\STM32F4xx_HAL_Driver\Src\stm32f4xx_hal_rtc_ex.o
                0x080030bc                HAL_RTCEx_SetCalibrationOutPut
 .text.SD_DMATransmitCplt
                0x080030f8        0xe Drivers\STM32F4xx_HAL_Driver\Src\stm32f4xx_hal_sd.o
 *fill*         0x08003106        0x2 
 .text.HAL_SD_ReadBlocks_DMA
                0x08003108      0x10c Drivers\STM32F4xx_HAL_Driver\Src\stm32f4xx_hal_sd.o
                0x08003108                HAL_SD_ReadBlocks_DMA
 .text.HAL_SD_WriteBlocks_DMA
                0x08003214      0x100 Drivers\STM32F4xx_HAL_Driver\Src\stm32f4xx_hal_sd.o
                0x08003214                HAL_SD_WriteBlocks_DMA
 .text.HAL_SD_ErrorCallback
                0x08003314        0x2 Drivers\STM32F4xx_HAL_Driver\Src\stm32f4xx_hal_sd.o
                0x08003314                HAL_SD_ErrorCallback
 .text.SD_DMAReceiveCplt
                0x08003316       0x3c Drivers\STM32F4xx_HAL_Driver\Src\stm32f4xx_hal_sd.o
 .text.HAL_SD_GetCardCSD
                0x08003352      0x1be Drivers\STM32F4xx_HAL_Driver\Src\stm32f4xx_hal_sd.o
                0x08003352                HAL_SD_GetCardCSD
 .text.HAL_SD_InitCard
                0x08003510      0x1dc Drivers\STM32F4xx_HAL_Driver\Src\stm32f4xx_hal_sd.o
                0x08003510                HAL_SD_InitCard
 .text.HAL_SD_Init
                0x080036ec       0x34 Drivers\STM32F4xx_HAL_Driver\Src\stm32f4xx_hal_sd.o
                0x080036ec                HAL_SD_Init
 .text.HAL_SD_GetCardInfo
                0x08003720       0x24 Drivers\STM32F4xx_HAL_Driver\Src\stm32f4xx_hal_sd.o
                0x08003720                HAL_SD_GetCardInfo
 .text.HAL_SD_GetCardState
                0x08003744       0x28 Drivers\STM32F4xx_HAL_Driver\Src\stm32f4xx_hal_sd.o
                0x08003744                HAL_SD_GetCardState
 .text.SD_DMAError
                0x0800376c       0x54 Drivers\STM32F4xx_HAL_Driver\Src\stm32f4xx_hal_sd.o
 .text.HAL_TIM_Base_MspInit
                0x080037c0        0x2 Drivers\STM32F4xx_HAL_Driver\Src\stm32f4xx_hal_tim.o
                0x080037c0                HAL_TIM_Base_MspInit
 .text.HAL_TIM_Base_Start_IT
                0x080037c2       0x16 Drivers\STM32F4xx_HAL_Driver\Src\stm32f4xx_hal_tim.o
                0x080037c2                HAL_TIM_Base_Start_IT
 .text.HAL_TIM_OC_DelayElapsedCallback
                0x080037d8        0x2 Drivers\STM32F4xx_HAL_Driver\Src\stm32f4xx_hal_tim.o
                0x080037d8                HAL_TIM_OC_DelayElapsedCallback
 .text.HAL_TIM_IC_CaptureCallback
                0x080037da        0x2 Drivers\STM32F4xx_HAL_Driver\Src\stm32f4xx_hal_tim.o
                0x080037da                HAL_TIM_IC_CaptureCallback
 .text.HAL_TIM_PWM_PulseFinishedCallback
                0x080037dc        0x2 Drivers\STM32F4xx_HAL_Driver\Src\stm32f4xx_hal_tim.o
                0x080037dc                HAL_TIM_PWM_PulseFinishedCallback
 .text.HAL_TIM_TriggerCallback
                0x080037de        0x2 Drivers\STM32F4xx_HAL_Driver\Src\stm32f4xx_hal_tim.o
                0x080037de                HAL_TIM_TriggerCallback
 .text.HAL_TIM_IRQHandler
                0x080037e0      0x144 Drivers\STM32F4xx_HAL_Driver\Src\stm32f4xx_hal_tim.o
                0x080037e0                HAL_TIM_IRQHandler
 .text.TIM_Base_SetConfig
                0x08003924       0xc8 Drivers\STM32F4xx_HAL_Driver\Src\stm32f4xx_hal_tim.o
                0x08003924                TIM_Base_SetConfig
 .text.HAL_TIM_Base_Init
                0x080039ec       0x34 Drivers\STM32F4xx_HAL_Driver\Src\stm32f4xx_hal_tim.o
                0x080039ec                HAL_TIM_Base_Init
 .text.HAL_TIMEx_CommutationCallback
                0x08003a20        0x2 Drivers\STM32F4xx_HAL_Driver\Src\stm32f4xx_hal_tim_ex.o
                0x08003a20                HAL_TIMEx_CommutationCallback
 .text.HAL_TIMEx_BreakCallback
                0x08003a22        0x2 Drivers\STM32F4xx_HAL_Driver\Src\stm32f4xx_hal_tim_ex.o
                0x08003a22                HAL_TIMEx_BreakCallback
 .text.SDMMC_GetCmdResp2
                0x08003a24       0x4c Drivers\STM32F4xx_HAL_Driver\Src\stm32f4xx_ll_sdmmc.o
 .text.SDMMC_GetCmdResp3
                0x08003a70       0x40 Drivers\STM32F4xx_HAL_Driver\Src\stm32f4xx_ll_sdmmc.o
 .text.SDIO_Init
                0x08003ab0       0x38 Drivers\STM32F4xx_HAL_Driver\Src\stm32f4xx_ll_sdmmc.o
                0x08003ab0                SDIO_Init
 .text.SDIO_PowerState_ON
                0x08003ae8        0x8 Drivers\STM32F4xx_HAL_Driver\Src\stm32f4xx_ll_sdmmc.o
                0x08003ae8                SDIO_PowerState_ON
 .text.SDIO_GetPowerState
                0x08003af0        0x8 Drivers\STM32F4xx_HAL_Driver\Src\stm32f4xx_ll_sdmmc.o
                0x08003af0                SDIO_GetPowerState
 .text.SDIO_SendCommand
                0x08003af8       0x26 Drivers\STM32F4xx_HAL_Driver\Src\stm32f4xx_ll_sdmmc.o
                0x08003af8                SDIO_SendCommand
 .text.SDIO_GetResponse
                0x08003b1e       0x14 Drivers\STM32F4xx_HAL_Driver\Src\stm32f4xx_ll_sdmmc.o
                0x08003b1e                SDIO_GetResponse
 *fill*         0x08003b32        0x2 
 .text.SDMMC_GetCmdResp1
                0x08003b34      0x120 Drivers\STM32F4xx_HAL_Driver\Src\stm32f4xx_ll_sdmmc.o
 .text.SDIO_ConfigData
                0x08003c54       0x26 Drivers\STM32F4xx_HAL_Driver\Src\stm32f4xx_ll_sdmmc.o
                0x08003c54                SDIO_ConfigData
 .text.SDMMC_CmdBlockLength
                0x08003c7a       0x30 Drivers\STM32F4xx_HAL_Driver\Src\stm32f4xx_ll_sdmmc.o
                0x08003c7a                SDMMC_CmdBlockLength
 .text.SDMMC_CmdReadSingleBlock
                0x08003caa       0x30 Drivers\STM32F4xx_HAL_Driver\Src\stm32f4xx_ll_sdmmc.o
                0x08003caa                SDMMC_CmdReadSingleBlock
 .text.SDMMC_CmdReadMultiBlock
                0x08003cda       0x30 Drivers\STM32F4xx_HAL_Driver\Src\stm32f4xx_ll_sdmmc.o
                0x08003cda                SDMMC_CmdReadMultiBlock
 .text.SDMMC_CmdWriteSingleBlock
                0x08003d0a       0x30 Drivers\STM32F4xx_HAL_Driver\Src\stm32f4xx_ll_sdmmc.o
                0x08003d0a                SDMMC_CmdWriteSingleBlock
 .text.SDMMC_CmdWriteMultiBlock
                0x08003d3a       0x30 Drivers\STM32F4xx_HAL_Driver\Src\stm32f4xx_ll_sdmmc.o
                0x08003d3a                SDMMC_CmdWriteMultiBlock
 *fill*         0x08003d6a        0x2 
 .text.SDMMC_CmdStopTransfer
                0x08003d6c       0x34 Drivers\STM32F4xx_HAL_Driver\Src\stm32f4xx_ll_sdmmc.o
                0x08003d6c                SDMMC_CmdStopTransfer
 .text.SDMMC_CmdSelDesel
                0x08003da0       0x30 Drivers\STM32F4xx_HAL_Driver\Src\stm32f4xx_ll_sdmmc.o
                0x08003da0                SDMMC_CmdSelDesel
 .text.SDMMC_CmdGoIdleState
                0x08003dd0       0x50 Drivers\STM32F4xx_HAL_Driver\Src\stm32f4xx_ll_sdmmc.o
                0x08003dd0                SDMMC_CmdGoIdleState
 .text.SDMMC_CmdOperCond
                0x08003e20       0x70 Drivers\STM32F4xx_HAL_Driver\Src\stm32f4xx_ll_sdmmc.o
                0x08003e20                SDMMC_CmdOperCond
 .text.SDMMC_CmdAppCommand
                0x08003e90       0x30 Drivers\STM32F4xx_HAL_Driver\Src\stm32f4xx_ll_sdmmc.o
                0x08003e90                SDMMC_CmdAppCommand
 .text.SDMMC_CmdAppOperCommand
                0x08003ec0       0x32 Drivers\STM32F4xx_HAL_Driver\Src\stm32f4xx_ll_sdmmc.o
                0x08003ec0                SDMMC_CmdAppOperCommand
 .text.SDMMC_CmdSendCID
                0x08003ef2       0x2a Drivers\STM32F4xx_HAL_Driver\Src\stm32f4xx_ll_sdmmc.o
                0x08003ef2                SDMMC_CmdSendCID
 .text.SDMMC_CmdSendCSD
                0x08003f1c       0x2a Drivers\STM32F4xx_HAL_Driver\Src\stm32f4xx_ll_sdmmc.o
                0x08003f1c                SDMMC_CmdSendCSD
 *fill*         0x08003f46        0x2 
 .text.SDMMC_CmdSetRelAdd
                0x08003f48       0xa8 Drivers\STM32F4xx_HAL_Driver\Src\stm32f4xx_ll_sdmmc.o
                0x08003f48                SDMMC_CmdSetRelAdd
 .text.SDMMC_CmdSendStatus
                0x08003ff0       0x30 Drivers\STM32F4xx_HAL_Driver\Src\stm32f4xx_ll_sdmmc.o
                0x08003ff0                SDMMC_CmdSendStatus
 .text.disk_status
                0x08004020       0x14 Middlewares\Third_Party\FatFs\src\diskio.o
                0x08004020                disk_status
 .text.disk_initialize
                0x08004034       0x20 Middlewares\Third_Party\FatFs\src\diskio.o
                0x08004034                disk_initialize
 .text.disk_read
                0x08004054       0x1c Middlewares\Third_Party\FatFs\src\diskio.o
                0x08004054                disk_read
 .text.disk_write
                0x08004070       0x1c Middlewares\Third_Party\FatFs\src\diskio.o
                0x08004070                disk_write
 .text.disk_ioctl
                0x0800408c       0x1c Middlewares\Third_Party\FatFs\src\diskio.o
                0x0800408c                disk_ioctl
 .text.ld_dword
                0x080040a8       0x10 Middlewares\Third_Party\FatFs\src\ff.o
 .text.st_dword
                0x080040b8       0x10 Middlewares\Third_Party\FatFs\src\ff.o
 .text.mem_set  0x080040c8        0xc Middlewares\Third_Party\FatFs\src\ff.o
 .text.chk_lock
                0x080040d4       0x5c Middlewares\Third_Party\FatFs\src\ff.o
 .text.inc_lock
                0x08004130       0x78 Middlewares\Third_Party\FatFs\src\ff.o
 .text.dec_lock
                0x080041a8       0x30 Middlewares\Third_Party\FatFs\src\ff.o
 .text.clust2sect
                0x080041d8       0x16 Middlewares\Third_Party\FatFs\src\ff.o
 .text.clmt_clust
                0x080041ee       0x22 Middlewares\Third_Party\FatFs\src\ff.o
 .text.get_ldnumber
                0x08004210       0x30 Middlewares\Third_Party\FatFs\src\ff.o
 .text.mem_cpy.part.0
                0x08004240       0x12 Middlewares\Third_Party\FatFs\src\ff.o
 .text.ld_clust.isra.1
                0x08004252       0x1c Middlewares\Third_Party\FatFs\src\ff.o
 .text.st_clust.isra.2
                0x0800426e       0x18 Middlewares\Third_Party\FatFs\src\ff.o
 .text.sync_window.part.5
                0x08004286       0x46 Middlewares\Third_Party\FatFs\src\ff.o
 .text.sync_window
                0x080042cc        0xc Middlewares\Third_Party\FatFs\src\ff.o
 .text.sync_fs  0x080042d8       0x96 Middlewares\Third_Party\FatFs\src\ff.o
 .text.move_window
                0x0800436e       0x36 Middlewares\Third_Party\FatFs\src\ff.o
 .text.check_fs
                0x080043a4       0x80 Middlewares\Third_Party\FatFs\src\ff.o
 .text.find_volume
                0x08004424      0x2b8 Middlewares\Third_Party\FatFs\src\ff.o
 .text.put_fat  0x080046dc       0xf8 Middlewares\Third_Party\FatFs\src\ff.o
 .text.get_fat.isra.9
                0x080047d4       0xb4 Middlewares\Third_Party\FatFs\src\ff.o
 .text.create_chain
                0x08004888       0xb0 Middlewares\Third_Party\FatFs\src\ff.o
 .text.remove_chain
                0x08004938       0x6c Middlewares\Third_Party\FatFs\src\ff.o
 .text.unlock_fs
                0x080049a4       0x16 Middlewares\Third_Party\FatFs\src\ff.o
 .text.dir_sdi.constprop.13
                0x080049ba       0x66 Middlewares\Third_Party\FatFs\src\ff.o
 .text.dir_next
                0x08004a20       0xf2 Middlewares\Third_Party\FatFs\src\ff.o
 *fill*         0x08004b12        0x2 
 .text.follow_path
                0x08004b14      0x188 Middlewares\Third_Party\FatFs\src\ff.o
 .text.dir_register
                0x08004c9c       0x62 Middlewares\Third_Party\FatFs\src\ff.o
 .text.validate
                0x08004cfe       0x48 Middlewares\Third_Party\FatFs\src\ff.o
 *fill*         0x08004d46        0x2 
 .text.f_mount  0x08004d48       0x94 Middlewares\Third_Party\FatFs\src\ff.o
                0x08004d48                f_mount
 .text.f_open   0x08004ddc      0x22c Middlewares\Third_Party\FatFs\src\ff.o
                0x08004ddc                f_open
 .text.f_write  0x08005008      0x1a6 Middlewares\Third_Party\FatFs\src\ff.o
                0x08005008                f_write
 .text.putc_bfd
                0x080051ae       0x44 Middlewares\Third_Party\FatFs\src\ff.o
 .text.putc_flush
                0x080051f2       0x2e Middlewares\Third_Party\FatFs\src\ff.o
 .text.f_sync   0x08005220       0xa0 Middlewares\Third_Party\FatFs\src\ff.o
                0x08005220                f_sync
 .text.f_close  0x080052c0       0x32 Middlewares\Third_Party\FatFs\src\ff.o
                0x080052c0                f_close
 .text.f_lseek  0x080052f2      0x258 Middlewares\Third_Party\FatFs\src\ff.o
                0x080052f2                f_lseek
 .text.f_printf
                0x0800554a      0x1f2 Middlewares\Third_Party\FatFs\src\ff.o
                0x0800554a                f_printf
 .text.FATFS_LinkDriverEx
                0x0800573c       0x44 Middlewares\Third_Party\FatFs\src\ff_gen_drv.o
                0x0800573c                FATFS_LinkDriverEx
 .text.FATFS_LinkDriver
                0x08005780        0x6 Middlewares\Third_Party\FatFs\src\ff_gen_drv.o
                0x08005780                FATFS_LinkDriver
 .text.ff_cre_syncobj
                0x08005786       0x1e Middlewares\Third_Party\FatFs\src\option\syscall.o
                0x08005786                ff_cre_syncobj
 .text.ff_del_syncobj
                0x080057a4        0xa Middlewares\Third_Party\FatFs\src\option\syscall.o
                0x080057a4                ff_del_syncobj
 .text.ff_req_grant
                0x080057ae       0x12 Middlewares\Third_Party\FatFs\src\option\syscall.o
                0x080057ae                ff_req_grant
 .text.ff_rel_grant
                0x080057c0        0x4 Middlewares\Third_Party\FatFs\src\option\syscall.o
                0x080057c0                ff_rel_grant
 .text.osKernelStart
                0x080057c4        0xa Middlewares\Third_Party\FreeRTOS\Source\CMSIS_RTOS\cmsis_os.o
                0x080057c4                osKernelStart
 .text.osKernelRunning
                0x080057ce       0x10 Middlewares\Third_Party\FreeRTOS\Source\CMSIS_RTOS\cmsis_os.o
                0x080057ce                osKernelRunning
 .text.osKernelSysTick
                0x080057de        0xe Middlewares\Third_Party\FreeRTOS\Source\CMSIS_RTOS\cmsis_os.o
                0x080057de                osKernelSysTick
 .text.osThreadCreate
                0x080057ec       0x30 Middlewares\Third_Party\FreeRTOS\Source\CMSIS_RTOS\cmsis_os.o
                0x080057ec                osThreadCreate
 .text.osDelay  0x0800581c       0x10 Middlewares\Third_Party\FreeRTOS\Source\CMSIS_RTOS\cmsis_os.o
                0x0800581c                osDelay
 .text.osSemaphoreCreate
                0x0800582c       0x26 Middlewares\Third_Party\FreeRTOS\Source\CMSIS_RTOS\cmsis_os.o
                0x0800582c                osSemaphoreCreate
 *fill*         0x08005852        0x2 
 .text.osSemaphoreWait
                0x08005854       0x50 Middlewares\Third_Party\FreeRTOS\Source\CMSIS_RTOS\cmsis_os.o
                0x08005854                osSemaphoreWait
 .text.osSemaphoreRelease
                0x080058a4       0x48 Middlewares\Third_Party\FreeRTOS\Source\CMSIS_RTOS\cmsis_os.o
                0x080058a4                osSemaphoreRelease
 .text.osMessageCreate
                0x080058ec        0x8 Middlewares\Third_Party\FreeRTOS\Source\CMSIS_RTOS\cmsis_os.o
                0x080058ec                osMessageCreate
 .text.osMessagePut
                0x080058f4       0x50 Middlewares\Third_Party\FreeRTOS\Source\CMSIS_RTOS\cmsis_os.o
                0x080058f4                osMessagePut
 .text.osMessageGet
                0x08005944       0x74 Middlewares\Third_Party\FreeRTOS\Source\CMSIS_RTOS\cmsis_os.o
                0x08005944                osMessageGet
 .text.osMessageDelete
                0x080059b8       0x14 Middlewares\Third_Party\FreeRTOS\Source\CMSIS_RTOS\cmsis_os.o
                0x080059b8                osMessageDelete
 .text.osSemaphoreDelete
                0x080059cc        0x4 Middlewares\Third_Party\FreeRTOS\Source\CMSIS_RTOS\cmsis_os.o
                0x080059cc                osSemaphoreDelete
 .text.vListInitialise
                0x080059d0       0x16 Middlewares\Third_Party\FreeRTOS\Source\list.o
                0x080059d0                vListInitialise
 .text.vListInitialiseItem
                0x080059e6        0x6 Middlewares\Third_Party\FreeRTOS\Source\list.o
                0x080059e6                vListInitialiseItem
 .text.vListInsertEnd
                0x080059ec       0x18 Middlewares\Third_Party\FreeRTOS\Source\list.o
                0x080059ec                vListInsertEnd
 .text.vListInsert
                0x08005a04       0x2e Middlewares\Third_Party\FreeRTOS\Source\list.o
                0x08005a04                vListInsert
 .text.uxListRemove
                0x08005a32       0x20 Middlewares\Third_Party\FreeRTOS\Source\list.o
                0x08005a32                uxListRemove
 *fill*         0x08005a52        0x2 
 .text.prvTaskExitError
                0x08005a54       0x30 Middlewares\Third_Party\FreeRTOS\Source\portable\GCC\ARM_CM4F\port.o
 .text.prvPortStartFirstTask
                0x08005a84       0x20 Middlewares\Third_Party\FreeRTOS\Source\portable\GCC\ARM_CM4F\port.o
 .text.vPortEnableVFP
                0x08005aa4       0x14 Middlewares\Third_Party\FreeRTOS\Source\portable\GCC\ARM_CM4F\port.o
 .text.pxPortInitialiseStack
                0x08005ab8       0x2c Middlewares\Third_Party\FreeRTOS\Source\portable\GCC\ARM_CM4F\port.o
                0x08005ab8                pxPortInitialiseStack
 *fill*         0x08005ae4        0xc 
 .text.SVC_Handler
                0x08005af0       0x24 Middlewares\Third_Party\FreeRTOS\Source\portable\GCC\ARM_CM4F\port.o
                0x08005af0                SVC_Handler
 .text.vPortEnterCritical
                0x08005b14       0x44 Middlewares\Third_Party\FreeRTOS\Source\portable\GCC\ARM_CM4F\port.o
                0x08005b14                vPortEnterCritical
 .text.vPortExitCritical
                0x08005b58       0x28 Middlewares\Third_Party\FreeRTOS\Source\portable\GCC\ARM_CM4F\port.o
                0x08005b58                vPortExitCritical
 .text.PendSV_Handler
                0x08005b80       0x64 Middlewares\Third_Party\FreeRTOS\Source\portable\GCC\ARM_CM4F\port.o
                0x08005b80                PendSV_Handler
 .text.SysTick_Handler
                0x08005be4       0x2c Middlewares\Third_Party\FreeRTOS\Source\portable\GCC\ARM_CM4F\port.o
                0x08005be4                SysTick_Handler
 .text.vPortSetupTimerInterrupt
                0x08005c10       0x28 Middlewares\Third_Party\FreeRTOS\Source\portable\GCC\ARM_CM4F\port.o
                0x08005c10                vPortSetupTimerInterrupt
 .text.xPortStartScheduler
                0x08005c38       0xec Middlewares\Third_Party\FreeRTOS\Source\portable\GCC\ARM_CM4F\port.o
                0x08005c38                xPortStartScheduler
 .text.vPortValidateInterruptPriority
                0x08005d24       0x5c Middlewares\Third_Party\FreeRTOS\Source\portable\GCC\ARM_CM4F\port.o
                0x08005d24                vPortValidateInterruptPriority
 .text.unlikely.prvInsertBlockIntoFreeList
                0x08005d80       0x48 Middlewares\Third_Party\FreeRTOS\Source\portable\MemMang\heap_4.o
 .text.pvPortMalloc
                0x08005dc8      0x11c Middlewares\Third_Party\FreeRTOS\Source\portable\MemMang\heap_4.o
                0x08005dc8                pvPortMalloc
 .text.vPortFree
                0x08005ee4       0x70 Middlewares\Third_Party\FreeRTOS\Source\portable\MemMang\heap_4.o
                0x08005ee4                vPortFree
 .text.unlikely.prvCopyDataToQueue
                0x08005f54       0x66 Middlewares\Third_Party\FreeRTOS\Source\queue.o
 .text.unlikely.prvCopyDataFromQueue
                0x08005fba       0x2a Middlewares\Third_Party\FreeRTOS\Source\queue.o
 .text.prvUnlockQueue
                0x08005fe4       0x70 Middlewares\Third_Party\FreeRTOS\Source\queue.o
 .text.xQueueGenericReset
                0x08006054       0x80 Middlewares\Third_Party\FreeRTOS\Source\queue.o
                0x08006054                xQueueGenericReset
 .text.xQueueGenericCreate
                0x080060d4       0x42 Middlewares\Third_Party\FreeRTOS\Source\queue.o
                0x080060d4                xQueueGenericCreate
 *fill*         0x08006116        0x2 
 .text.xQueueGenericSend
                0x08006118      0x16c Middlewares\Third_Party\FreeRTOS\Source\queue.o
                0x08006118                xQueueGenericSend
 .text.xQueueCreateMutex
                0x08006284       0x24 Middlewares\Third_Party\FreeRTOS\Source\queue.o
                0x08006284                xQueueCreateMutex
 .text.xQueueGenericSendFromISR
                0x080062a8       0xc4 Middlewares\Third_Party\FreeRTOS\Source\queue.o
                0x080062a8                xQueueGenericSendFromISR
 .text.xQueueGiveFromISR
                0x0800636c       0xa8 Middlewares\Third_Party\FreeRTOS\Source\queue.o
                0x0800636c                xQueueGiveFromISR
 .text.xQueueGenericReceive
                0x08006414      0x188 Middlewares\Third_Party\FreeRTOS\Source\queue.o
                0x08006414                xQueueGenericReceive
 .text.xQueueReceiveFromISR
                0x0800659c       0xa0 Middlewares\Third_Party\FreeRTOS\Source\queue.o
                0x0800659c                xQueueReceiveFromISR
 .text.vQueueUnregisterQueue
                0x0800663c       0x28 Middlewares\Third_Party\FreeRTOS\Source\queue.o
                0x0800663c                vQueueUnregisterQueue
 .text.vQueueDelete
                0x08006664       0x26 Middlewares\Third_Party\FreeRTOS\Source\queue.o
                0x08006664                vQueueDelete
 *fill*         0x0800668a        0x2 
 .text.prvResetNextTaskUnblockTime
                0x0800668c       0x24 Middlewares\Third_Party\FreeRTOS\Source\tasks.o
 .text.prvAddCurrentTaskToDelayedList
                0x080066b0       0x8c Middlewares\Third_Party\FreeRTOS\Source\tasks.o
 .text.vTaskSetTimeOutState.part.5
                0x0800673c       0x12 Middlewares\Third_Party\FreeRTOS\Source\tasks.o
 *fill*         0x0800674e        0x2 
 .text.xTaskCreate
                0x08006750      0x1a0 Middlewares\Third_Party\FreeRTOS\Source\tasks.o
                0x08006750                xTaskCreate
 .text.vTaskStartScheduler
                0x080068f0       0x78 Middlewares\Third_Party\FreeRTOS\Source\tasks.o
                0x080068f0                vTaskStartScheduler
 .text.vTaskSuspendAll
                0x08006968       0x10 Middlewares\Third_Party\FreeRTOS\Source\tasks.o
                0x08006968                vTaskSuspendAll
 .text.xTaskGetTickCount
                0x08006978        0xc Middlewares\Third_Party\FreeRTOS\Source\tasks.o
                0x08006978                xTaskGetTickCount
 .text.xTaskGetTickCountFromISR
                0x08006984       0x10 Middlewares\Third_Party\FreeRTOS\Source\tasks.o
                0x08006984                xTaskGetTickCountFromISR
 .text.xTaskIncrementTick
                0x08006994      0x124 Middlewares\Third_Party\FreeRTOS\Source\tasks.o
                0x08006994                xTaskIncrementTick
 .text.xTaskResumeAll
                0x08006ab8       0xf0 Middlewares\Third_Party\FreeRTOS\Source\tasks.o
                0x08006ab8                xTaskResumeAll
 .text.vTaskDelay
                0x08006ba8       0x48 Middlewares\Third_Party\FreeRTOS\Source\tasks.o
                0x08006ba8                vTaskDelay
 .text.prvIdleTask
                0x08006bf0       0x74 Middlewares\Third_Party\FreeRTOS\Source\tasks.o
 .text.vTaskSwitchContext
                0x08006c64       0x74 Middlewares\Third_Party\FreeRTOS\Source\tasks.o
                0x08006c64                vTaskSwitchContext
 .text.vTaskPlaceOnEventList
                0x08006cd8       0x34 Middlewares\Third_Party\FreeRTOS\Source\tasks.o
                0x08006cd8                vTaskPlaceOnEventList
 .text.xTaskRemoveFromEventList
                0x08006d0c       0x84 Middlewares\Third_Party\FreeRTOS\Source\tasks.o
                0x08006d0c                xTaskRemoveFromEventList
 .text.vTaskSetTimeOutState
                0x08006d90       0x20 Middlewares\Third_Party\FreeRTOS\Source\tasks.o
                0x08006d90                vTaskSetTimeOutState
 .text.xTaskCheckForTimeOut
                0x08006db0       0x74 Middlewares\Third_Party\FreeRTOS\Source\tasks.o
                0x08006db0                xTaskCheckForTimeOut
 .text.vTaskMissedYield
                0x08006e24        0xc Middlewares\Third_Party\FreeRTOS\Source\tasks.o
                0x08006e24                vTaskMissedYield
 .text.xTaskGetSchedulerState
                0x08006e30       0x20 Middlewares\Third_Party\FreeRTOS\Source\tasks.o
                0x08006e30                xTaskGetSchedulerState
 .text.vTaskPriorityInherit
                0x08006e50       0x8c Middlewares\Third_Party\FreeRTOS\Source\tasks.o
                0x08006e50                vTaskPriorityInherit
 .text.xTaskPriorityDisinherit
                0x08006edc       0xa0 Middlewares\Third_Party\FreeRTOS\Source\tasks.o
                0x08006edc                xTaskPriorityDisinherit
 .text.pvTaskIncrementMutexHeldCount
                0x08006f7c       0x18 Middlewares\Third_Party\FreeRTOS\Source\tasks.o
                0x08006f7c                pvTaskIncrementMutexHeldCount
 .text.bnO_write
                0x08006f94       0x4c Src\Bn0.o
                0x08006f94                bnO_write
 .text.bnO_read
                0x08006fe0       0x34 Src\Bn0.o
                0x08006fe0                bnO_read
 .text.bnO_setMode
                0x08007014       0x1e Src\Bn0.o
                0x08007014                bnO_setMode
 .text.bnO_setPWRMode
                0x08007032       0x1e Src\Bn0.o
                0x08007032                bnO_setPWRMode
 .text.bnO_init
                0x08007050       0x8c Src\Bn0.o
                0x08007050                bnO_init
 .text.bnO_getTemp
                0x080070dc        0xc Src\Bn0.o
                0x080070dc                bnO_getTemp
 .text.getCalibrationStatus
                0x080070e8       0x30 Src\Bn0.o
                0x080070e8                getCalibrationStatus
 .text.getGravVector
                0x08007118       0xa0 Src\Bn0.o
                0x08007118                getGravVector
 .text.getFileSize.part.3
                0x080071b8       0x34 Src\SDCard.o
 .text.SD_Config
                0x080071ec       0x40 Src\SDCard.o
                0x080071ec                SD_Config
 .text.createFile
                0x0800722c       0x40 Src\SDCard.o
                0x0800722c                createFile
 .text.formattedWriteFloat
                0x0800726c      0x164 Src\SDCard.o
                0x0800726c                formattedWriteFloat
 .text.writeString
                0x080073d0       0x68 Src\SDCard.o
                0x080073d0                writeString
 .text.getFileSize
                0x08007438       0x28 Src\SDCard.o
                0x08007438                getFileSize
 .text.initFileSystem
                0x08007460       0x38 Src\SDCard.o
                0x08007460                initFileSystem
 .text.twosCompliment
                0x08007498       0x2a Src\Satellite.o
                0x08007498                twosCompliment
 .text.intToString
                0x080074c2       0x60 Src\Satellite.o
                0x080074c2                intToString
 *fill*         0x08007522        0x6 
 .text.floatToString
                0x08007528       0xb0 Src\Satellite.o
                0x08007528                floatToString
 .text.logGravData
                0x080075d8       0x5c Src\Satellite.o
                0x080075d8                logGravData
 .text.BSP_SD_Init
                0x08007634       0x20 Src\bsp_driver_sd.o
                0x08007634                BSP_SD_Init
 .text.BSP_SD_ReadBlocks_DMA
                0x08007654       0x1c Src\bsp_driver_sd.o
                0x08007654                BSP_SD_ReadBlocks_DMA
 .text.BSP_SD_WriteBlocks_DMA
                0x08007670       0x1c Src\bsp_driver_sd.o
                0x08007670                BSP_SD_WriteBlocks_DMA
 .text.BSP_SD_GetCardState
                0x0800768c       0x14 Src\bsp_driver_sd.o
                0x0800768c                BSP_SD_GetCardState
 .text.BSP_SD_GetCardInfo
                0x080076a0        0xc Src\bsp_driver_sd.o
                0x080076a0                BSP_SD_GetCardInfo
 .text.HAL_SD_RxCpltCallback
                0x080076ac        0x8 Src\bsp_driver_sd.o
                0x080076ac                HAL_SD_RxCpltCallback
 .text.MX_FATFS_Init
                0x080076b4       0x1c Src\fatfs.o
                0x080076b4                MX_FATFS_Init
 .text.get_fattime
                0x080076d0        0x4 Src\fatfs.o
                0x080076d0                get_fattime
 .text.vTaskBNOData
                0x080076d4        0xe Src\main.o
                0x080076d4                vTaskBNOData
 .text.StartDefaultTask
                0x080076e2        0xe Src\main.o
                0x080076e2                StartDefaultTask
 .text.SystemClock_Config
                0x080076f0       0xb8 Src\main.o
                0x080076f0                SystemClock_Config
 .text.startup.main
                0x080077a8      0x1f0 Src\main.o
                0x080077a8                main
 .text.HAL_TIM_PeriodElapsedCallback
                0x08007998       0x14 Src\main.o
                0x08007998                HAL_TIM_PeriodElapsedCallback
 .text.SD_CheckStatus.isra.0
                0x080079ac       0x20 Src\sd_diskio.o
 .text.SD_initialize
                0x080079cc       0x48 Src\sd_diskio.o
                0x080079cc                SD_initialize
 .text.SD_status
                0x08007a14        0x4 Src\sd_diskio.o
                0x08007a14                SD_status
 .text.SD_write.part.2
                0x08007a18       0x22 Src\sd_diskio.o
 *fill*         0x08007a3a        0x2 
 .text.SD_read  0x08007a3c       0x40 Src\sd_diskio.o
                0x08007a3c                SD_read
 .text.SD_write
                0x08007a7c       0x40 Src\sd_diskio.o
                0x08007a7c                SD_write
 .text.SD_ioctl
                0x08007abc       0x50 Src\sd_diskio.o
                0x08007abc                SD_ioctl
 .text.BSP_SD_ReadCpltCallback
                0x08007b0c       0x14 Src\sd_diskio.o
                0x08007b0c                BSP_SD_ReadCpltCallback
 .text.HAL_MspInit
                0x08007b20       0x44 Src\stm32f4xx_hal_msp.o
                0x08007b20                HAL_MspInit
 .text.HAL_CAN_MspInit
                0x08007b64       0x6c Src\stm32f4xx_hal_msp.o
                0x08007b64                HAL_CAN_MspInit
 .text.HAL_I2C_MspInit
                0x08007bd0      0x118 Src\stm32f4xx_hal_msp.o
                0x08007bd0                HAL_I2C_MspInit
 .text.HAL_RTC_MspInit
                0x08007ce8       0x18 Src\stm32f4xx_hal_msp.o
                0x08007ce8                HAL_RTC_MspInit
 .text.HAL_SD_MspInit
                0x08007d00       0xd0 Src\stm32f4xx_hal_msp.o
                0x08007d00                HAL_SD_MspInit
 .text.HAL_InitTick
                0x08007dd0       0x78 Src\stm32f4xx_hal_timebase_tim.o
                0x08007dd0                HAL_InitTick
 .text.NMI_Handler
                0x08007e48        0x2 Src\stm32f4xx_it.o
                0x08007e48                NMI_Handler
 .text.HardFault_Handler
                0x08007e4a        0x2 Src\stm32f4xx_it.o
                0x08007e4a                HardFault_Handler
 .text.MemManage_Handler
                0x08007e4c        0x2 Src\stm32f4xx_it.o
                0x08007e4c                MemManage_Handler
 .text.BusFault_Handler
                0x08007e4e        0x2 Src\stm32f4xx_it.o
                0x08007e4e                BusFault_Handler
 .text.UsageFault_Handler
                0x08007e50        0x2 Src\stm32f4xx_it.o
                0x08007e50                UsageFault_Handler
 .text.DebugMon_Handler
                0x08007e52        0x2 Src\stm32f4xx_it.o
                0x08007e52                DebugMon_Handler
 .text.I2C1_EV_IRQHandler
                0x08007e54        0xc Src\stm32f4xx_it.o
                0x08007e54                I2C1_EV_IRQHandler
 .text.TIM6_DAC_IRQHandler
                0x08007e60        0xc Src\stm32f4xx_it.o
                0x08007e60                TIM6_DAC_IRQHandler
 .text.SystemInit
                0x08007e6c       0x4c Src\system_stm32f4xx.o
                0x08007e6c                SystemInit
 .text.Reset_Handler
                0x08007eb8       0x50 startup\startup_stm32f446xx.o
                0x08007eb8                Reset_Handler
 .text.Default_Handler
                0x08007f08        0x2 startup\startup_stm32f446xx.o
                0x08007f08                RTC_Alarm_IRQHandler
                0x08007f08                EXTI2_IRQHandler
                0x08007f08                TIM8_CC_IRQHandler
                0x08007f08                SPI4_IRQHandler
                0x08007f08                TIM1_CC_IRQHandler
                0x08007f08                DMA2_Stream5_IRQHandler
                0x08007f08                DMA1_Stream5_IRQHandler
                0x08007f08                PVD_IRQHandler
                0x08007f08                SDIO_IRQHandler
                0x08007f08                TAMP_STAMP_IRQHandler
                0x08007f08                CAN2_RX1_IRQHandler
                0x08007f08                EXTI3_IRQHandler
                0x08007f08                TIM8_TRG_COM_TIM14_IRQHandler
                0x08007f08                TIM1_UP_TIM10_IRQHandler
                0x08007f08                TIM8_UP_TIM13_IRQHandler
                0x08007f08                I2C3_ER_IRQHandler
                0x08007f08                FMPI2C1_Event_IRQHandler
                0x08007f08                EXTI0_IRQHandler
                0x08007f08                I2C2_EV_IRQHandler
                0x08007f08                DMA1_Stream2_IRQHandler
                0x08007f08                CAN1_RX0_IRQHandler
                0x08007f08                FPU_IRQHandler
                0x08007f08                OTG_HS_WKUP_IRQHandler
                0x08007f08                CAN2_SCE_IRQHandler
                0x08007f08                DMA2_Stream2_IRQHandler
                0x08007f08                SPI1_IRQHandler
                0x08007f08                TIM1_BRK_TIM9_IRQHandler
                0x08007f08                DCMI_IRQHandler
                0x08007f08                CAN2_RX0_IRQHandler
                0x08007f08                DMA2_Stream3_IRQHandler
                0x08007f08                SAI2_IRQHandler
                0x08007f08                USART6_IRQHandler
                0x08007f08                USART3_IRQHandler
                0x08007f08                CAN1_RX1_IRQHandler
                0x08007f08                UART5_IRQHandler
                0x08007f08                DMA2_Stream0_IRQHandler
                0x08007f08                TIM4_IRQHandler
                0x08007f08                QUADSPI_IRQHandler
                0x08007f08                DMA1_Stream6_IRQHandler
                0x08007f08                DMA1_Stream1_IRQHandler
                0x08007f08                UART4_IRQHandler
                0x08007f08                TIM3_IRQHandler
                0x08007f08                RCC_IRQHandler
                0x08007f08                TIM8_BRK_TIM12_IRQHandler
                0x08007f08                Default_Handler
                0x08007f08                CEC_IRQHandler
                0x08007f08                EXTI15_10_IRQHandler
                0x08007f08                ADC_IRQHandler
                0x08007f08                DMA1_Stream7_IRQHandler
                0x08007f08                TIM7_IRQHandler
                0x08007f08                CAN2_TX_IRQHandler
                0x08007f08                TIM5_IRQHandler
                0x08007f08                DMA2_Stream7_IRQHandler
                0x08007f08                I2C3_EV_IRQHandler
                0x08007f08                EXTI9_5_IRQHandler
                0x08007f08                RTC_WKUP_IRQHandler
                0x08007f08                SPDIF_RX_IRQHandler
                0x08007f08                SPI2_IRQHandler
                0x08007f08                OTG_HS_EP1_IN_IRQHandler
                0x08007f08                DMA1_Stream0_IRQHandler
                0x08007f08                CAN1_TX_IRQHandler
                0x08007f08                EXTI4_IRQHandler
                0x08007f08                OTG_HS_EP1_OUT_IRQHandler
                0x08007f08                WWDG_IRQHandler
                0x08007f08                TIM2_IRQHandler
                0x08007f08                OTG_FS_WKUP_IRQHandler
                0x08007f08                TIM1_TRG_COM_TIM11_IRQHandler
                0x08007f08                OTG_HS_IRQHandler
                0x08007f08                EXTI1_IRQHandler
                0x08007f08                USART2_IRQHandler
                0x08007f08                I2C2_ER_IRQHandler
                0x08007f08                DMA2_Stream1_IRQHandler
                0x08007f08                CAN1_SCE_IRQHandler
                0x08007f08                FLASH_IRQHandler
                0x08007f08                DMA2_Stream4_IRQHandler
                0x08007f08                USART1_IRQHandler
                0x08007f08                OTG_FS_IRQHandler
                0x08007f08                SPI3_IRQHandler
                0x08007f08                DMA1_Stream4_IRQHandler
                0x08007f08                I2C1_ER_IRQHandler
                0x08007f08                FMC_IRQHandler
                0x08007f08                DMA2_Stream6_IRQHandler
                0x08007f08                SAI1_IRQHandler
                0x08007f08                DMA1_Stream3_IRQHandler
                0x08007f08                FMPI2C1_Error_IRQHandler
 *fill*         0x08007f0a        0x2 
 .text.__libc_init_array
                0x08007f0c       0x48 c:/program files (x86)/atollic/truestudio for stm32 9.2.0/armtools/bin/../lib/gcc/arm-atollic-eabi/6.3.1/../../../../arm-atollic-eabi/lib/armv7e-m/fpu\libc_nano.a(lib_a-init.o)
                0x08007f0c                __libc_init_array
 .text.memcpy   0x08007f54       0x16 c:/program files (x86)/atollic/truestudio for stm32 9.2.0/armtools/bin/../lib/gcc/arm-atollic-eabi/6.3.1/../../../../arm-atollic-eabi/lib/armv7e-m/fpu\libc_nano.a(lib_a-memcpy-stub.o)
                0x08007f54                memcpy
 .text.memset   0x08007f6a       0x10 c:/program files (x86)/atollic/truestudio for stm32 9.2.0/armtools/bin/../lib/gcc/arm-atollic-eabi/6.3.1/../../../../arm-atollic-eabi/lib/armv7e-m/fpu\libc_nano.a(lib_a-memset.o)
                0x08007f6a                memset
 *(.glue_7)
 .glue_7        0x08007f7a        0x0 linker stubs
 *(.glue_7t)
 .glue_7t       0x08007f7a        0x0 linker stubs
 *(.eh_frame)
 *fill*         0x08007f7a        0x2 
 .eh_frame      0x08007f7c        0x0 c:/program files (x86)/atollic/truestudio for stm32 9.2.0/armtools/bin/../lib/gcc/arm-atollic-eabi/6.3.1/armv7e-m/fpu/crtbegin.o
 *(.init)
 .init          0x08007f7c        0x4 c:/program files (x86)/atollic/truestudio for stm32 9.2.0/armtools/bin/../lib/gcc/arm-atollic-eabi/6.3.1/armv7e-m/fpu/crti.o
                0x08007f7c                _init
 .init          0x08007f80        0x8 c:/program files (x86)/atollic/truestudio for stm32 9.2.0/armtools/bin/../lib/gcc/arm-atollic-eabi/6.3.1/armv7e-m/fpu/crtn.o
 *(.fini)
 .fini          0x08007f88        0x4 c:/program files (x86)/atollic/truestudio for stm32 9.2.0/armtools/bin/../lib/gcc/arm-atollic-eabi/6.3.1/armv7e-m/fpu/crti.o
                0x08007f88                _fini
 .fini          0x08007f8c        0x8 c:/program files (x86)/atollic/truestudio for stm32 9.2.0/armtools/bin/../lib/gcc/arm-atollic-eabi/6.3.1/armv7e-m/fpu/crtn.o
                0x08007f94                . = ALIGN (0x4)
                0x08007f94                _etext = .

.vfp11_veneer   0x08007f94        0x0
 .vfp11_veneer  0x08007f94        0x0 linker stubs

.v4_bx          0x08007f94        0x0
 .v4_bx         0x08007f94        0x0 linker stubs

.iplt           0x08007f94        0x0
 .iplt          0x08007f94        0x0 c:/program files (x86)/atollic/truestudio for stm32 9.2.0/armtools/bin/../lib/gcc/arm-atollic-eabi/6.3.1/armv7e-m/fpu/crtbegin.o

.rodata         0x08007f94      0x150
                0x08007f94                . = ALIGN (0x4)
 *(.rodata)
 .rodata        0x08007f94       0x14 Src\main.o
 .rodata        0x08007fa8        0x8 Src\sd_diskio.o
 *(.rodata*)
 .rodata.ExCvt  0x08007fb0       0x80 Middlewares\Third_Party\FatFs\src\ff.o
 .rodata.follow_path.str1.1
                0x08008030        0xf Middlewares\Third_Party\FatFs\src\ff.o
 .rodata.vTaskStartScheduler.str1.1
                0x0800803f        0x5 Middlewares\Third_Party\FreeRTOS\Source\tasks.o
 .rodata.formattedWriteFloat.str1.1
                0x08008044       0x17 Src\SDCard.o
 .rodata.formattedWriteInt.str1.1
                0x0800805b        0x5 Src\SDCard.o
                                  0x7 (size before relaxing)
 .rodata.initFileSystem.str1.1
                0x08008060       0x45 Src\SDCard.o
 .rodata.logGravData.str1.1
                0x080080a5        0xd Src\Satellite.o
 .rodata.main.str1.1
                0x080080a5        0x4 Src\main.o
 .rodata.str1.1
                0x080080a9        0xc Src\main.o
 *fill*         0x080080b5        0x3 
 .rodata.SD_Driver
                0x080080b8       0x14 Src\sd_diskio.o
                0x080080b8                SD_Driver
 .rodata.AHBPrescTable
                0x080080cc       0x10 Src\system_stm32f4xx.o
                0x080080cc                AHBPrescTable
 .rodata.APBPrescTable
                0x080080dc        0x8 Src\system_stm32f4xx.o
                0x080080dc                APBPrescTable
                0x080080e4                . = ALIGN (0x4)

.ARM.extab
 *(.ARM.extab* .gnu.linkonce.armextab.*)

.ARM            0x080080e4        0x8
                0x080080e4                __exidx_start = .
 *(.ARM.exidx*)
 .ARM.exidx     0x080080e4        0x8 c:/program files (x86)/atollic/truestudio for stm32 9.2.0/armtools/bin/../lib/gcc/arm-atollic-eabi/6.3.1/armv7e-m/fpu\libgcc.a(_udivmoddi4.o)
                0x080080ec                __exidx_end = .

.rel.dyn        0x080080ec        0x0
 .rel.iplt      0x080080ec        0x0 c:/program files (x86)/atollic/truestudio for stm32 9.2.0/armtools/bin/../lib/gcc/arm-atollic-eabi/6.3.1/armv7e-m/fpu/crtbegin.o

.preinit_array  0x080080ec        0x0
                0x080080ec                PROVIDE (__preinit_array_start, .)
 *(.preinit_array*)
                0x080080ec                PROVIDE (__preinit_array_end, .)

.init_array     0x080080ec        0x4
                0x080080ec                PROVIDE (__init_array_start, .)
 *(SORT(.init_array.*))
 *(.init_array*)
 .init_array    0x080080ec        0x4 c:/program files (x86)/atollic/truestudio for stm32 9.2.0/armtools/bin/../lib/gcc/arm-atollic-eabi/6.3.1/armv7e-m/fpu/crtbegin.o
                0x080080f0                PROVIDE (__init_array_end, .)

.fini_array     0x080080f0        0x4
                [!provide]                PROVIDE (__fini_array_start, .)
 *(SORT(.fini_array.*))
 *(.fini_array*)
 .fini_array    0x080080f0        0x4 c:/program files (x86)/atollic/truestudio for stm32 9.2.0/armtools/bin/../lib/gcc/arm-atollic-eabi/6.3.1/armv7e-m/fpu/crtbegin.o
                [!provide]                PROVIDE (__fini_array_end, .)
                0x080080f4                _sidata = LOADADDR (.data)

.data           0x20000000       0x10 load address 0x080080f4
                0x20000000                . = ALIGN (0x4)
                0x20000000                _sdata = .
 *(.data)
 *(.data*)
 .data.uwTickFreq
                0x20000000        0x1 Drivers\STM32F4xx_HAL_Driver\Src\stm32f4xx_hal.o
                0x20000000                uwTickFreq
 *fill*         0x20000001        0x3 
 .data.uxCriticalNesting
                0x20000004        0x4 Middlewares\Third_Party\FreeRTOS\Source\portable\GCC\ARM_CM4F\port.o
 .data.BNO055_ID
                0x20000008        0x1 Src\Bn0.o
                0x20000008                BNO055_ID
 .data.Stat     0x20000009        0x1 Src\sd_diskio.o
 *fill*         0x2000000a        0x2 
 .data.SystemCoreClock
                0x2000000c        0x4 Src\system_stm32f4xx.o
                0x2000000c                SystemCoreClock
                0x20000010                . = ALIGN (0x4)
                0x20000010                _edata = .

.igot.plt       0x20000010        0x0 load address 0x08008104
 .igot.plt      0x20000010        0x0 c:/program files (x86)/atollic/truestudio for stm32 9.2.0/armtools/bin/../lib/gcc/arm-atollic-eabi/6.3.1/armv7e-m/fpu/crtbegin.o
                0x20000010                . = ALIGN (0x4)

.bss            0x20000010     0x4870 load address 0x08008104
                0x20000010                _sbss = .
                0x20000010                __bss_start__ = _sbss
 *(.bss)
 .bss           0x20000010       0x1c c:/program files (x86)/atollic/truestudio for stm32 9.2.0/armtools/bin/../lib/gcc/arm-atollic-eabi/6.3.1/armv7e-m/fpu/crtbegin.o
 *(.bss*)
 .bss.FatFs     0x2000002c        0x4 Middlewares\Third_Party\FatFs\src\ff.o
 .bss.Files     0x20000030       0x20 Middlewares\Third_Party\FatFs\src\ff.o
 .bss.Fsid      0x20000050        0x2 Middlewares\Third_Party\FatFs\src\ff.o
 *fill*         0x20000052        0x2 
 .bss.disk      0x20000054        0xc Middlewares\Third_Party\FatFs\src\ff_gen_drv.o
                0x20000054                disk
 .bss.ucMaxSysCallPriority
                0x20000060        0x1 Middlewares\Third_Party\FreeRTOS\Source\portable\GCC\ARM_CM4F\port.o
 *fill*         0x20000061        0x3 
 .bss.ulMaxPRIGROUPValue
                0x20000064        0x4 Middlewares\Third_Party\FreeRTOS\Source\portable\GCC\ARM_CM4F\port.o
 .bss.pxEnd     0x20000068        0x4 Middlewares\Third_Party\FreeRTOS\Source\portable\MemMang\heap_4.o
 .bss.ucHeap    0x2000006c     0x3c00 Middlewares\Third_Party\FreeRTOS\Source\portable\MemMang\heap_4.o
 .bss.xBlockAllocatedBit
                0x20003c6c        0x4 Middlewares\Third_Party\FreeRTOS\Source\portable\MemMang\heap_4.o
 .bss.xFreeBytesRemaining
                0x20003c70        0x4 Middlewares\Third_Party\FreeRTOS\Source\portable\MemMang\heap_4.o
 .bss.xMinimumEverFreeBytesRemaining
                0x20003c74        0x4 Middlewares\Third_Party\FreeRTOS\Source\portable\MemMang\heap_4.o
 .bss.xStart    0x20003c78        0x8 Middlewares\Third_Party\FreeRTOS\Source\portable\MemMang\heap_4.o
 .bss.pxCurrentTCB
                0x20003c80        0x4 Middlewares\Third_Party\FreeRTOS\Source\tasks.o
                0x20003c80                pxCurrentTCB
 .bss.pxDelayedTaskList
                0x20003c84        0x4 Middlewares\Third_Party\FreeRTOS\Source\tasks.o
 .bss.pxOverflowDelayedTaskList
                0x20003c88        0x4 Middlewares\Third_Party\FreeRTOS\Source\tasks.o
 .bss.pxReadyTasksLists
                0x20003c8c       0x8c Middlewares\Third_Party\FreeRTOS\Source\tasks.o
 .bss.uxCurrentNumberOfTasks
                0x20003d18        0x4 Middlewares\Third_Party\FreeRTOS\Source\tasks.o
 .bss.uxDeletedTasksWaitingCleanUp
                0x20003d1c        0x4 Middlewares\Third_Party\FreeRTOS\Source\tasks.o
 .bss.uxPendedTicks
                0x20003d20        0x4 Middlewares\Third_Party\FreeRTOS\Source\tasks.o
 .bss.uxSchedulerSuspended
                0x20003d24        0x4 Middlewares\Third_Party\FreeRTOS\Source\tasks.o
 .bss.uxTaskNumber
                0x20003d28        0x4 Middlewares\Third_Party\FreeRTOS\Source\tasks.o
 .bss.uxTopReadyPriority
                0x20003d2c        0x4 Middlewares\Third_Party\FreeRTOS\Source\tasks.o
 .bss.xDelayedTaskList1
                0x20003d30       0x14 Middlewares\Third_Party\FreeRTOS\Source\tasks.o
 .bss.xDelayedTaskList2
                0x20003d44       0x14 Middlewares\Third_Party\FreeRTOS\Source\tasks.o
 .bss.xIdleTaskHandle
                0x20003d58        0x4 Middlewares\Third_Party\FreeRTOS\Source\tasks.o
 .bss.xNextTaskUnblockTime
                0x20003d5c        0x4 Middlewares\Third_Party\FreeRTOS\Source\tasks.o
 .bss.xNumOfOverflows
                0x20003d60        0x4 Middlewares\Third_Party\FreeRTOS\Source\tasks.o
 .bss.xPendingReadyList
                0x20003d64       0x14 Middlewares\Third_Party\FreeRTOS\Source\tasks.o
 .bss.xSchedulerRunning
                0x20003d78        0x4 Middlewares\Third_Party\FreeRTOS\Source\tasks.o
 .bss.xSuspendedTaskList
                0x20003d7c       0x14 Middlewares\Third_Party\FreeRTOS\Source\tasks.o
 .bss.xTasksWaitingTermination
                0x20003d90       0x14 Middlewares\Third_Party\FreeRTOS\Source\tasks.o
 .bss.xTickCount
                0x20003da4        0x4 Middlewares\Third_Party\FreeRTOS\Source\tasks.o
 .bss.xYieldPending
                0x20003da8        0x4 Middlewares\Third_Party\FreeRTOS\Source\tasks.o
 .bss.phi2c     0x20003dac        0x4 Src\Bn0.o
                0x20003dac                phi2c
 .bss.SDQueueID
                0x20003db0        0x4 Src\sd_diskio.o
 *(COMMON)
 COMMON         0x20003db4        0x4 Drivers\STM32F4xx_HAL_Driver\Src\stm32f4xx_hal.o
                0x20003db4                uwTick
 COMMON         0x20003db8       0xc8 Middlewares\Third_Party\FatFs\src\diskio.o
                0x20003db8                hi2c1
                0x20003e0c                hi2c2
                0x20003e60                hrtc
 COMMON         0x20003e80       0x40 Middlewares\Third_Party\FreeRTOS\Source\queue.o
                0x20003e80                xQueueRegistry
 COMMON         0x20003ec0      0x468 Src\SDCard.o
                0x20003ec0                SD_Semaphore
                0x20003ec4                myFatFS
                0x200040f8                fileObj
 COMMON         0x20004328      0x46c Src\fatfs.o
                0x20004328                retSD
                0x20004329                SDPath
                0x20004330                SDFile
                0x20004560                SDFatFS
 COMMON         0x20004794       0xb0 Src\main.o
                0x20004794                defaultTaskHandle
                0x20004798                hsd
                0x2000481c                hcan1
 COMMON         0x20004844       0x3c Src\stm32f4xx_hal_timebase_tim.o
                0x20004844                htim6
                0x20004880                . = ALIGN (0x4)
                0x20004880                _ebss = .
                0x20004880                __bss_end__ = _ebss

._user_heap_stack
                0x20004880     0x6000 load address 0x08008104
                0x20004880                . = ALIGN (0x4)
                [!provide]                PROVIDE (end, .)
                [!provide]                PROVIDE (_end, .)
                0x20006880                . = (. + _Min_Heap_Size)
 *fill*         0x20004880     0x2000 
                0x2000a880                . = (. + _Min_Stack_Size)
 *fill*         0x20006880     0x4000 
                0x2000a880                . = ALIGN (0x4)

/DISCARD/
 libc.a(*)
 libm.a(*)
 libgcc.a(*)

.ARM.attributes
                0x00000000       0x30
 *(.ARM.attributes)
 .ARM.attributes
                0x00000000       0x22 c:/program files (x86)/atollic/truestudio for stm32 9.2.0/armtools/bin/../lib/gcc/arm-atollic-eabi/6.3.1/armv7e-m/fpu/crti.o
 .ARM.attributes
                0x00000022       0x34 c:/program files (x86)/atollic/truestudio for stm32 9.2.0/armtools/bin/../lib/gcc/arm-atollic-eabi/6.3.1/armv7e-m/fpu/crtbegin.o
 .ARM.attributes
                0x00000056       0x39 Drivers\STM32F4xx_HAL_Driver\Src\stm32f4xx_hal.o
 .ARM.attributes
                0x0000008f       0x39 Drivers\STM32F4xx_HAL_Driver\Src\stm32f4xx_hal_can.o
 .ARM.attributes
                0x000000c8       0x39 Drivers\STM32F4xx_HAL_Driver\Src\stm32f4xx_hal_cortex.o
 .ARM.attributes
                0x00000101       0x39 Drivers\STM32F4xx_HAL_Driver\Src\stm32f4xx_hal_dma.o
 .ARM.attributes
                0x0000013a       0x39 Drivers\STM32F4xx_HAL_Driver\Src\stm32f4xx_hal_gpio.o
 .ARM.attributes
                0x00000173       0x39 Drivers\STM32F4xx_HAL_Driver\Src\stm32f4xx_hal_i2c.o
 .ARM.attributes
                0x000001ac       0x39 Drivers\STM32F4xx_HAL_Driver\Src\stm32f4xx_hal_rcc.o
 .ARM.attributes
                0x000001e5       0x39 Drivers\STM32F4xx_HAL_Driver\Src\stm32f4xx_hal_rcc_ex.o
 .ARM.attributes
                0x0000021e       0x39 Drivers\STM32F4xx_HAL_Driver\Src\stm32f4xx_hal_rtc.o
 .ARM.attributes
                0x00000257       0x39 Drivers\STM32F4xx_HAL_Driver\Src\stm32f4xx_hal_rtc_ex.o
 .ARM.attributes
                0x00000290       0x39 Drivers\STM32F4xx_HAL_Driver\Src\stm32f4xx_hal_sd.o
 .ARM.attributes
                0x000002c9       0x39 Drivers\STM32F4xx_HAL_Driver\Src\stm32f4xx_hal_tim.o
 .ARM.attributes
                0x00000302       0x39 Drivers\STM32F4xx_HAL_Driver\Src\stm32f4xx_hal_tim_ex.o
 .ARM.attributes
                0x0000033b       0x39 Drivers\STM32F4xx_HAL_Driver\Src\stm32f4xx_ll_sdmmc.o
 .ARM.attributes
                0x00000374       0x39 Middlewares\Third_Party\FatFs\src\diskio.o
 .ARM.attributes
                0x000003ad       0x39 Middlewares\Third_Party\FatFs\src\ff.o
 .ARM.attributes
                0x000003e6       0x39 Middlewares\Third_Party\FatFs\src\ff_gen_drv.o
 .ARM.attributes
                0x0000041f       0x39 Middlewares\Third_Party\FatFs\src\option\syscall.o
 .ARM.attributes
                0x00000458       0x39 Middlewares\Third_Party\FreeRTOS\Source\CMSIS_RTOS\cmsis_os.o
 .ARM.attributes
                0x00000491       0x39 Middlewares\Third_Party\FreeRTOS\Source\list.o
 .ARM.attributes
                0x000004ca       0x39 Middlewares\Third_Party\FreeRTOS\Source\portable\GCC\ARM_CM4F\port.o
 .ARM.attributes
                0x00000503       0x39 Middlewares\Third_Party\FreeRTOS\Source\portable\MemMang\heap_4.o
 .ARM.attributes
                0x0000053c       0x39 Middlewares\Third_Party\FreeRTOS\Source\queue.o
 .ARM.attributes
                0x00000575       0x39 Middlewares\Third_Party\FreeRTOS\Source\tasks.o
 .ARM.attributes
                0x000005ae       0x39 Src\Bn0.o
 .ARM.attributes
                0x000005e7       0x39 Src\SDCard.o
 .ARM.attributes
                0x00000620       0x39 Src\Satellite.o
 .ARM.attributes
                0x00000659       0x39 Src\bsp_driver_sd.o
 .ARM.attributes
                0x00000692       0x39 Src\fatfs.o
 .ARM.attributes
                0x000006cb       0x39 Src\main.o
 .ARM.attributes
                0x00000704       0x39 Src\sd_diskio.o
 .ARM.attributes
                0x0000073d       0x39 Src\stm32f4xx_hal_msp.o
 .ARM.attributes
                0x00000776       0x39 Src\stm32f4xx_hal_timebase_tim.o
 .ARM.attributes
                0x000007af       0x39 Src\stm32f4xx_it.o
 .ARM.attributes
                0x000007e8       0x39 Src\system_stm32f4xx.o
 .ARM.attributes
                0x00000821       0x21 startup\startup_stm32f446xx.o
 .ARM.attributes
                0x00000842       0x34 c:/program files (x86)/atollic/truestudio for stm32 9.2.0/armtools/bin/../lib/gcc/arm-atollic-eabi/6.3.1/../../../../arm-atollic-eabi/lib/armv7e-m/fpu\libc_nano.a(lib_a-init.o)
 .ARM.attributes
                0x00000876       0x34 c:/program files (x86)/atollic/truestudio for stm32 9.2.0/armtools/bin/../lib/gcc/arm-atollic-eabi/6.3.1/../../../../arm-atollic-eabi/lib/armv7e-m/fpu\libc_nano.a(lib_a-memcpy-stub.o)
 .ARM.attributes
                0x000008aa       0x34 c:/program files (x86)/atollic/truestudio for stm32 9.2.0/armtools/bin/../lib/gcc/arm-atollic-eabi/6.3.1/../../../../arm-atollic-eabi/lib/armv7e-m/fpu\libc_nano.a(lib_a-memset.o)
 .ARM.attributes
                0x000008de       0x22 c:/program files (x86)/atollic/truestudio for stm32 9.2.0/armtools/bin/../lib/gcc/arm-atollic-eabi/6.3.1/armv7e-m/fpu\libgcc.a(_arm_addsubdf3.o)
 .ARM.attributes
                0x00000900       0x22 c:/program files (x86)/atollic/truestudio for stm32 9.2.0/armtools/bin/../lib/gcc/arm-atollic-eabi/6.3.1/armv7e-m/fpu\libgcc.a(_arm_muldivdf3.o)
 .ARM.attributes
                0x00000922       0x22 c:/program files (x86)/atollic/truestudio for stm32 9.2.0/armtools/bin/../lib/gcc/arm-atollic-eabi/6.3.1/armv7e-m/fpu\libgcc.a(_arm_cmpdf2.o)
 .ARM.attributes
                0x00000944       0x22 c:/program files (x86)/atollic/truestudio for stm32 9.2.0/armtools/bin/../lib/gcc/arm-atollic-eabi/6.3.1/armv7e-m/fpu\libgcc.a(_arm_fixdfsi.o)
 .ARM.attributes
                0x00000966       0x22 c:/program files (x86)/atollic/truestudio for stm32 9.2.0/armtools/bin/../lib/gcc/arm-atollic-eabi/6.3.1/armv7e-m/fpu\libgcc.a(_aeabi_uldivmod.o)
 .ARM.attributes
                0x00000988       0x34 c:/program files (x86)/atollic/truestudio for stm32 9.2.0/armtools/bin/../lib/gcc/arm-atollic-eabi/6.3.1/armv7e-m/fpu\libgcc.a(_udivmoddi4.o)
 .ARM.attributes
                0x000009bc       0x22 c:/program files (x86)/atollic/truestudio for stm32 9.2.0/armtools/bin/../lib/gcc/arm-atollic-eabi/6.3.1/armv7e-m/fpu\libgcc.a(_dvmd_tls.o)
 .ARM.attributes
                0x000009de       0x22 c:/program files (x86)/atollic/truestudio for stm32 9.2.0/armtools/bin/../lib/gcc/arm-atollic-eabi/6.3.1/armv7e-m/fpu/crtn.o
OUTPUT(SatelliteMain.elf elf32-littlearm)

.debug_info     0x00000000    0x3da35
 .debug_info    0x00000000     0x123e Drivers\STM32F4xx_HAL_Driver\Src\stm32f4xx_hal.o
 .debug_info    0x0000123e     0x17e0 Drivers\STM32F4xx_HAL_Driver\Src\stm32f4xx_hal_can.o
 .debug_info    0x00002a1e     0x1762 Drivers\STM32F4xx_HAL_Driver\Src\stm32f4xx_hal_cortex.o
 .debug_info    0x00004180     0x125c Drivers\STM32F4xx_HAL_Driver\Src\stm32f4xx_hal_dma.o
 .debug_info    0x000053dc      0xfd6 Drivers\STM32F4xx_HAL_Driver\Src\stm32f4xx_hal_gpio.o
 .debug_info    0x000063b2     0x3799 Drivers\STM32F4xx_HAL_Driver\Src\stm32f4xx_hal_i2c.o
 .debug_info    0x00009b4b     0x12a9 Drivers\STM32F4xx_HAL_Driver\Src\stm32f4xx_hal_rcc.o
 .debug_info    0x0000adf4     0x13fa Drivers\STM32F4xx_HAL_Driver\Src\stm32f4xx_hal_rcc_ex.o
 .debug_info    0x0000c1ee     0x1698 Drivers\STM32F4xx_HAL_Driver\Src\stm32f4xx_hal_rtc.o
 .debug_info    0x0000d886     0x188d Drivers\STM32F4xx_HAL_Driver\Src\stm32f4xx_hal_rtc_ex.o
 .debug_info    0x0000f113     0x2aa1 Drivers\STM32F4xx_HAL_Driver\Src\stm32f4xx_hal_sd.o
 .debug_info    0x00011bb4     0x3ba2 Drivers\STM32F4xx_HAL_Driver\Src\stm32f4xx_hal_tim.o
 .debug_info    0x00015756     0x19a5 Drivers\STM32F4xx_HAL_Driver\Src\stm32f4xx_hal_tim_ex.o
 .debug_info    0x000170fb     0x1ee5 Drivers\STM32F4xx_HAL_Driver\Src\stm32f4xx_ll_sdmmc.o
 .debug_info    0x00018fe0     0x14f2 Middlewares\Third_Party\FatFs\src\diskio.o
 .debug_info    0x0001a4d2     0x5b63 Middlewares\Third_Party\FatFs\src\ff.o
 .debug_info    0x00020035     0x1528 Middlewares\Third_Party\FatFs\src\ff_gen_drv.o
 .debug_info    0x0002155d     0x1386 Middlewares\Third_Party\FatFs\src\option\syscall.o
 .debug_info    0x000228e3     0x2504 Middlewares\Third_Party\FreeRTOS\Source\CMSIS_RTOS\cmsis_os.o
 .debug_info    0x00024de7      0xac0 Middlewares\Third_Party\FreeRTOS\Source\list.o
 .debug_info    0x000258a7      0x531 Middlewares\Third_Party\FreeRTOS\Source\portable\GCC\ARM_CM4F\port.o
 .debug_info    0x00025dd8      0xca5 Middlewares\Third_Party\FreeRTOS\Source\portable\MemMang\heap_4.o
 .debug_info    0x00026a7d     0x1fe1 Middlewares\Third_Party\FreeRTOS\Source\queue.o
 .debug_info    0x00028a5e     0x2997 Middlewares\Third_Party\FreeRTOS\Source\tasks.o
 .debug_info    0x0002b3f5     0x1aac Src\Bn0.o
 .debug_info    0x0002cea1     0x21d5 Src\SDCard.o
 .debug_info    0x0002f076     0x1f95 Src\Satellite.o
 .debug_info    0x0003100b     0x1450 Src\bsp_driver_sd.o
 .debug_info    0x0003245b     0x15ab Src\fatfs.o
 .debug_info    0x00033a06     0x2d18 Src\main.o
 .debug_info    0x0003671e     0x1a27 Src\sd_diskio.o
 .debug_info    0x00038145     0x2295 Src\stm32f4xx_hal_msp.o
 .debug_info    0x0003a3da     0x13f8 Src\stm32f4xx_hal_timebase_tim.o
 .debug_info    0x0003b7d2     0x1489 Src\stm32f4xx_it.o
 .debug_info    0x0003cc5b      0xd50 Src\system_stm32f4xx.o
 .debug_info    0x0003d9ab       0x8a startup\startup_stm32f446xx.o

.debug_abbrev   0x00000000     0x6afb
 .debug_abbrev  0x00000000      0x308 Drivers\STM32F4xx_HAL_Driver\Src\stm32f4xx_hal.o
 .debug_abbrev  0x00000308      0x380 Drivers\STM32F4xx_HAL_Driver\Src\stm32f4xx_hal_can.o
 .debug_abbrev  0x00000688      0x399 Drivers\STM32F4xx_HAL_Driver\Src\stm32f4xx_hal_cortex.o
 .debug_abbrev  0x00000a21      0x34a Drivers\STM32F4xx_HAL_Driver\Src\stm32f4xx_hal_dma.o
 .debug_abbrev  0x00000d6b      0x268 Drivers\STM32F4xx_HAL_Driver\Src\stm32f4xx_hal_gpio.o
 .debug_abbrev  0x00000fd3      0x3b4 Drivers\STM32F4xx_HAL_Driver\Src\stm32f4xx_hal_i2c.o
 .debug_abbrev  0x00001387      0x353 Drivers\STM32F4xx_HAL_Driver\Src\stm32f4xx_hal_rcc.o
 .debug_abbrev  0x000016da      0x295 Drivers\STM32F4xx_HAL_Driver\Src\stm32f4xx_hal_rcc_ex.o
 .debug_abbrev  0x0000196f      0x2d7 Drivers\STM32F4xx_HAL_Driver\Src\stm32f4xx_hal_rtc.o
 .debug_abbrev  0x00001c46      0x2e6 Drivers\STM32F4xx_HAL_Driver\Src\stm32f4xx_hal_rtc_ex.o
 .debug_abbrev  0x00001f2c      0x3bc Drivers\STM32F4xx_HAL_Driver\Src\stm32f4xx_hal_sd.o
 .debug_abbrev  0x000022e8      0x3ac Drivers\STM32F4xx_HAL_Driver\Src\stm32f4xx_hal_tim.o
 .debug_abbrev  0x00002694      0x300 Drivers\STM32F4xx_HAL_Driver\Src\stm32f4xx_hal_tim_ex.o
 .debug_abbrev  0x00002994      0x345 Drivers\STM32F4xx_HAL_Driver\Src\stm32f4xx_ll_sdmmc.o
 .debug_abbrev  0x00002cd9      0x25b Middlewares\Third_Party\FatFs\src\diskio.o
 .debug_abbrev  0x00002f34      0x428 Middlewares\Third_Party\FatFs\src\ff.o
 .debug_abbrev  0x0000335c      0x2b2 Middlewares\Third_Party\FatFs\src\ff_gen_drv.o
 .debug_abbrev  0x0000360e      0x247 Middlewares\Third_Party\FatFs\src\option\syscall.o
 .debug_abbrev  0x00003855      0x450 Middlewares\Third_Party\FreeRTOS\Source\CMSIS_RTOS\cmsis_os.o
 .debug_abbrev  0x00003ca5      0x1e3 Middlewares\Third_Party\FreeRTOS\Source\list.o
 .debug_abbrev  0x00003e88      0x211 Middlewares\Third_Party\FreeRTOS\Source\portable\GCC\ARM_CM4F\port.o
 .debug_abbrev  0x00004099      0x314 Middlewares\Third_Party\FreeRTOS\Source\portable\MemMang\heap_4.o
 .debug_abbrev  0x000043ad      0x3b6 Middlewares\Third_Party\FreeRTOS\Source\queue.o
 .debug_abbrev  0x00004763      0x419 Middlewares\Third_Party\FreeRTOS\Source\tasks.o
 .debug_abbrev  0x00004b7c      0x2bb Src\Bn0.o
 .debug_abbrev  0x00004e37      0x366 Src\SDCard.o
 .debug_abbrev  0x0000519d      0x31a Src\Satellite.o
 .debug_abbrev  0x000054b7      0x355 Src\bsp_driver_sd.o
 .debug_abbrev  0x0000580c      0x222 Src\fatfs.o
 .debug_abbrev  0x00005a2e      0x3d8 Src\main.o
 .debug_abbrev  0x00005e06      0x3a4 Src\sd_diskio.o
 .debug_abbrev  0x000061aa      0x2dd Src\stm32f4xx_hal_msp.o
 .debug_abbrev  0x00006487      0x258 Src\stm32f4xx_hal_timebase_tim.o
 .debug_abbrev  0x000066df      0x240 Src\stm32f4xx_it.o
 .debug_abbrev  0x0000691f      0x1ca Src\system_stm32f4xx.o
 .debug_abbrev  0x00006ae9       0x12 startup\startup_stm32f446xx.o

.debug_loc      0x00000000    0x16d27
 .debug_loc     0x00000000      0x11b Drivers\STM32F4xx_HAL_Driver\Src\stm32f4xx_hal.o
 .debug_loc     0x0000011b      0x938 Drivers\STM32F4xx_HAL_Driver\Src\stm32f4xx_hal_can.o
 .debug_loc     0x00000a53      0x4fb Drivers\STM32F4xx_HAL_Driver\Src\stm32f4xx_hal_cortex.o
 .debug_loc     0x00000f4e      0x727 Drivers\STM32F4xx_HAL_Driver\Src\stm32f4xx_hal_dma.o
 .debug_loc     0x00001675      0x3cd Drivers\STM32F4xx_HAL_Driver\Src\stm32f4xx_hal_gpio.o
 .debug_loc     0x00001a42     0x2bba Drivers\STM32F4xx_HAL_Driver\Src\stm32f4xx_hal_i2c.o
 .debug_loc     0x000045fc      0x336 Drivers\STM32F4xx_HAL_Driver\Src\stm32f4xx_hal_rcc.o
 .debug_loc     0x00004932      0xa31 Drivers\STM32F4xx_HAL_Driver\Src\stm32f4xx_hal_rcc_ex.o
 .debug_loc     0x00005363      0x821 Drivers\STM32F4xx_HAL_Driver\Src\stm32f4xx_hal_rtc.o
 .debug_loc     0x00005b84      0xb6d Drivers\STM32F4xx_HAL_Driver\Src\stm32f4xx_hal_rtc_ex.o
 .debug_loc     0x000066f1     0x1b70 Drivers\STM32F4xx_HAL_Driver\Src\stm32f4xx_hal_sd.o
 .debug_loc     0x00008261     0x30b2 Drivers\STM32F4xx_HAL_Driver\Src\stm32f4xx_hal_tim.o
 .debug_loc     0x0000b313      0x84a Drivers\STM32F4xx_HAL_Driver\Src\stm32f4xx_hal_tim_ex.o
 .debug_loc     0x0000bb5d      0xedf Drivers\STM32F4xx_HAL_Driver\Src\stm32f4xx_ll_sdmmc.o
 .debug_loc     0x0000ca3c      0x1c6 Middlewares\Third_Party\FatFs\src\diskio.o
 .debug_loc     0x0000cc02     0x5313 Middlewares\Third_Party\FatFs\src\ff.o
 .debug_loc     0x00011f15      0x216 Middlewares\Third_Party\FatFs\src\ff_gen_drv.o
 .debug_loc     0x0001212b       0xf5 Middlewares\Third_Party\FatFs\src\option\syscall.o
 .debug_loc     0x00012220     0x1038 Middlewares\Third_Party\FreeRTOS\Source\CMSIS_RTOS\cmsis_os.o
 .debug_loc     0x00013258       0x94 Middlewares\Third_Party\FreeRTOS\Source\list.o
 .debug_loc     0x000132ec       0xcf Middlewares\Third_Party\FreeRTOS\Source\portable\GCC\ARM_CM4F\port.o
 .debug_loc     0x000133bb      0x390 Middlewares\Third_Party\FreeRTOS\Source\portable\MemMang\heap_4.o
 .debug_loc     0x0001374b      0xe2b Middlewares\Third_Party\FreeRTOS\Source\queue.o
 .debug_loc     0x00014576     0x1249 Middlewares\Third_Party\FreeRTOS\Source\tasks.o
 .debug_loc     0x000157bf      0x49c Src\Bn0.o
 .debug_loc     0x00015c5b      0x329 Src\SDCard.o
 .debug_loc     0x00015f84      0x2dc Src\Satellite.o
 .debug_loc     0x00016260      0x41e Src\bsp_driver_sd.o
 .debug_loc     0x0001667e       0x6e Src\main.o
 .debug_loc     0x000166ec      0x351 Src\sd_diskio.o
 .debug_loc     0x00016a3d      0x13a Src\stm32f4xx_hal_msp.o
 .debug_loc     0x00016b77       0x94 Src\stm32f4xx_hal_timebase_tim.o
 .debug_loc     0x00016c0b      0x11c Src\system_stm32f4xx.o

.debug_aranges  0x00000000     0x1828
 .debug_aranges
                0x00000000       0xd8 Drivers\STM32F4xx_HAL_Driver\Src\stm32f4xx_hal.o
 .debug_aranges
                0x000000d8       0xc8 Drivers\STM32F4xx_HAL_Driver\Src\stm32f4xx_hal_can.o
 .debug_aranges
                0x000001a0       0xa8 Drivers\STM32F4xx_HAL_Driver\Src\stm32f4xx_hal_cortex.o
 .debug_aranges
                0x00000248       0x80 Drivers\STM32F4xx_HAL_Driver\Src\stm32f4xx_hal_dma.o
 .debug_aranges
                0x000002c8       0x58 Drivers\STM32F4xx_HAL_Driver\Src\stm32f4xx_hal_gpio.o
 .debug_aranges
                0x00000320      0x190 Drivers\STM32F4xx_HAL_Driver\Src\stm32f4xx_hal_i2c.o
 .debug_aranges
                0x000004b0       0x88 Drivers\STM32F4xx_HAL_Driver\Src\stm32f4xx_hal_rcc.o
 .debug_aranges
                0x00000538       0x78 Drivers\STM32F4xx_HAL_Driver\Src\stm32f4xx_hal_rcc_ex.o
 .debug_aranges
                0x000005b0       0xa8 Drivers\STM32F4xx_HAL_Driver\Src\stm32f4xx_hal_rtc.o
 .debug_aranges
                0x00000658      0x110 Drivers\STM32F4xx_HAL_Driver\Src\stm32f4xx_hal_rtc_ex.o
 .debug_aranges
                0x00000768       0xf8 Drivers\STM32F4xx_HAL_Driver\Src\stm32f4xx_hal_sd.o
 .debug_aranges
                0x00000860      0x250 Drivers\STM32F4xx_HAL_Driver\Src\stm32f4xx_hal_tim.o
 .debug_aranges
                0x00000ab0       0xf0 Drivers\STM32F4xx_HAL_Driver\Src\stm32f4xx_hal_tim_ex.o
 .debug_aranges
                0x00000ba0      0x150 Drivers\STM32F4xx_HAL_Driver\Src\stm32f4xx_ll_sdmmc.o
 .debug_aranges
                0x00000cf0       0x48 Middlewares\Third_Party\FatFs\src\diskio.o
 .debug_aranges
                0x00000d38      0x1c0 Middlewares\Third_Party\FatFs\src\ff.o
 .debug_aranges
                0x00000ef8       0x40 Middlewares\Third_Party\FatFs\src\ff_gen_drv.o
 .debug_aranges
                0x00000f38       0x38 Middlewares\Third_Party\FatFs\src\option\syscall.o
 .debug_aranges
                0x00000f70      0x190 Middlewares\Third_Party\FreeRTOS\Source\CMSIS_RTOS\cmsis_os.o
 .debug_aranges
                0x00001100       0x40 Middlewares\Third_Party\FreeRTOS\Source\list.o
 .debug_aranges
                0x00001140       0x80 Middlewares\Third_Party\FreeRTOS\Source\portable\GCC\ARM_CM4F\port.o
 .debug_aranges
                0x000011c0       0x48 Middlewares\Third_Party\FreeRTOS\Source\portable\MemMang\heap_4.o
 .debug_aranges
                0x00001208       0xc0 Middlewares\Third_Party\FreeRTOS\Source\queue.o
 .debug_aranges
                0x000012c8      0x170 Middlewares\Third_Party\FreeRTOS\Source\tasks.o
 .debug_aranges
                0x00001438       0x90 Src\Bn0.o
 .debug_aranges
                0x000014c8       0x60 Src\SDCard.o
 .debug_aranges
                0x00001528       0x58 Src\Satellite.o
 .debug_aranges
                0x00001580       0xa8 Src\bsp_driver_sd.o
 .debug_aranges
                0x00001628       0x28 Src\fatfs.o
 .debug_aranges
                0x00001650       0x48 Src\main.o
 .debug_aranges
                0x00001698       0x60 Src\sd_diskio.o
 .debug_aranges
                0x000016f8       0x60 Src\stm32f4xx_hal_msp.o
 .debug_aranges
                0x00001758       0x30 Src\stm32f4xx_hal_timebase_tim.o
 .debug_aranges
                0x00001788       0x50 Src\stm32f4xx_it.o
 .debug_aranges
                0x000017d8       0x28 Src\system_stm32f4xx.o
 .debug_aranges
                0x00001800       0x28 startup\startup_stm32f446xx.o

.debug_ranges   0x00000000     0x2308
 .debug_ranges  0x00000000       0xc8 Drivers\STM32F4xx_HAL_Driver\Src\stm32f4xx_hal.o
 .debug_ranges  0x000000c8       0xb8 Drivers\STM32F4xx_HAL_Driver\Src\stm32f4xx_hal_can.o
 .debug_ranges  0x00000180      0x138 Drivers\STM32F4xx_HAL_Driver\Src\stm32f4xx_hal_cortex.o
 .debug_ranges  0x000002b8       0xc8 Drivers\STM32F4xx_HAL_Driver\Src\stm32f4xx_hal_dma.o
 .debug_ranges  0x00000380       0x68 Drivers\STM32F4xx_HAL_Driver\Src\stm32f4xx_hal_gpio.o
 .debug_ranges  0x000003e8      0x358 Drivers\STM32F4xx_HAL_Driver\Src\stm32f4xx_hal_i2c.o
 .debug_ranges  0x00000740       0xb0 Drivers\STM32F4xx_HAL_Driver\Src\stm32f4xx_hal_rcc.o
 .debug_ranges  0x000007f0       0x80 Drivers\STM32F4xx_HAL_Driver\Src\stm32f4xx_hal_rcc_ex.o
 .debug_ranges  0x00000870       0x98 Drivers\STM32F4xx_HAL_Driver\Src\stm32f4xx_hal_rtc.o
 .debug_ranges  0x00000908      0x100 Drivers\STM32F4xx_HAL_Driver\Src\stm32f4xx_hal_rtc_ex.o
 .debug_ranges  0x00000a08      0x1f8 Drivers\STM32F4xx_HAL_Driver\Src\stm32f4xx_hal_sd.o
 .debug_ranges  0x00000c00      0x330 Drivers\STM32F4xx_HAL_Driver\Src\stm32f4xx_hal_tim.o
 .debug_ranges  0x00000f30       0xe0 Drivers\STM32F4xx_HAL_Driver\Src\stm32f4xx_hal_tim_ex.o
 .debug_ranges  0x00001010      0x1b8 Drivers\STM32F4xx_HAL_Driver\Src\stm32f4xx_ll_sdmmc.o
 .debug_ranges  0x000011c8       0x38 Middlewares\Third_Party\FatFs\src\diskio.o
 .debug_ranges  0x00001200      0x480 Middlewares\Third_Party\FatFs\src\ff.o
 .debug_ranges  0x00001680       0x30 Middlewares\Third_Party\FatFs\src\ff_gen_drv.o
 .debug_ranges  0x000016b0       0x28 Middlewares\Third_Party\FatFs\src\option\syscall.o
 .debug_ranges  0x000016d8      0x180 Middlewares\Third_Party\FreeRTOS\Source\CMSIS_RTOS\cmsis_os.o
 .debug_ranges  0x00001858       0x30 Middlewares\Third_Party\FreeRTOS\Source\list.o
 .debug_ranges  0x00001888       0x88 Middlewares\Third_Party\FreeRTOS\Source\portable\GCC\ARM_CM4F\port.o
 .debug_ranges  0x00001910       0x38 Middlewares\Third_Party\FreeRTOS\Source\portable\MemMang\heap_4.o
 .debug_ranges  0x00001948      0x1a0 Middlewares\Third_Party\FreeRTOS\Source\queue.o
 .debug_ranges  0x00001ae8      0x270 Middlewares\Third_Party\FreeRTOS\Source\tasks.o
 .debug_ranges  0x00001d58       0x98 Src\Bn0.o
 .debug_ranges  0x00001df0       0xc8 Src\SDCard.o
 .debug_ranges  0x00001eb8       0x60 Src\Satellite.o
 .debug_ranges  0x00001f18       0x98 Src\bsp_driver_sd.o
 .debug_ranges  0x00001fb0       0x18 Src\fatfs.o
 .debug_ranges  0x00001fc8      0x120 Src\main.o
 .debug_ranges  0x000020e8       0x68 Src\sd_diskio.o
 .debug_ranges  0x00002150      0x100 Src\stm32f4xx_hal_msp.o
 .debug_ranges  0x00002250       0x40 Src\stm32f4xx_hal_timebase_tim.o
 .debug_ranges  0x00002290       0x40 Src\stm32f4xx_it.o
 .debug_ranges  0x000022d0       0x18 Src\system_stm32f4xx.o
 .debug_ranges  0x000022e8       0x20 startup\startup_stm32f446xx.o

.debug_line     0x00000000     0xf49c
 .debug_line    0x00000000      0x492 Drivers\STM32F4xx_HAL_Driver\Src\stm32f4xx_hal.o
 .debug_line    0x00000492      0x716 Drivers\STM32F4xx_HAL_Driver\Src\stm32f4xx_hal_can.o
 .debug_line    0x00000ba8      0x4dc Drivers\STM32F4xx_HAL_Driver\Src\stm32f4xx_hal_cortex.o
 .debug_line    0x00001084      0x5f7 Drivers\STM32F4xx_HAL_Driver\Src\stm32f4xx_hal_dma.o
 .debug_line    0x0000167b      0x475 Drivers\STM32F4xx_HAL_Driver\Src\stm32f4xx_hal_gpio.o
 .debug_line    0x00001af0     0x1887 Drivers\STM32F4xx_HAL_Driver\Src\stm32f4xx_hal_i2c.o
 .debug_line    0x00003377      0x58b Drivers\STM32F4xx_HAL_Driver\Src\stm32f4xx_hal_rcc.o
 .debug_line    0x00003902      0x78a Drivers\STM32F4xx_HAL_Driver\Src\stm32f4xx_hal_rcc_ex.o
 .debug_line    0x0000408c      0x6a1 Drivers\STM32F4xx_HAL_Driver\Src\stm32f4xx_hal_rtc.o
 .debug_line    0x0000472d      0x976 Drivers\STM32F4xx_HAL_Driver\Src\stm32f4xx_hal_rtc_ex.o
 .debug_line    0x000050a3      0xa92 Drivers\STM32F4xx_HAL_Driver\Src\stm32f4xx_hal_sd.o
 .debug_line    0x00005b35     0x117f Drivers\STM32F4xx_HAL_Driver\Src\stm32f4xx_hal_tim.o
 .debug_line    0x00006cb4      0x6cb Drivers\STM32F4xx_HAL_Driver\Src\stm32f4xx_hal_tim_ex.o
 .debug_line    0x0000737f      0x791 Drivers\STM32F4xx_HAL_Driver\Src\stm32f4xx_ll_sdmmc.o
 .debug_line    0x00007b10      0x3d8 Middlewares\Third_Party\FatFs\src\diskio.o
 .debug_line    0x00007ee8     0x14bd Middlewares\Third_Party\FatFs\src\ff.o
 .debug_line    0x000093a5      0x3e0 Middlewares\Third_Party\FatFs\src\ff_gen_drv.o
 .debug_line    0x00009785      0x45a Middlewares\Third_Party\FatFs\src\option\syscall.o
 .debug_line    0x00009bdf      0x8d4 Middlewares\Third_Party\FreeRTOS\Source\CMSIS_RTOS\cmsis_os.o
 .debug_line    0x0000a4b3      0x368 Middlewares\Third_Party\FreeRTOS\Source\list.o
 .debug_line    0x0000a81b      0x349 Middlewares\Third_Party\FreeRTOS\Source\portable\GCC\ARM_CM4F\port.o
 .debug_line    0x0000ab64      0x415 Middlewares\Third_Party\FreeRTOS\Source\portable\MemMang\heap_4.o
 .debug_line    0x0000af79      0x813 Middlewares\Third_Party\FreeRTOS\Source\queue.o
 .debug_line    0x0000b78c      0xb87 Middlewares\Third_Party\FreeRTOS\Source\tasks.o
 .debug_line    0x0000c313      0x487 Src\Bn0.o
 .debug_line    0x0000c79a      0x5c8 Src\SDCard.o
 .debug_line    0x0000cd62      0x554 Src\Satellite.o
 .debug_line    0x0000d2b6      0x3f6 Src\bsp_driver_sd.o
 .debug_line    0x0000d6ac      0x43e Src\fatfs.o
 .debug_line    0x0000daea      0x6b4 Src\main.o
 .debug_line    0x0000e19e      0x50b Src\sd_diskio.o
 .debug_line    0x0000e6a9      0x491 Src\stm32f4xx_hal_msp.o
 .debug_line    0x0000eb3a      0x327 Src\stm32f4xx_hal_timebase_tim.o
 .debug_line    0x0000ee61      0x347 Src\stm32f4xx_it.o
 .debug_line    0x0000f1a8      0x275 Src\system_stm32f4xx.o
 .debug_line    0x0000f41d       0x7f startup\startup_stm32f446xx.o

.debug_str      0x00000000     0x966f
 .debug_str     0x00000000      0xf4d Drivers\STM32F4xx_HAL_Driver\Src\stm32f4xx_hal.o
                               0x1032 (size before relaxing)
 .debug_str     0x00000f4d      0x7a4 Drivers\STM32F4xx_HAL_Driver\Src\stm32f4xx_hal_can.o
                                0xeea (size before relaxing)
 .debug_str     0x000016f1      0x3ba Drivers\STM32F4xx_HAL_Driver\Src\stm32f4xx_hal_cortex.o
                               0x10e4 (size before relaxing)
 .debug_str     0x00001aab      0x4f8 Drivers\STM32F4xx_HAL_Driver\Src\stm32f4xx_hal_dma.o
                                0xbff (size before relaxing)
 .debug_str     0x00001fa3      0x1d1 Drivers\STM32F4xx_HAL_Driver\Src\stm32f4xx_hal_gpio.o
                                0x99e (size before relaxing)
 .debug_str     0x00002174      0xa5a Drivers\STM32F4xx_HAL_Driver\Src\stm32f4xx_hal_i2c.o
                               0x13c4 (size before relaxing)
 .debug_str     0x00002bce      0x2ce Drivers\STM32F4xx_HAL_Driver\Src\stm32f4xx_hal_rcc.o
                                0xb76 (size before relaxing)
 .debug_str     0x00002e9c      0x347 Drivers\STM32F4xx_HAL_Driver\Src\stm32f4xx_hal_rcc_ex.o
                                0xc79 (size before relaxing)