Bn0.c:38:5:bnO_write	40	static
Bn0.c:50:13:bnO_read	32	static
Bn0.c:59:5:bnO_readMulti	40	static
Bn0.c:70:5:bnO_setMode	8	static
Bn0.c:79:5:bnO_setPWRMode	8	static
Bn0.c:13:6:bnO_init	24	static
Bn0.c:88:9:bnO_getTemp	8	static
Bn0.c:94:9:bnO_getStatus	8	static
Bn0.c:101:6:test_i2c	32	static
Bn0.c:109:14:getCalibrationStatus	16	static
Bn0.c:120:8:getAccelVector	72	static
Bn0.c:137:8:getGyroVector	64	static
Bn0.c:152:8:getMagVector	72	static
Bn0.c:166:8:getGravVector	64	static
Bn0.c:180:12:getQuatVector	64	static
