bsp_driver_sd.c:72:9:BSP_SD_Init	16	static
bsp_driver_sd.c:93:9:BSP_SD_ITConfig	0	static
bsp_driver_sd.c:102:6:BSP_SD_DetectIT	0	static
bsp_driver_sd.c:109:13:BSP_SD_DetectCallback	0	static
bsp_driver_sd.c:127:9:BSP_SD_ReadBlocks	16	static
bsp_driver_sd.c:150:9:BSP_SD_WriteBlocks	16	static
bsp_driver_sd.c:172:9:BSP_SD_ReadBlocks_DMA	8	static
bsp_driver_sd.c:195:9:BSP_SD_WriteBlocks_DMA	8	static
bsp_driver_sd.c:217:9:BSP_SD_Erase	8	static
bsp_driver_sd.c:235:6:BSP_SD_IRQHandler	0	static
bsp_driver_sd.c:243:6:BSP_SD_DMA_Tx_IRQHandler	0	static
bsp_driver_sd.c:251:6:BSP_SD_DMA_Rx_IRQHandler	0	static
bsp_driver_sd.c:264:9:BSP_SD_GetCardState	8	static
bsp_driver_sd.c:274:6:BSP_SD_GetCardInfo	0	static
bsp_driver_sd.c:318:13:BSP_SD_AbortCallback	0	static
bsp_driver_sd.c:288:6:HAL_SD_AbortCallback	8	static
bsp_driver_sd.c:327:13:BSP_SD_WriteCpltCallback	0	static
bsp_driver_sd.c:298:6:HAL_SD_TxCpltCallback	8	static
bsp_driver_sd.c:336:13:BSP_SD_ReadCpltCallback	0	static
bsp_driver_sd.c:308:6:HAL_SD_RxCpltCallback	8	static
bsp_driver_sd.c:348:9:BSP_SD_IsDetected	8	static
